Component: ARM Compiler 5.05 update 2 (build 169) Tool: armlink [4d0f33]

==============================================================================

Section Cross References

    usbd_msc_bot.o(i.MSC_BOT_Abort) refers to usbd_conf.o(i.USBD_LL_StallEP) for USBD_LL_StallEP
    usbd_msc_bot.o(i.MSC_BOT_Abort) refers to usbd_conf.o(i.USBD_LL_PrepareReceive) for USBD_LL_PrepareReceive
    usbd_msc_bot.o(i.MSC_BOT_CBW_Decode) refers to usbd_conf.o(i.USBD_LL_GetRxDataSize) for USBD_LL_GetRxDataSize
    usbd_msc_bot.o(i.MSC_BOT_CBW_Decode) refers to usbd_msc_scsi.o(i.SCSI_SenseCode) for SCSI_SenseCode
    usbd_msc_bot.o(i.MSC_BOT_CBW_Decode) refers to usbd_msc_scsi.o(i.SCSI_ProcessCmd) for SCSI_ProcessCmd
    usbd_msc_bot.o(i.MSC_BOT_CBW_Decode) refers to usbd_msc_bot.o(i.MSC_BOT_Abort) for MSC_BOT_Abort
    usbd_msc_bot.o(i.MSC_BOT_CBW_Decode) refers to usbd_conf.o(i.USBD_LL_Transmit) for USBD_LL_Transmit
    usbd_msc_bot.o(i.MSC_BOT_CBW_Decode) refers to usbd_msc_bot.o(i.MSC_BOT_SendCSW) for MSC_BOT_SendCSW
    usbd_msc_bot.o(i.MSC_BOT_CplClrFeature) refers to usbd_msc_bot.o(i.MSC_BOT_SendCSW) for MSC_BOT_SendCSW
    usbd_msc_bot.o(i.MSC_BOT_CplClrFeature) refers to usbd_conf.o(i.USBD_LL_StallEP) for USBD_LL_StallEP
    usbd_msc_bot.o(i.MSC_BOT_DataIn) refers to usbd_msc_scsi.o(i.SCSI_ProcessCmd) for SCSI_ProcessCmd
    usbd_msc_bot.o(i.MSC_BOT_DataIn) refers to usbd_msc_bot.o(i.MSC_BOT_SendCSW) for MSC_BOT_SendCSW
    usbd_msc_bot.o(i.MSC_BOT_DataOut) refers to usbd_msc_scsi.o(i.SCSI_ProcessCmd) for SCSI_ProcessCmd
    usbd_msc_bot.o(i.MSC_BOT_DataOut) refers to usbd_msc_bot.o(i.MSC_BOT_SendCSW) for MSC_BOT_SendCSW
    usbd_msc_bot.o(i.MSC_BOT_DataOut) refers to usbd_msc_bot.o(i.MSC_BOT_CBW_Decode) for MSC_BOT_CBW_Decode
    usbd_msc_bot.o(i.MSC_BOT_Init) refers to usbd_conf.o(i.USBD_LL_FlushEP) for USBD_LL_FlushEP
    usbd_msc_bot.o(i.MSC_BOT_Init) refers to usbd_conf.o(i.USBD_LL_PrepareReceive) for USBD_LL_PrepareReceive
    usbd_msc_bot.o(i.MSC_BOT_Reset) refers to usbd_conf.o(i.USBD_LL_PrepareReceive) for USBD_LL_PrepareReceive
    usbd_msc_bot.o(i.MSC_BOT_SendCSW) refers to usbd_conf.o(i.USBD_LL_Transmit) for USBD_LL_Transmit
    usbd_msc_bot.o(i.MSC_BOT_SendCSW) refers to usbd_conf.o(i.USBD_LL_PrepareReceive) for USBD_LL_PrepareReceive
    usbd_msc_scsi.o(i.SCSI_CheckAddressRange) refers to usbd_msc_scsi.o(i.SCSI_SenseCode) for SCSI_SenseCode
    usbd_msc_scsi.o(i.SCSI_ProcessCmd) refers to usbd_msc_scsi.o(i.SCSI_SenseCode) for SCSI_SenseCode
    usbd_msc_scsi.o(i.SCSI_ProcessCmd) refers to usbd_msc_scsi.o(i.SCSI_ReadFormatCapacity) for SCSI_ReadFormatCapacity
    usbd_msc_scsi.o(i.SCSI_ProcessCmd) refers to usbd_msc_scsi.o(i.SCSI_ReadCapacity10) for SCSI_ReadCapacity10
    usbd_msc_scsi.o(i.SCSI_ProcessCmd) refers to usbd_msc_scsi.o(i.SCSI_Read10) for SCSI_Read10
    usbd_msc_scsi.o(i.SCSI_ProcessCmd) refers to usbd_msc_scsi.o(i.SCSI_Write10) for SCSI_Write10
    usbd_msc_scsi.o(i.SCSI_ProcessCmd) refers to usbd_msc_scsi.o(i.SCSI_CheckAddressRange) for SCSI_CheckAddressRange
    usbd_msc_scsi.o(i.SCSI_ProcessCmd) refers to usbd_msc_data.o(.constdata) for MSC_Page00_Inquiry_Data
    usbd_msc_scsi.o(i.SCSI_ProcessCmd) refers to usbd_msc_data.o(.constdata) for MSC_Mode_Sense6_data
    usbd_msc_scsi.o(i.SCSI_ProcessCmd) refers to usbd_msc_data.o(.constdata) for MSC_Mode_Sense10_data
    usbd_msc_scsi.o(i.SCSI_ProcessRead) refers to usbd_msc_scsi.o(i.SCSI_SenseCode) for SCSI_SenseCode
    usbd_msc_scsi.o(i.SCSI_ProcessRead) refers to usbd_conf.o(i.USBD_LL_Transmit) for USBD_LL_Transmit
    usbd_msc_scsi.o(i.SCSI_ProcessWrite) refers to usbd_msc_scsi.o(i.SCSI_SenseCode) for SCSI_SenseCode
    usbd_msc_scsi.o(i.SCSI_ProcessWrite) refers to usbd_conf.o(i.USBD_LL_PrepareReceive) for USBD_LL_PrepareReceive
    usbd_msc_scsi.o(i.SCSI_ProcessWrite) refers to usbd_msc_bot.o(i.MSC_BOT_SendCSW) for MSC_BOT_SendCSW
    usbd_msc_scsi.o(i.SCSI_Read10) refers to usbd_msc_scsi.o(i.SCSI_SenseCode) for SCSI_SenseCode
    usbd_msc_scsi.o(i.SCSI_Read10) refers to usbd_msc_scsi.o(i.SCSI_CheckAddressRange) for SCSI_CheckAddressRange
    usbd_msc_scsi.o(i.SCSI_Read10) refers to usbd_msc_scsi.o(i.SCSI_ProcessRead) for SCSI_ProcessRead
    usbd_msc_scsi.o(i.SCSI_ReadCapacity10) refers to usbd_msc_scsi.o(i.SCSI_SenseCode) for SCSI_SenseCode
    usbd_msc_scsi.o(i.SCSI_ReadFormatCapacity) refers to usbd_msc_scsi.o(i.SCSI_SenseCode) for SCSI_SenseCode
    usbd_msc_scsi.o(i.SCSI_Write10) refers to usbd_msc_scsi.o(i.SCSI_ProcessWrite) for SCSI_ProcessWrite
    usbd_msc_scsi.o(i.SCSI_Write10) refers to usbd_msc_scsi.o(i.SCSI_SenseCode) for SCSI_SenseCode
    usbd_msc_scsi.o(i.SCSI_Write10) refers to usbd_msc_scsi.o(i.SCSI_CheckAddressRange) for SCSI_CheckAddressRange
    usbd_msc_scsi.o(i.SCSI_Write10) refers to usbd_conf.o(i.USBD_LL_PrepareReceive) for USBD_LL_PrepareReceive
    usbd_msc.o(i.USBD_MSC_DataIn) refers to usbd_msc_bot.o(i.MSC_BOT_DataIn) for MSC_BOT_DataIn
[...]
    init.s                                   0x00000000   Number         0  init.o ABSOLUTE
    startup_stm32f103xe.s                    0x00000000   Number         0  startup_stm32f103xe.o ABSOLUTE
    RESET                                    0x08000000   Section      304  startup_stm32f103xe.o(RESET)
    .ARM.Collect$$$$00000000                 0x08000130   Section        0  entry.o(.ARM.Collect$$$$00000000)
    .ARM.Collect$$$$00000001                 0x08000130   Section        4  entry2.o(.ARM.Collect$$$$00000001)
    .ARM.Collect$$$$00000004                 0x08000134   Section        4  entry5.o(.ARM.Collect$$$$00000004)
    .ARM.Collect$$$$00000008                 0x08000138   Section        0  entry7b.o(.ARM.Collect$$$$00000008)
    .ARM.Collect$$$$0000000A                 0x08000138   Section        0  entry8b.o(.ARM.Collect$$$$0000000A)
    .ARM.Collect$$$$0000000B                 0x08000138   Section        8  entry9a.o(.ARM.Collect$$$$0000000B)
    .ARM.Collect$$$$0000000D                 0x08000140   Section        0  entry10a.o(.ARM.Collect$$$$0000000D)
    .ARM.Collect$$$$0000000F                 0x08000140   Section        0  entry11a.o(.ARM.Collect$$$$0000000F)
    .ARM.Collect$$$$00002712                 0x08000140   Section        4  entry2.o(.ARM.Collect$$$$00002712)
    __lit__00000000                          0x08000140   Data           4  entry2.o(.ARM.Collect$$$$00002712)
    .text                                    0x08000144   Section       36  startup_stm32f103xe.o(.text)
    .text                                    0x08000168   Section        0  memcpya.o(.text)
    .text                                    0x0800018c   Section        0  memseta.o(.text)
    .text                                    0x080001b0   Section       36  init.o(.text)
    i.BusFault_Handler                       0x080001d4   Section        0  stm32f1xx_it.o(i.BusFault_Handler)
    i.DMA2_Channel4_5_IRQHandler             0x080001d8   Section        0  stm32f1xx_it.o(i.DMA2_Channel4_5_IRQHandler)
    i.DMA_SetConfig                          0x08000210   Section        0  stm32f1xx_hal_dma.o(i.DMA_SetConfig)
    DMA_SetConfig                            0x08000211   Thumb Code    30  stm32f1xx_hal_dma.o(i.DMA_SetConfig)
    i.DebugMon_Handler                       0x0800022e   Section        0  stm32f1xx_it.o(i.DebugMon_Handler)
    i.Error_Handler                          0x08000230   Section        0  main.o(i.Error_Handler)
    i.HAL_DMA_Abort                          0x08000234   Section        0  stm32f1xx_hal_dma.o(i.HAL_DMA_Abort)
    i.HAL_DMA_DeInit                         0x0800028c   Section        0  stm32f1xx_hal_dma.o(i.HAL_DMA_DeInit)
    i.HAL_DMA_IRQHandler                     0x08000534   Section        0  stm32f1xx_hal_dma.o(i.HAL_DMA_IRQHandler)
    i.HAL_DMA_Init                           0x080009ec   Section        0  stm32f1xx_hal_dma.o(i.HAL_DMA_Init)
    i.HAL_DMA_Start_IT                       0x08000a3c   Section        0  stm32f1xx_hal_dma.o(i.HAL_DMA_Start_IT)
    i.HAL_Delay                              0x08000a94   Section        0  stm32f1xx_hal.o(i.HAL_Delay)
    i.HAL_GPIO_Init                          0x08000aac   Section        0  stm32f1xx_hal_gpio.o(i.HAL_GPIO_Init)
    i.HAL_GPIO_WritePin                      0x08000c94   Section        0  stm32f1xx_hal_gpio.o(i.HAL_GPIO_WritePin)
    i.HAL_GetTick                            0x08000ca0   Section        0  stm32f1xx_hal.o(i.HAL_GetTick)
    i.HAL_IncTick                            0x08000cac   Section        0  stm32f1xx_hal.o(i.HAL_IncTick)
    i.HAL_Init                               0x08000cbc   Section        0  stm32f1xx_hal.o(i.HAL_Init)
    i.HAL_InitTick                           0x08000ce0   Section        0  stm32f1xx_hal.o(i.HAL_InitTick)
    i.HAL_MspInit                            0x08000d04   Section        0  stm32f1xx_hal_msp.o(i.HAL_MspInit)
    i.HAL_NVIC_EnableIRQ                     0x08000d84   Section        0  stm32f1xx_hal_cortex.o(i.HAL_NVIC_EnableIRQ)
    i.HAL_NVIC_SetPriority                   0x08000d9c   Section        0  stm32f1xx_hal_cortex.o(i.HAL_NVIC_SetPriority)
    i.HAL_NVIC_SetPriorityGrouping           0x08000ddc   Section        0  stm32f1xx_hal_cortex.o(i.HAL_NVIC_SetPriorityGrouping)
    i.HAL_PCDEx_PMAConfig                    0x08000e00   Section        0  stm32f1xx_hal_pcd_ex.o(i.HAL_PCDEx_PMAConfig)
    i.HAL_PCDEx_SetConnectionState           0x08000e34   Section        0  usbd_conf.o(i.HAL_PCDEx_SetConnectionState)
    i.HAL_PCD_DataInStageCallback            0x08000e50   Section        0  usbd_conf.o(i.HAL_PCD_DataInStageCallback)
    i.HAL_PCD_DataOutStageCallback           0x08000e5e   Section        0  usbd_conf.o(i.HAL_PCD_DataOutStageCallback)
    i.HAL_PCD_EP_Close                       0x08000e6e   Section        0  stm32f1xx_hal_pcd.o(i.HAL_PCD_EP_Close)
    i.HAL_PCD_EP_ClrStall                    0x08000eae   Section        0  stm32f1xx_hal_pcd.o(i.HAL_PCD_EP_ClrStall)
    i.HAL_PCD_EP_Flush                       0x08000ef6   Section        0  stm32f1xx_hal_pcd.o(i.HAL_PCD_EP_Flush)
    i.HAL_PCD_EP_GetRxCount                  0x08000f2a   Section        0  stm32f1xx_hal_pcd.o(i.HAL_PCD_EP_GetRxCount)
    i.HAL_PCD_EP_Open                        0x08000f3a   Section        0  stm32f1xx_hal_pcd.o(i.HAL_PCD_EP_Open)
    i.HAL_PCD_EP_Receive                     0x08000f7e   Section        0  stm32f1xx_hal_pcd.o(i.HAL_PCD_EP_Receive)
    i.HAL_PCD_EP_SetStall                    0x08000fbe   Section        0  stm32f1xx_hal_pcd.o(i.HAL_PCD_EP_SetStall)
    i.HAL_PCD_EP_Transmit                    0x08001014   Section        0  stm32f1xx_hal_pcd.o(i.HAL_PCD_EP_Transmit)
    i.HAL_PCD_IRQHandler                     0x08001052   Section        0  stm32f1xx_hal_pcd.o(i.HAL_PCD_IRQHandler)
    i.HAL_PCD_Init                           0x0800115c   Section        0  stm32f1xx_hal_pcd.o(i.HAL_PCD_Init)
    i.HAL_PCD_MspInit                        0x0800121c   Section        0  usbd_conf.o(i.HAL_PCD_MspInit)
    i.HAL_PCD_ResetCallback                  0x08001258   Section        0  usbd_conf.o(i.HAL_PCD_ResetCallback)
    i.HAL_PCD_ResumeCallback                 0x08001272   Section        0  usbd_conf.o(i.HAL_PCD_ResumeCallback)
    i.HAL_PCD_SOFCallback                    0x0800127a   Section        0  usbd_conf.o(i.HAL_PCD_SOFCallback)
    i.HAL_PCD_SetAddress                     0x08001282   Section        0  stm32f1xx_hal_pcd.o(i.HAL_PCD_SetAddress)
    i.HAL_PCD_SetupStageCallback             0x080012aa   Section        0  usbd_conf.o(i.HAL_PCD_SetupStageCallback)
    i.HAL_PCD_Start                          0x080012b8   Section        0  stm32f1xx_hal_pcd.o(i.HAL_PCD_Start)
    i.HAL_PCD_SuspendCallback                0x080012ec   Section        0  usbd_conf.o(i.HAL_PCD_SuspendCallback)
    i.HAL_RCCEx_PeriphCLKConfig              0x08001310   Section        0  stm32f1xx_hal_rcc_ex.o(i.HAL_RCCEx_PeriphCLKConfig)
    i.HAL_RCC_ClockConfig                    0x0800143c   Section        0  stm32f1xx_hal_rcc.o(i.HAL_RCC_ClockConfig)
    i.HAL_RCC_GetHCLKFreq                    0x080015c4   Section        0  stm32f1xx_hal_rcc.o(i.HAL_RCC_GetHCLKFreq)
    i.HAL_RCC_GetSysClockFreq                0x080015d0   Section        0  stm32f1xx_hal_rcc.o(i.HAL_RCC_GetSysClockFreq)
    i.HAL_RCC_OscConfig                      0x08001658   Section        0  stm32f1xx_hal_rcc.o(i.HAL_RCC_OscConfig)
    i.HAL_SD_CheckReadOperation              0x08001bd6   Section        0  stm32f1xx_hal_sd.o(i.HAL_SD_CheckReadOperation)
    i.HAL_SD_CheckWriteOperation             0x08001c34   Section        0  stm32f1xx_hal_sd.o(i.HAL_SD_CheckWriteOperation)
    i.HAL_SD_DMA_RxCpltCallback              0x08001ca0   Section        0  stm32f1xx_hal_sd.o(i.HAL_SD_DMA_RxCpltCallback)
    i.HAL_SD_DMA_RxErrorCallback             0x08001ca2   Section        0  stm32f1xx_hal_sd.o(i.HAL_SD_DMA_RxErrorCallback)
    i.HAL_SD_DMA_TxCpltCallback              0x08001ca4   Section        0  stm32f1xx_hal_sd.o(i.HAL_SD_DMA_TxCpltCallback)
    i.HAL_SD_DMA_TxErrorCallback             0x08001ca6   Section        0  stm32f1xx_hal_sd.o(i.HAL_SD_DMA_TxErrorCallback)
    i.HAL_SD_GetStatus                       0x08001ca8   Section        0  stm32f1xx_hal_sd.o(i.HAL_SD_GetStatus)
    i.HAL_SD_Get_CardInfo                    0x08001cc2   Section        0  stm32f1xx_hal_sd.o(i.HAL_SD_Get_CardInfo)
    i.HAL_SD_IRQHandler                      0x08001f7a   Section        0  stm32f1xx_hal_sd.o(i.HAL_SD_IRQHandler)
    i.HAL_SD_Init                            0x08001ff6   Section        0  stm32f1xx_hal_sd.o(i.HAL_SD_Init)
    i.HAL_SD_MspInit                         0x080020b4   Section        0  sdio.o(i.HAL_SD_MspInit)
    i.HAL_SD_ReadBlocks_DMA                  0x08002154   Section        0  stm32f1xx_hal_sd.o(i.HAL_SD_ReadBlocks_DMA)
    i.HAL_SD_StopTransfer                    0x08002254   Section        0  stm32f1xx_hal_sd.o(i.HAL_SD_StopTransfer)
    i.HAL_SD_WideBusOperation_Config         0x08002288   Section        0  stm32f1xx_hal_sd.o(i.HAL_SD_WideBusOperation_Config)
    i.HAL_SD_WriteBlocks_DMA                 0x08002308   Section        0  stm32f1xx_hal_sd.o(i.HAL_SD_WriteBlocks_DMA)
    i.HAL_SD_XferCpltCallback                0x0800240c   Section        0  stm32f1xx_hal_sd.o(i.HAL_SD_XferCpltCallback)
    i.HAL_SD_XferErrorCallback               0x0800240e   Section        0  stm32f1xx_hal_sd.o(i.HAL_SD_XferErrorCallback)
    i.HAL_SYSTICK_CLKSourceConfig            0x08002410   Section        0  stm32f1xx_hal_cortex.o(i.HAL_SYSTICK_CLKSourceConfig)
    i.HAL_SYSTICK_Callback                   0x08002428   Section        0  stm32f1xx_hal_cortex.o(i.HAL_SYSTICK_Callback)
    i.HAL_SYSTICK_Config                     0x0800242a   Section        0  stm32f1xx_hal_cortex.o(i.HAL_SYSTICK_Config)
    i.HAL_SYSTICK_IRQHandler                 0x08002452   Section        0  stm32f1xx_hal_cortex.o(i.HAL_SYSTICK_IRQHandler)
    i.HardFault_Handler                      0x0800245a   Section        0  stm32f1xx_it.o(i.HardFault_Handler)
    i.MSC_BOT_Abort                          0x0800245c   Section        0  usbd_msc_bot.o(i.MSC_BOT_Abort)
    MSC_BOT_Abort                            0x0800245d   Thumb Code    66  usbd_msc_bot.o(i.MSC_BOT_Abort)
    i.MSC_BOT_CBW_Decode                     0x080024a0   Section        0  usbd_msc_bot.o(i.MSC_BOT_CBW_Decode)
    MSC_BOT_CBW_Decode                       0x080024a1   Thumb Code   198  usbd_msc_bot.o(i.MSC_BOT_CBW_Decode)
    i.MSC_BOT_CplClrFeature                  0x0800256c   Section        0  usbd_msc_bot.o(i.MSC_BOT_CplClrFeature)
    i.MSC_BOT_DataIn                         0x08002596   Section        0  usbd_msc_bot.o(i.MSC_BOT_DataIn)
    i.MSC_BOT_DataOut                        0x080025d0   Section        0  usbd_msc_bot.o(i.MSC_BOT_DataOut)
    i.MSC_BOT_DeInit                         0x0800260a   Section        0  usbd_msc_bot.o(i.MSC_BOT_DeInit)
    i.MSC_BOT_Init                           0x08002614   Section        0  usbd_msc_bot.o(i.MSC_BOT_Init)
    i.MSC_BOT_Reset                          0x08002656   Section        0  usbd_msc_bot.o(i.MSC_BOT_Reset)
    i.MSC_BOT_SendCSW                        0x0800266c   Section        0  usbd_msc_bot.o(i.MSC_BOT_SendCSW)
    i.MX_DMA_Init                            0x080026a8   Section        0  dma.o(i.MX_DMA_Init)
    i.MX_GPIO_Init                           0x080026d4   Section        0  gpio.o(i.MX_GPIO_Init)
    i.MX_SDIO_SD_Init                        0x08002710   Section        0  sdio.o(i.MX_SDIO_SD_Init)
    i.MX_USB_DEVICE_Init                     0x0800274c   Section        0  usb_device.o(i.MX_USB_DEVICE_Init)
    i.MemManage_Handler                      0x08002784   Section        0  stm32f1xx_it.o(i.MemManage_Handler)
    i.NMI_Handler                            0x08002786   Section        0  stm32f1xx_it.o(i.NMI_Handler)
    i.NVIC_SetPriority                       0x08002788   Section        0  stm32f1xx_hal_cortex.o(i.NVIC_SetPriority)
    NVIC_SetPriority                         0x08002789   Thumb Code    32  stm32f1xx_hal_cortex.o(i.NVIC_SetPriority)
    i.PCD_EP_ISR_Handler                     0x080027a8   Section        0  stm32f1xx_hal_pcd.o(i.PCD_EP_ISR_Handler)
    PCD_EP_ISR_Handler                       0x080027a9   Thumb Code   866  stm32f1xx_hal_pcd.o(i.PCD_EP_ISR_Handler)
    i.PendSV_Handler                         0x08002b0a   Section        0  stm32f1xx_it.o(i.PendSV_Handler)
    i.SCSI_CheckAddressRange                 0x08002b0c   Section        0  usbd_msc_scsi.o(i.SCSI_CheckAddressRange)
    SCSI_CheckAddressRange                   0x08002b0d   Thumb Code    34  usbd_msc_scsi.o(i.SCSI_CheckAddressRange)
    i.SCSI_ProcessCmd                        0x08002b30   Section        0  usbd_msc_scsi.o(i.SCSI_ProcessCmd)
    i.SCSI_ProcessRead                       0x08002cfc   Section        0  usbd_msc_scsi.o(i.SCSI_ProcessRead)
    SCSI_ProcessRead                         0x08002cfd   Thumb Code   140  usbd_msc_scsi.o(i.SCSI_ProcessRead)
    i.SCSI_ProcessWrite                      0x08002d88   Section        0  usbd_msc_scsi.o(i.SCSI_ProcessWrite)
    SCSI_ProcessWrite                        0x08002d89   Thumb Code   152  usbd_msc_scsi.o(i.SCSI_ProcessWrite)
    i.SCSI_Read10                            0x08002e20   Section        0  usbd_msc_scsi.o(i.SCSI_Read10)
    SCSI_Read10                              0x08002e21   Thumb Code   170  usbd_msc_scsi.o(i.SCSI_Read10)
    i.SCSI_ReadCapacity10                    0x08002eca   Section        0  usbd_msc_scsi.o(i.SCSI_ReadCapacity10)
    SCSI_ReadCapacity10                      0x08002ecb   Thumb Code    86  usbd_msc_scsi.o(i.SCSI_ReadCapacity10)
    i.SCSI_ReadFormatCapacity                0x08002f20   Section        0  usbd_msc_scsi.o(i.SCSI_ReadFormatCapacity)
    SCSI_ReadFormatCapacity                  0x08002f21   Thumb Code   110  usbd_msc_scsi.o(i.SCSI_ReadFormatCapacity)
    i.SCSI_SenseCode                         0x08002f8e   Section        0  usbd_msc_scsi.o(i.SCSI_SenseCode)
    i.SCSI_Write10                           0x08002fc4   Section        0  usbd_msc_scsi.o(i.SCSI_Write10)
    SCSI_Write10                             0x08002fc5   Thumb Code   202  usbd_msc_scsi.o(i.SCSI_Write10)
    i.SDIO_DataConfig                        0x0800308e   Section        0  stm32f1xx_ll_sdmmc.o(i.SDIO_DataConfig)
    i.SDIO_GetCommandResponse                0x080030b2   Section        0  stm32f1xx_ll_sdmmc.o(i.SDIO_GetCommandResponse)
    i.SDIO_GetPowerState                     0x080030b8   Section        0  stm32f1xx_ll_sdmmc.o(i.SDIO_GetPowerState)
    i.SDIO_GetResponse                       0x080030c0   Section        0  stm32f1xx_ll_sdmmc.o(i.SDIO_GetResponse)
    i.SDIO_IRQHandler                        0x080030d0   Section        0  stm32f1xx_it.o(i.SDIO_IRQHandler)
    i.SDIO_Init                              0x080030dc   Section        0  stm32f1xx_ll_sdmmc.o(i.SDIO_Init)
    i.SDIO_PowerState_ON                     0x08003100   Section        0  stm32f1xx_ll_sdmmc.o(i.SDIO_PowerState_ON)
    i.SDIO_ReadFIFO                          0x08003108   Section        0  stm32f1xx_ll_sdmmc.o(i.SDIO_ReadFIFO)
    i.SDIO_SendCommand                       0x0800310e   Section        0  stm32f1xx_ll_sdmmc.o(i.SDIO_SendCommand)
    i.SD_CmdResp1Error                       0x08003130   Section        0  stm32f1xx_hal_sd.o(i.SD_CmdResp1Error)
    SD_CmdResp1Error                         0x08003131   Thumb Code   232  stm32f1xx_hal_sd.o(i.SD_CmdResp1Error)
    i.SD_CmdResp2Error                       0x0800321c   Section        0  stm32f1xx_hal_sd.o(i.SD_CmdResp2Error)
    SD_CmdResp2Error                         0x0800321d   Thumb Code    46  stm32f1xx_hal_sd.o(i.SD_CmdResp2Error)
    i.SD_CmdResp6Error                       0x0800324a   Section        0  stm32f1xx_hal_sd.o(i.SD_CmdResp6Error)
    SD_CmdResp6Error                         0x0800324b   Thumb Code   116  stm32f1xx_hal_sd.o(i.SD_CmdResp6Error)
    i.SD_CmdResp7Error                       0x080032be   Section        0  stm32f1xx_hal_sd.o(i.SD_CmdResp7Error)
    SD_CmdResp7Error                         0x080032bf   Thumb Code    64  stm32f1xx_hal_sd.o(i.SD_CmdResp7Error)
    i.SD_DMAConfigRx                         0x08003300   Section        0  sdio.o(i.SD_DMAConfigRx)
    i.SD_DMAConfigTx                         0x0800335c   Section        0  sdio.o(i.SD_DMAConfigTx)
    i.SD_DMA_RxCplt                          0x080033bc   Section        0  stm32f1xx_hal_sd.o(i.SD_DMA_RxCplt)
    SD_DMA_RxCplt                            0x080033bd   Thumb Code    22  stm32f1xx_hal_sd.o(i.SD_DMA_RxCplt)
    i.SD_DMA_RxError                         0x080033d2   Section        0  stm32f1xx_hal_sd.o(i.SD_DMA_RxError)
    SD_DMA_RxError                           0x080033d3   Thumb Code    12  stm32f1xx_hal_sd.o(i.SD_DMA_RxError)
    i.SD_DMA_TxCplt                          0x080033de   Section        0  stm32f1xx_hal_sd.o(i.SD_DMA_TxCplt)
    SD_DMA_TxCplt                            0x080033df   Thumb Code    22  stm32f1xx_hal_sd.o(i.SD_DMA_TxCplt)
    i.SD_DMA_TxError                         0x080033f4   Section        0  stm32f1xx_hal_sd.o(i.SD_DMA_TxError)
    SD_DMA_TxError                           0x080033f5   Thumb Code    12  stm32f1xx_hal_sd.o(i.SD_DMA_TxError)
    i.SD_FindSCR                             0x08003400   Section        0  stm32f1xx_hal_sd.o(i.SD_FindSCR)
    SD_FindSCR                               0x08003401   Thumb Code   282  stm32f1xx_hal_sd.o(i.SD_FindSCR)
    i.SD_GetState                            0x0800351a   Section        0  stm32f1xx_hal_sd.o(i.SD_GetState)
    SD_GetState                              0x0800351b   Thumb Code    74  stm32f1xx_hal_sd.o(i.SD_GetState)
    i.SD_Initialize_Cards                    0x08003564   Section        0  stm32f1xx_hal_sd.o(i.SD_Initialize_Cards)
    SD_Initialize_Cards                      0x08003565   Thumb Code   250  stm32f1xx_hal_sd.o(i.SD_Initialize_Cards)
    i.SD_PowerON                             0x08003660   Section        0  stm32f1xx_hal_sd.o(i.SD_PowerON)
    SD_PowerON                               0x08003661   Thumb Code   392  stm32f1xx_hal_sd.o(i.SD_PowerON)
    i.SD_WideBus_Disable                     0x080037ec   Section        0  stm32f1xx_hal_sd.o(i.SD_WideBus_Disable)
    SD_WideBus_Disable                       0x080037ed   Thumb Code   124  stm32f1xx_hal_sd.o(i.SD_WideBus_Disable)
    i.SD_WideBus_Enable                      0x08003868   Section        0  stm32f1xx_hal_sd.o(i.SD_WideBus_Enable)
    SD_WideBus_Enable                        0x08003869   Thumb Code   126  stm32f1xx_hal_sd.o(i.SD_WideBus_Enable)
    i.STORAGE_GetCapacity_FS                 0x080038e8   Section        0  usbd_storage_if.o(i.STORAGE_GetCapacity_FS)
    STORAGE_GetCapacity_FS                   0x080038e9   Thumb Code    42  usbd_storage_if.o(i.STORAGE_GetCapacity_FS)
    i.STORAGE_GetMaxLun_FS                   0x08003918   Section        0  usbd_storage_if.o(i.STORAGE_GetMaxLun_FS)
    STORAGE_GetMaxLun_FS                     0x08003919   Thumb Code     4  usbd_storage_if.o(i.STORAGE_GetMaxLun_FS)
    i.STORAGE_Init_FS                        0x0800391c   Section        0  usbd_storage_if.o(i.STORAGE_Init_FS)
    STORAGE_Init_FS                          0x0800391d   Thumb Code    14  usbd_storage_if.o(i.STORAGE_Init_FS)
    i.STORAGE_IsReady_FS                     0x08003934   Section        0  usbd_storage_if.o(i.STORAGE_IsReady_FS)
    STORAGE_IsReady_FS                       0x08003935   Thumb Code     4  usbd_storage_if.o(i.STORAGE_IsReady_FS)
    i.STORAGE_IsWriteProtected_FS            0x08003938   Section        0  usbd_storage_if.o(i.STORAGE_IsWriteProtected_FS)
    STORAGE_IsWriteProtected_FS              0x08003939   Thumb Code     4  usbd_storage_if.o(i.STORAGE_IsWriteProtected_FS)
    i.STORAGE_Read_FS                        0x0800393c   Section        0  usbd_storage_if.o(i.STORAGE_Read_FS)
    STORAGE_Read_FS                          0x0800393d   Thumb Code    48  usbd_storage_if.o(i.STORAGE_Read_FS)
    i.STORAGE_Write_FS                       0x08003974   Section        0  usbd_storage_if.o(i.STORAGE_Write_FS)
    STORAGE_Write_FS                         0x08003975   Thumb Code    58  usbd_storage_if.o(i.STORAGE_Write_FS)
    i.SVC_Handler                            0x080039b8   Section        0  stm32f1xx_it.o(i.SVC_Handler)
    i.SysTick_Handler                        0x080039ba   Section        0  stm32f1xx_it.o(i.SysTick_Handler)
    i.SystemClock_Config                     0x080039c8   Section        0  main.o(i.SystemClock_Config)
    i.SystemInit                             0x08003a40   Section        0  system_stm32f1xx.o(i.SystemInit)
    i.USBD_ClrClassConfig                    0x08003a88   Section        0  usbd_core.o(i.USBD_ClrClassConfig)
    i.USBD_CtlContinueRx                     0x08003a96   Section        0  usbd_ioreq.o(i.USBD_CtlContinueRx)
    i.USBD_CtlContinueSendData               0x08003aa6   Section        0  usbd_ioreq.o(i.USBD_CtlContinueSendData)
    i.USBD_CtlError                          0x08003ab6   Section        0  usbd_ctlreq.o(i.USBD_CtlError)
    i.USBD_CtlReceiveStatus                  0x08003acc   Section        0  usbd_ioreq.o(i.USBD_CtlReceiveStatus)
    i.USBD_CtlSendData                       0x08003ae2   Section        0  usbd_ioreq.o(i.USBD_CtlSendData)
    i.USBD_CtlSendStatus                     0x08003afc   Section        0  usbd_ioreq.o(i.USBD_CtlSendStatus)
    i.USBD_FS_ConfigStrDescriptor            0x08003b14   Section        0  usbd_desc.o(i.USBD_FS_ConfigStrDescriptor)
    i.USBD_FS_DeviceDescriptor               0x08003b34   Section        0  usbd_desc.o(i.USBD_FS_DeviceDescriptor)
    i.USBD_FS_InterfaceStrDescriptor         0x08003b40   Section        0  usbd_desc.o(i.USBD_FS_InterfaceStrDescriptor)
    i.USBD_FS_LangIDStrDescriptor            0x08003b64   Section        0  usbd_desc.o(i.USBD_FS_LangIDStrDescriptor)
    i.USBD_FS_ManufacturerStrDescriptor      0x08003b70   Section        0  usbd_desc.o(i.USBD_FS_ManufacturerStrDescriptor)
    i.USBD_FS_ProductStrDescriptor           0x08003b98   Section        0  usbd_desc.o(i.USBD_FS_ProductStrDescriptor)
    i.USBD_FS_SerialStrDescriptor            0x08003bc0   Section        0  usbd_desc.o(i.USBD_FS_SerialStrDescriptor)
    i.USBD_GetDescriptor                     0x08003be4   Section        0  usbd_ctlreq.o(i.USBD_GetDescriptor)
    USBD_GetDescriptor                       0x08003be5   Thumb Code   224  usbd_ctlreq.o(i.USBD_GetDescriptor)
    i.USBD_GetString                         0x08003cc4   Section        0  usbd_ctlreq.o(i.USBD_GetString)
    i.USBD_Init                              0x08003d0a   Section        0  usbd_core.o(i.USBD_Init)
    i.USBD_LL_ClearStallEP                   0x08003d34   Section        0  usbd_conf.o(i.USBD_LL_ClearStallEP)
    i.USBD_LL_CloseEP                        0x08003d54   Section        0  usbd_conf.o(i.USBD_LL_CloseEP)
    i.USBD_LL_DataInStage                    0x08003d74   Section        0  usbd_core.o(i.USBD_LL_DataInStage)
    i.USBD_LL_DataOutStage                   0x08003e1e   Section        0  usbd_core.o(i.USBD_LL_DataOutStage)
    i.USBD_LL_FlushEP                        0x08003e88   Section        0  usbd_conf.o(i.USBD_LL_FlushEP)
    i.USBD_LL_GetRxDataSize                  0x08003ea8   Section        0  usbd_conf.o(i.USBD_LL_GetRxDataSize)
    i.USBD_LL_Init                           0x08003eb0   Section        0  usbd_conf.o(i.USBD_LL_Init)
    i.USBD_LL_IsStallEP                      0x08003f24   Section        0  usbd_conf.o(i.USBD_LL_IsStallEP)
    i.USBD_LL_OpenEP                         0x08003f40   Section        0  usbd_conf.o(i.USBD_LL_OpenEP)
    i.USBD_LL_PrepareReceive                 0x08003f66   Section        0  usbd_conf.o(i.USBD_LL_PrepareReceive)
    i.USBD_LL_Reset                          0x08003f86   Section        0  usbd_core.o(i.USBD_LL_Reset)
    i.USBD_LL_Resume                         0x08003fc4   Section        0  usbd_core.o(i.USBD_LL_Resume)
    i.USBD_LL_SOF                            0x08003fd0   Section        0  usbd_core.o(i.USBD_LL_SOF)
    i.USBD_LL_SetSpeed                       0x08003fe8   Section        0  usbd_core.o(i.USBD_LL_SetSpeed)
    i.USBD_LL_SetUSBAddress                  0x08003fee   Section        0  usbd_conf.o(i.USBD_LL_SetUSBAddress)
    i.USBD_LL_SetupStage                     0x0800400e   Section        0  usbd_core.o(i.USBD_LL_SetupStage)
    i.USBD_LL_StallEP                        0x08004068   Section        0  usbd_conf.o(i.USBD_LL_StallEP)
    i.USBD_LL_Start                          0x08004088   Section        0  usbd_conf.o(i.USBD_LL_Start)
    i.USBD_LL_Suspend                        0x080040a8   Section        0  usbd_core.o(i.USBD_LL_Suspend)
    i.USBD_LL_Transmit                       0x080040ba   Section        0  usbd_conf.o(i.USBD_LL_Transmit)
    i.USBD_MSC_DataIn                        0x080040da   Section        0  usbd_msc.o(i.USBD_MSC_DataIn)
    i.USBD_MSC_DataOut                       0x080040e4   Section        0  usbd_msc.o(i.USBD_MSC_DataOut)
    i.USBD_MSC_DeInit                        0x080040ee   Section        0  usbd_msc.o(i.USBD_MSC_DeInit)
    i.USBD_MSC_GetDeviceQualifierDescriptor  0x0800411c   Section        0  usbd_msc.o(i.USBD_MSC_GetDeviceQualifierDescriptor)
    i.USBD_MSC_GetFSCfgDesc                  0x08004128   Section        0  usbd_msc.o(i.USBD_MSC_GetFSCfgDesc)
    i.USBD_MSC_GetHSCfgDesc                  0x08004134   Section        0  usbd_msc.o(i.USBD_MSC_GetHSCfgDesc)
    i.USBD_MSC_GetOtherSpeedCfgDesc          0x08004140   Section        0  usbd_msc.o(i.USBD_MSC_GetOtherSpeedCfgDesc)
    i.USBD_MSC_Init                          0x0800414c   Section        0  usbd_msc.o(i.USBD_MSC_Init)
    i.USBD_MSC_RegisterStorage               0x0800419e   Section        0  usbd_msc.o(i.USBD_MSC_RegisterStorage)
    i.USBD_MSC_Setup                         0x080041a8   Section        0  usbd_msc.o(i.USBD_MSC_Setup)
    i.USBD_ParseSetupRequest                 0x0800426a   Section        0  usbd_ctlreq.o(i.USBD_ParseSetupRequest)
    i.USBD_RegisterClass                     0x08004292   Section        0  usbd_core.o(i.USBD_RegisterClass)
    i.USBD_SetClassConfig                    0x080042a2   Section        0  usbd_core.o(i.USBD_SetClassConfig)
    i.USBD_SetConfig                         0x080042b8   Section        0  usbd_ctlreq.o(i.USBD_SetConfig)
    USBD_SetConfig                           0x080042b9   Thumb Code   110  usbd_ctlreq.o(i.USBD_SetConfig)
    i.USBD_Start                             0x0800432c   Section        0  usbd_core.o(i.USBD_Start)
    i.USBD_StdDevReq                         0x08004336   Section        0  usbd_ctlreq.o(i.USBD_StdDevReq)
    i.USBD_StdEPReq                          0x08004428   Section        0  usbd_ctlreq.o(i.USBD_StdEPReq)
    i.USBD_StdItfReq                         0x08004504   Section        0  usbd_ctlreq.o(i.USBD_StdItfReq)
    i.USBD_static_free                       0x08004538   Section        0  usbd_conf.o(i.USBD_static_free)
    i.USBD_static_malloc                     0x0800453c   Section        0  usbd_conf.o(i.USBD_static_malloc)
    i.USB_ActivateEndpoint                   0x08004544   Section        0  stm32f1xx_ll_usb.o(i.USB_ActivateEndpoint)
    i.USB_CoreInit                           0x080047a0   Section        0  stm32f1xx_ll_usb.o(i.USB_CoreInit)
    i.USB_DeactivateEndpoint                 0x080047a4   Section        0  stm32f1xx_ll_usb.o(i.USB_DeactivateEndpoint)
    i.USB_DevConnect                         0x080048c8   Section        0  stm32f1xx_ll_usb.o(i.USB_DevConnect)
    i.USB_DevDisconnect                      0x080048cc   Section        0  stm32f1xx_ll_usb.o(i.USB_DevDisconnect)
    i.USB_DevInit                            0x080048d0   Section        0  stm32f1xx_ll_usb.o(i.USB_DevInit)
    i.USB_DisableGlobalInt                   0x080048e2   Section        0  stm32f1xx_ll_usb.o(i.USB_DisableGlobalInt)
    i.USB_EP0_OutStart                       0x080048f0   Section        0  stm32f1xx_ll_usb.o(i.USB_EP0_OutStart)
    i.USB_EPClearStall                       0x080048f4   Section        0  stm32f1xx_ll_usb.o(i.USB_EPClearStall)
    i.USB_EPSetStall                         0x0800495e   Section        0  stm32f1xx_ll_usb.o(i.USB_EPSetStall)
    i.USB_EPStartXfer                        0x080049a8   Section        0  stm32f1xx_ll_usb.o(i.USB_EPStartXfer)
    i.USB_EnableGlobalInt                    0x08004b52   Section        0  stm32f1xx_ll_usb.o(i.USB_EnableGlobalInt)
    i.USB_FlushRxFifo                        0x08004b60   Section        0  stm32f1xx_ll_usb.o(i.USB_FlushRxFifo)
    i.USB_FlushTxFifo                        0x08004b64   Section        0  stm32f1xx_ll_usb.o(i.USB_FlushTxFifo)
    i.USB_LP_CAN1_RX0_IRQHandler             0x08004b68   Section        0  stm32f1xx_it.o(i.USB_LP_CAN1_RX0_IRQHandler)
    i.USB_ReadInterrupts                     0x08004b74   Section        0  stm32f1xx_ll_usb.o(i.USB_ReadInterrupts)
    i.USB_ReadPMA                            0x08004b7c   Section        0  stm32f1xx_ll_usb.o(i.USB_ReadPMA)
    i.USB_SetCurrentMode                     0x08004b9a   Section        0  stm32f1xx_ll_usb.o(i.USB_SetCurrentMode)
    i.USB_SetDevAddress                      0x08004b9e   Section        0  stm32f1xx_ll_usb.o(i.USB_SetDevAddress)
    i.USB_WritePMA                           0x08004baa   Section        0  stm32f1xx_ll_usb.o(i.USB_WritePMA)
    i.UsageFault_Handler                     0x08004bd0   Section        0  stm32f1xx_it.o(i.UsageFault_Handler)
    i.__scatterload_copy                     0x08004bd2   Section       14  handlers.o(i.__scatterload_copy)
    i.__scatterload_null                     0x08004be0   Section        2  handlers.o(i.__scatterload_null)
    i.__scatterload_zeroinit                 0x08004be2   Section       14  handlers.o(i.__scatterload_zeroinit)
    i.main                                   0x08004bf0   Section        0  main.o(i.main)
    .constdata                               0x08004c0a   Section        7  usbd_msc_data.o(.constdata)
    .constdata                               0x08004c11   Section        8  usbd_msc_data.o(.constdata)
    .constdata                               0x08004c19   Section        8  usbd_msc_data.o(.constdata)
    .constdata                               0x08004c21   Section       16  system_stm32f1xx.o(.constdata)
    .constdata                               0x08004c31   Section       36  usbd_storage_if.o(.constdata)
    .data                                    0x20000000   Section       56  usbd_msc.o(.data)
    .data                                    0x20000038   Section      106  usbd_msc.o(.data)
    .data                                    0x200000a2   Section        1  usbd_ctlreq.o(.data)
    cfgidx                                   0x200000a2   Data           1  usbd_ctlreq.o(.data)
    .data                                    0x200000a4   Section        4  system_stm32f1xx.o(.data)
    .data                                    0x200000a8   Section       32  usbd_storage_if.o(.data)
    .data                                    0x200000c8   Section       28  usbd_desc.o(.data)
    .data                                    0x200000e4   Section       22  usbd_desc.o(.data)
    .data                                    0x200000fc   Section        4  stm32f1xx_hal.o(.data)
    uwTick                                   0x200000fc   Data           4  stm32f1xx_hal.o(.data)
    .bss                                     0x20000100   Section      352  sdio.o(.bss)
    hdma_rx                                  0x20000100   Data          56  sdio.o(.bss)
    hdma_tx                                  0x20000138   Data          56  sdio.o(.bss)
    .bss                                     0x20000260   Section     1680  usbd_conf.o(.bss)
    mem                                      0x20000260   Data         624  usbd_conf.o(.bss)
    .bss                                     0x200008f0   Section      512  usbd_desc.o(.bss)
    .bss                                     0x20000af0   Section      548  usb_device.o(.bss)
    STACK                                    0x20000d18   Section     8192  startup_stm32f103xe.o(STACK)

    Global Symbols

    Symbol Name                              Value     Ov Type        Size  Object(Section)

    BuildAttributes$$THM_ISAv4$P$D$K$B$S$PE$A:L22UL41UL21$X:L11$S22US41US21$IEEE1$IW$USESV6$~STKCKD$USESV7$~SHL$OSPACE$EBA8$MICROLIB$REQ8$PRES8$EABIv2 0x00000000   Number         0  anon$$obj.o ABSOLUTE
    __ARM_use_no_argv                        0x00000000   Number         0  main.o ABSOLUTE
    __cpp_initialize__aeabi_                  - Undefined Weak Reference
    __cxa_finalize                            - Undefined Weak Reference
    __decompress                              - Undefined Weak Reference
    _clock_init                               - Undefined Weak Reference
    _microlib_exit                            - Undefined Weak Reference
    __Vectors_Size                           0x00000130   Number         0  startup_stm32f103xe.o ABSOLUTE
    __Vectors                                0x08000000   Data           4  startup_stm32f103xe.o(RESET)
    __Vectors_End                            0x08000130   Data           0  startup_stm32f103xe.o(RESET)
    __main                                   0x08000131   Thumb Code     0  entry.o(.ARM.Collect$$$$00000000)
    _main_stk                                0x08000131   Thumb Code     0  entry2.o(.ARM.Collect$$$$00000001)
    _main_scatterload                        0x08000135   Thumb Code     0  entry5.o(.ARM.Collect$$$$00000004)
    __main_after_scatterload                 0x08000139   Thumb Code     0  entry5.o(.ARM.Collect$$$$00000004)
    _main_clock                              0x08000139   Thumb Code     0  entry7b.o(.ARM.Collect$$$$00000008)
    _main_cpp_init                           0x08000139   Thumb Code     0  entry8b.o(.ARM.Collect$$$$0000000A)
    _main_init                               0x08000139   Thumb Code     0  entry9a.o(.ARM.Collect$$$$0000000B)
    __rt_final_cpp                           0x08000141   Thumb Code     0  entry10a.o(.ARM.Collect$$$$0000000D)
    __rt_final_exit                          0x08000141   Thumb Code     0  entry11a.o(.ARM.Collect$$$$0000000F)
    Reset_Handler                            0x08000145   Thumb Code     8  startup_stm32f103xe.o(.text)
    ADC1_2_IRQHandler                        0x0800015f   Thumb Code     0  startup_stm32f103xe.o(.text)
    ADC3_IRQHandler                          0x0800015f   Thumb Code     0  startup_stm32f103xe.o(.text)
    CAN1_RX1_IRQHandler                      0x0800015f   Thumb Code     0  startup_stm32f103xe.o(.text)
    CAN1_SCE_IRQHandler                      0x0800015f   Thumb Code     0  startup_stm32f103xe.o(.text)
    DMA1_Channel1_IRQHandler                 0x0800015f   Thumb Code     0  startup_stm32f103xe.o(.text)
    DMA1_Channel2_IRQHandler                 0x0800015f   Thumb Code     0  startup_stm32f103xe.o(.text)
    DMA1_Channel3_IRQHandler                 0x0800015f   Thumb Code     0  startup_stm32f103xe.o(.text)
    DMA1_Channel4_IRQHandler                 0x0800015f   Thumb Code     0  startup_stm32f103xe.o(.text)
    DMA1_Channel5_IRQHandler                 0x0800015f   Thumb Code     0  startup_stm32f103xe.o(.text)
    DMA1_Channel6_IRQHandler                 0x0800015f   Thumb Code     0  startup_stm32f103xe.o(.text)
    DMA1_Channel7_IRQHandler                 0x0800015f   Thumb Code     0  startup_stm32f103xe.o(.text)
    DMA2_Channel1_IRQHandler                 0x0800015f   Thumb Code     0  startup_stm32f103xe.o(.text)
    DMA2_Channel2_IRQHandler                 0x0800015f   Thumb Code     0  startup_stm32f103xe.o(.text)
    DMA2_Channel3_IRQHandler                 0x0800015f   Thumb Code     0  startup_stm32f103xe.o(.text)
    EXTI0_IRQHandler                         0x0800015f   Thumb Code     0  startup_stm32f103xe.o(.text)
    EXTI15_10_IRQHandler                     0x0800015f   Thumb Code     0  startup_stm32f103xe.o(.text)
    EXTI1_IRQHandler                         0x0800015f   Thumb Code     0  startup_stm32f103xe.o(.text)
    EXTI2_IRQHandler                         0x0800015f   Thumb Code     0  startup_stm32f103xe.o(.text)
    EXTI3_IRQHandler                         0x0800015f   Thumb Code     0  startup_stm32f103xe.o(.text)
    EXTI4_IRQHandler                         0x0800015f   Thumb Code     0  startup_stm32f103xe.o(.text)
    EXTI9_5_IRQHandler                       0x0800015f   Thumb Code     0  startup_stm32f103xe.o(.text)
    FLASH_IRQHandler                         0x0800015f   Thumb Code     0  startup_stm32f103xe.o(.text)
    FSMC_IRQHandler                          0x0800015f   Thumb Code     0  startup_stm32f103xe.o(.text)
    I2C1_ER_IRQHandler                       0x0800015f   Thumb Code     0  startup_stm32f103xe.o(.text)
    I2C1_EV_IRQHandler                       0x0800015f   Thumb Code     0  startup_stm32f103xe.o(.text)
    I2C2_ER_IRQHandler                       0x0800015f   Thumb Code     0  startup_stm32f103xe.o(.text)
    I2C2_EV_IRQHandler                       0x0800015f   Thumb Code     0  startup_stm32f103xe.o(.text)
    PVD_IRQHandler                           0x0800015f   Thumb Code     0  startup_stm32f103xe.o(.text)
    RCC_IRQHandler                           0x0800015f   Thumb Code     0  startup_stm32f103xe.o(.text)
    RTC_Alarm_IRQHandler                     0x0800015f   Thumb Code     0  startup_stm32f103xe.o(.text)
    RTC_IRQHandler                           0x0800015f   Thumb Code     0  startup_stm32f103xe.o(.text)
    SPI1_IRQHandler                          0x0800015f   Thumb Code     0  startup_stm32f103xe.o(.text)
    SPI2_IRQHandler                          0x0800015f   Thumb Code     0  startup_stm32f103xe.o(.text)
    SPI3_IRQHandler                          0x0800015f   Thumb Code     0  startup_stm32f103xe.o(.text)
    TAMPER_IRQHandler                        0x0800015f   Thumb Code     0  startup_stm32f103xe.o(.text)
    TIM1_BRK_IRQHandler                      0x0800015f   Thumb Code     0  startup_stm32f103xe.o(.text)
    TIM1_CC_IRQHandler                       0x0800015f   Thumb Code     0  startup_stm32f103xe.o(.text)
    TIM1_TRG_COM_IRQHandler                  0x0800015f   Thumb Code     0  startup_stm32f103xe.o(.text)
    TIM1_UP_IRQHandler                       0x0800015f   Thumb Code     0  startup_stm32f103xe.o(.text)
    TIM2_IRQHandler                          0x0800015f   Thumb Code     0  startup_stm32f103xe.o(.text)
    TIM3_IRQHandler                          0x0800015f   Thumb Code     0  startup_stm32f103xe.o(.text)
    TIM4_IRQHandler                          0x0800015f   Thumb Code     0  startup_stm32f103xe.o(.text)
    TIM5_IRQHandler                          0x0800015f   Thumb Code     0  startup_stm32f103xe.o(.text)
    TIM6_IRQHandler                          0x0800015f   Thumb Code     0  startup_stm32f103xe.o(.text)
    TIM7_IRQHandler                          0x0800015f   Thumb Code     0  startup_stm32f103xe.o(.text)
    TIM8_BRK_IRQHandler                      0x0800015f   Thumb Code     0  startup_stm32f103xe.o(.text)
    TIM8_CC_IRQHandler                       0x0800015f   Thumb Code     0  startup_stm32f103xe.o(.text)
    TIM8_TRG_COM_IRQHandler                  0x0800015f   Thumb Code     0  startup_stm32f103xe.o(.text)
    TIM8_UP_IRQHandler                       0x0800015f   Thumb Code     0  startup_stm32f103xe.o(.text)
    UART4_IRQHandler                         0x0800015f   Thumb Code     0  startup_stm32f103xe.o(.text)
    UART5_IRQHandler                         0x0800015f   Thumb Code     0  startup_stm32f103xe.o(.text)
    USART1_IRQHandler                        0x0800015f   Thumb Code     0  startup_stm32f103xe.o(.text)
    USART2_IRQHandler                        0x0800015f   Thumb Code     0  startup_stm32f103xe.o(.text)
    USART3_IRQHandler                        0x0800015f   Thumb Code     0  startup_stm32f103xe.o(.text)
    USBWakeUp_IRQHandler                     0x0800015f   Thumb Code     0  startup_stm32f103xe.o(.text)
    USB_HP_CAN1_TX_IRQHandler                0x0800015f   Thumb Code     0  startup_stm32f103xe.o(.text)
    WWDG_IRQHandler                          0x0800015f   Thumb Code     0  startup_stm32f103xe.o(.text)
    __aeabi_memcpy                           0x08000169   Thumb Code    36  memcpya.o(.text)
    __aeabi_memcpy4                          0x08000169   Thumb Code     0  memcpya.o(.text)
    __aeabi_memcpy8                          0x08000169   Thumb Code     0  memcpya.o(.text)
    __aeabi_memset                           0x0800018d   Thumb Code    14  memseta.o(.text)
    __aeabi_memset4                          0x0800018d   Thumb Code     0  memseta.o(.text)
    __aeabi_memset8                          0x0800018d   Thumb Code     0  memseta.o(.text)
    __aeabi_memclr                           0x0800019b   Thumb Code     4  memseta.o(.text)
    __aeabi_memclr4                          0x0800019b   Thumb Code     0  memseta.o(.text)
    __aeabi_memclr8                          0x0800019b   Thumb Code     0  memseta.o(.text)
    _memset$wrapper                          0x0800019f   Thumb Code    18  memseta.o(.text)
    __scatterload                            0x080001b1   Thumb Code    28  init.o(.text)
    __scatterload_rt2                        0x080001b1   Thumb Code     0  init.o(.text)
    BusFault_Handler                         0x080001d5   Thumb Code     2  stm32f1xx_it.o(i.BusFault_Handler)
    DMA2_Channel4_5_IRQHandler               0x080001d9   Thumb Code    46  stm32f1xx_it.o(i.DMA2_Channel4_5_IRQHandler)
    DebugMon_Handler                         0x0800022f   Thumb Code     2  stm32f1xx_it.o(i.DebugMon_Handler)
    Error_Handler                            0x08000231   Thumb Code     2  main.o(i.Error_Handler)
    HAL_DMA_Abort                            0x08000235   Thumb Code    86  stm32f1xx_hal_dma.o(i.HAL_DMA_Abort)
    HAL_DMA_DeInit                           0x0800028d   Thumb Code   672  stm32f1xx_hal_dma.o(i.HAL_DMA_DeInit)
    HAL_DMA_IRQHandler                       0x08000535   Thumb Code  1198  stm32f1xx_hal_dma.o(i.HAL_DMA_IRQHandler)
    HAL_DMA_Init                             0x080009ed   Thumb Code    80  stm32f1xx_hal_dma.o(i.HAL_DMA_Init)
    HAL_DMA_Start_IT                         0x08000a3d   Thumb Code    88  stm32f1xx_hal_dma.o(i.HAL_DMA_Start_IT)
    HAL_Delay                                0x08000a95   Thumb Code    22  stm32f1xx_hal.o(i.HAL_Delay)
    HAL_GPIO_Init                            0x08000aad   Thumb Code   446  stm32f1xx_hal_gpio.o(i.HAL_GPIO_Init)
    HAL_GPIO_WritePin                        0x08000c95   Thumb Code    10  stm32f1xx_hal_gpio.o(i.HAL_GPIO_WritePin)
    HAL_GetTick                              0x08000ca1   Thumb Code     6  stm32f1xx_hal.o(i.HAL_GetTick)
    HAL_IncTick                              0x08000cad   Thumb Code    10  stm32f1xx_hal.o(i.HAL_IncTick)
    HAL_Init                                 0x08000cbd   Thumb Code    32  stm32f1xx_hal.o(i.HAL_Init)
    HAL_InitTick                             0x08000ce1   Thumb Code    34  stm32f1xx_hal.o(i.HAL_InitTick)
    HAL_MspInit                              0x08000d05   Thumb Code   118  stm32f1xx_hal_msp.o(i.HAL_MspInit)
    HAL_NVIC_EnableIRQ                       0x08000d85   Thumb Code    22  stm32f1xx_hal_cortex.o(i.HAL_NVIC_EnableIRQ)
    HAL_NVIC_SetPriority                     0x08000d9d   Thumb Code    60  stm32f1xx_hal_cortex.o(i.HAL_NVIC_SetPriority)
    HAL_NVIC_SetPriorityGrouping             0x08000ddd   Thumb Code    26  stm32f1xx_hal_cortex.o(i.HAL_NVIC_SetPriorityGrouping)
    HAL_PCDEx_PMAConfig                      0x08000e01   Thumb Code    52  stm32f1xx_hal_pcd_ex.o(i.HAL_PCDEx_PMAConfig)
    HAL_PCDEx_SetConnectionState             0x08000e35   Thumb Code    22  usbd_conf.o(i.HAL_PCDEx_SetConnectionState)
    HAL_PCD_DataInStageCallback              0x08000e51   Thumb Code    14  usbd_conf.o(i.HAL_PCD_DataInStageCallback)
    HAL_PCD_DataOutStageCallback             0x08000e5f   Thumb Code    16  usbd_conf.o(i.HAL_PCD_DataOutStageCallback)
    HAL_PCD_EP_Close                         0x08000e6f   Thumb Code    64  stm32f1xx_hal_pcd.o(i.HAL_PCD_EP_Close)
    HAL_PCD_EP_ClrStall                      0x08000eaf   Thumb Code    72  stm32f1xx_hal_pcd.o(i.HAL_PCD_EP_ClrStall)
    HAL_PCD_EP_Flush                         0x08000ef7   Thumb Code    52  stm32f1xx_hal_pcd.o(i.HAL_PCD_EP_Flush)
    HAL_PCD_EP_GetRxCount                    0x08000f2b   Thumb Code    16  stm32f1xx_hal_pcd.o(i.HAL_PCD_EP_GetRxCount)
    HAL_PCD_EP_Open                          0x08000f3b   Thumb Code    68  stm32f1xx_hal_pcd.o(i.HAL_PCD_EP_Open)
    HAL_PCD_EP_Receive                       0x08000f7f   Thumb Code    64  stm32f1xx_hal_pcd.o(i.HAL_PCD_EP_Receive)
    HAL_PCD_EP_SetStall                      0x08000fbf   Thumb Code    86  stm32f1xx_hal_pcd.o(i.HAL_PCD_EP_SetStall)
    HAL_PCD_EP_Transmit                      0x08001015   Thumb Code    62  stm32f1xx_hal_pcd.o(i.HAL_PCD_EP_Transmit)
    HAL_PCD_IRQHandler                       0x08001053   Thumb Code   266  stm32f1xx_hal_pcd.o(i.HAL_PCD_IRQHandler)
    HAL_PCD_Init                             0x0800115d   Thumb Code   192  stm32f1xx_hal_pcd.o(i.HAL_PCD_Init)
    HAL_PCD_MspInit                          0x0800121d   Thumb Code    50  usbd_conf.o(i.HAL_PCD_MspInit)
    HAL_PCD_ResetCallback                    0x08001259   Thumb Code    26  usbd_conf.o(i.HAL_PCD_ResetCallback)
    HAL_PCD_ResumeCallback                   0x08001273   Thumb Code     8  usbd_conf.o(i.HAL_PCD_ResumeCallback)
    HAL_PCD_SOFCallback                      0x0800127b   Thumb Code     8  usbd_conf.o(i.HAL_PCD_SOFCallback)
    HAL_PCD_SetAddress                       0x08001283   Thumb Code    40  stm32f1xx_hal_pcd.o(i.HAL_PCD_SetAddress)
    HAL_PCD_SetupStageCallback               0x080012ab   Thumb Code    14  usbd_conf.o(i.HAL_PCD_SetupStageCallback)
    HAL_PCD_Start                            0x080012b9   Thumb Code    50  stm32f1xx_hal_pcd.o(i.HAL_PCD_Start)
    HAL_PCD_SuspendCallback                  0x080012ed   Thumb Code    30  usbd_conf.o(i.HAL_PCD_SuspendCallback)
    HAL_RCCEx_PeriphCLKConfig                0x08001311   Thumb Code   288  stm32f1xx_hal_rcc_ex.o(i.HAL_RCCEx_PeriphCLKConfig)
    HAL_RCC_ClockConfig                      0x0800143d   Thumb Code   374  stm32f1xx_hal_rcc.o(i.HAL_RCC_ClockConfig)
    HAL_RCC_GetHCLKFreq                      0x080015c5   Thumb Code     6  stm32f1xx_hal_rcc.o(i.HAL_RCC_GetHCLKFreq)
    HAL_RCC_GetSysClockFreq                  0x080015d1   Thumb Code   102  stm32f1xx_hal_rcc.o(i.HAL_RCC_GetSysClockFreq)
    HAL_RCC_OscConfig                        0x08001659   Thumb Code  1406  stm32f1xx_hal_rcc.o(i.HAL_RCC_OscConfig)
    HAL_SD_CheckReadOperation                0x08001bd7   Thumb Code    94  stm32f1xx_hal_sd.o(i.HAL_SD_CheckReadOperation)
    HAL_SD_CheckWriteOperation               0x08001c35   Thumb Code   108  stm32f1xx_hal_sd.o(i.HAL_SD_CheckWriteOperation)
    HAL_SD_DMA_RxCpltCallback                0x08001ca1   Thumb Code     2  stm32f1xx_hal_sd.o(i.HAL_SD_DMA_RxCpltCallback)
    HAL_SD_DMA_RxErrorCallback               0x08001ca3   Thumb Code     2  stm32f1xx_hal_sd.o(i.HAL_SD_DMA_RxErrorCallback)
    HAL_SD_DMA_TxCpltCallback                0x08001ca5   Thumb Code     2  stm32f1xx_hal_sd.o(i.HAL_SD_DMA_TxCpltCallback)
    HAL_SD_DMA_TxErrorCallback               0x08001ca7   Thumb Code     2  stm32f1xx_hal_sd.o(i.HAL_SD_DMA_TxErrorCallback)
    HAL_SD_GetStatus                         0x08001ca9   Thumb Code    26  stm32f1xx_hal_sd.o(i.HAL_SD_GetStatus)
    HAL_SD_Get_CardInfo                      0x08001cc3   Thumb Code   696  stm32f1xx_hal_sd.o(i.HAL_SD_Get_CardInfo)
    HAL_SD_IRQHandler                        0x08001f7b   Thumb Code   124  stm32f1xx_hal_sd.o(i.HAL_SD_IRQHandler)
    HAL_SD_Init                              0x08001ff7   Thumb Code   190  stm32f1xx_hal_sd.o(i.HAL_SD_Init)
    HAL_SD_MspInit                           0x080020b5   Thumb Code   136  sdio.o(i.HAL_SD_MspInit)
    HAL_SD_ReadBlocks_DMA                    0x08002155   Thumb Code   248  stm32f1xx_hal_sd.o(i.HAL_SD_ReadBlocks_DMA)
    HAL_SD_StopTransfer                      0x08002255   Thumb Code    52  stm32f1xx_hal_sd.o(i.HAL_SD_StopTransfer)
    HAL_SD_WideBusOperation_Config           0x08002289   Thumb Code   128  stm32f1xx_hal_sd.o(i.HAL_SD_WideBusOperation_Config)
    HAL_SD_WriteBlocks_DMA                   0x08002309   Thumb Code   252  stm32f1xx_hal_sd.o(i.HAL_SD_WriteBlocks_DMA)
    HAL_SD_XferCpltCallback                  0x0800240d   Thumb Code     2  stm32f1xx_hal_sd.o(i.HAL_SD_XferCpltCallback)
    HAL_SD_XferErrorCallback                 0x0800240f   Thumb Code     2  stm32f1xx_hal_sd.o(i.HAL_SD_XferErrorCallback)
    HAL_SYSTICK_CLKSourceConfig              0x08002411   Thumb Code    24  stm32f1xx_hal_cortex.o(i.HAL_SYSTICK_CLKSourceConfig)
    HAL_SYSTICK_Callback                     0x08002429   Thumb Code     2  stm32f1xx_hal_cortex.o(i.HAL_SYSTICK_Callback)
    HAL_SYSTICK_Config                       0x0800242b   Thumb Code    40  stm32f1xx_hal_cortex.o(i.HAL_SYSTICK_Config)
    HAL_SYSTICK_IRQHandler                   0x08002453   Thumb Code     8  stm32f1xx_hal_cortex.o(i.HAL_SYSTICK_IRQHandler)
    HardFault_Handler                        0x0800245b   Thumb Code     2  stm32f1xx_it.o(i.HardFault_Handler)
    MSC_BOT_CplClrFeature                    0x0800256d   Thumb Code    42  usbd_msc_bot.o(i.MSC_BOT_CplClrFeature)
    MSC_BOT_DataIn                           0x08002597   Thumb Code    58  usbd_msc_bot.o(i.MSC_BOT_DataIn)
    MSC_BOT_DataOut                          0x080025d1   Thumb Code    58  usbd_msc_bot.o(i.MSC_BOT_DataOut)
    MSC_BOT_DeInit                           0x0800260b   Thumb Code    10  usbd_msc_bot.o(i.MSC_BOT_DeInit)
    MSC_BOT_Init                             0x08002615   Thumb Code    66  usbd_msc_bot.o(i.MSC_BOT_Init)
    MSC_BOT_Reset                            0x08002657   Thumb Code    22  usbd_msc_bot.o(i.MSC_BOT_Reset)
    MSC_BOT_SendCSW                          0x0800266d   Thumb Code    54  usbd_msc_bot.o(i.MSC_BOT_SendCSW)
    MX_DMA_Init                              0x080026a9   Thumb Code    40  dma.o(i.MX_DMA_Init)
    MX_GPIO_Init                             0x080026d5   Thumb Code    54  gpio.o(i.MX_GPIO_Init)
    MX_SDIO_SD_Init                          0x08002711   Thumb Code    52  sdio.o(i.MX_SDIO_SD_Init)
    MX_USB_DEVICE_Init                       0x0800274d   Thumb Code    38  usb_device.o(i.MX_USB_DEVICE_Init)
    MemManage_Handler                        0x08002785   Thumb Code     2  stm32f1xx_it.o(i.MemManage_Handler)
    NMI_Handler                              0x08002787   Thumb Code     2  stm32f1xx_it.o(i.NMI_Handler)
    PendSV_Handler                           0x08002b0b   Thumb Code     2  stm32f1xx_it.o(i.PendSV_Handler)
    SCSI_ProcessCmd                          0x08002b31   Thumb Code   448  usbd_msc_scsi.o(i.SCSI_ProcessCmd)
    SCSI_SenseCode                           0x08002f8f   Thumb Code    54  usbd_msc_scsi.o(i.SCSI_SenseCode)
    SDIO_DataConfig                          0x0800308f   Thumb Code    36  stm32f1xx_ll_sdmmc.o(i.SDIO_DataConfig)
    SDIO_GetCommandResponse                  0x080030b3   Thumb Code     6  stm32f1xx_ll_sdmmc.o(i.SDIO_GetCommandResponse)
    SDIO_GetPowerState                       0x080030b9   Thumb Code     8  stm32f1xx_ll_sdmmc.o(i.SDIO_GetPowerState)
    SDIO_GetResponse                         0x080030c1   Thumb Code    12  stm32f1xx_ll_sdmmc.o(i.SDIO_GetResponse)
    SDIO_IRQHandler                          0x080030d1   Thumb Code     6  stm32f1xx_it.o(i.SDIO_IRQHandler)
    SDIO_Init                                0x080030dd   Thumb Code    36  stm32f1xx_ll_sdmmc.o(i.SDIO_Init)
    SDIO_PowerState_ON                       0x08003101   Thumb Code     8  stm32f1xx_ll_sdmmc.o(i.SDIO_PowerState_ON)
    SDIO_ReadFIFO                            0x08003109   Thumb Code     6  stm32f1xx_ll_sdmmc.o(i.SDIO_ReadFIFO)
    SDIO_SendCommand                         0x0800310f   Thumb Code    32  stm32f1xx_ll_sdmmc.o(i.SDIO_SendCommand)
    SD_DMAConfigRx                           0x08003301   Thumb Code    84  sdio.o(i.SD_DMAConfigRx)
    SD_DMAConfigTx                           0x0800335d   Thumb Code    86  sdio.o(i.SD_DMAConfigTx)
    SVC_Handler                              0x080039b9   Thumb Code     2  stm32f1xx_it.o(i.SVC_Handler)
    SysTick_Handler                          0x080039bb   Thumb Code    14  stm32f1xx_it.o(i.SysTick_Handler)
    SystemClock_Config                       0x080039c9   Thumb Code   120  main.o(i.SystemClock_Config)
    SystemInit                               0x08003a41   Thumb Code    56  system_stm32f1xx.o(i.SystemInit)
    USBD_ClrClassConfig                      0x08003a89   Thumb Code    14  usbd_core.o(i.USBD_ClrClassConfig)
    USBD_CtlContinueRx                       0x08003a97   Thumb Code    16  usbd_ioreq.o(i.USBD_CtlContinueRx)
    USBD_CtlContinueSendData                 0x08003aa7   Thumb Code    16  usbd_ioreq.o(i.USBD_CtlContinueSendData)
    USBD_CtlError                            0x08003ab7   Thumb Code    22  usbd_ctlreq.o(i.USBD_CtlError)
    USBD_CtlReceiveStatus                    0x08003acd   Thumb Code    22  usbd_ioreq.o(i.USBD_CtlReceiveStatus)
    USBD_CtlSendData                         0x08003ae3   Thumb Code    26  usbd_ioreq.o(i.USBD_CtlSendData)
    USBD_CtlSendStatus                       0x08003afd   Thumb Code    22  usbd_ioreq.o(i.USBD_CtlSendStatus)
    USBD_FS_ConfigStrDescriptor              0x08003b15   Thumb Code    16  usbd_desc.o(i.USBD_FS_ConfigStrDescriptor)
    USBD_FS_DeviceDescriptor                 0x08003b35   Thumb Code     8  usbd_desc.o(i.USBD_FS_DeviceDescriptor)
    USBD_FS_InterfaceStrDescriptor           0x08003b41   Thumb Code    16  usbd_desc.o(i.USBD_FS_InterfaceStrDescriptor)
    USBD_FS_LangIDStrDescriptor              0x08003b65   Thumb Code     8  usbd_desc.o(i.USBD_FS_LangIDStrDescriptor)
    USBD_FS_ManufacturerStrDescriptor        0x08003b71   Thumb Code    16  usbd_desc.o(i.USBD_FS_ManufacturerStrDescriptor)
    USBD_FS_ProductStrDescriptor             0x08003b99   Thumb Code    16  usbd_desc.o(i.USBD_FS_ProductStrDescriptor)
    USBD_FS_SerialStrDescriptor              0x08003bc1   Thumb Code    16  usbd_desc.o(i.USBD_FS_SerialStrDescriptor)
    USBD_GetString                           0x08003cc5   Thumb Code    70  usbd_ctlreq.o(i.USBD_GetString)
    USBD_Init                                0x08003d0b   Thumb Code    42  usbd_core.o(i.USBD_Init)
    USBD_LL_ClearStallEP                     0x08003d35   Thumb Code    32  usbd_conf.o(i.USBD_LL_ClearStallEP)
    USBD_LL_CloseEP                          0x08003d55   Thumb Code    32  usbd_conf.o(i.USBD_LL_CloseEP)
    USBD_LL_DataInStage                      0x08003d75   Thumb Code   170  usbd_core.o(i.USBD_LL_DataInStage)
    USBD_LL_DataOutStage                     0x08003e1f   Thumb Code   106  usbd_core.o(i.USBD_LL_DataOutStage)
    USBD_LL_FlushEP                          0x08003e89   Thumb Code    32  usbd_conf.o(i.USBD_LL_FlushEP)
    USBD_LL_GetRxDataSize                    0x08003ea9   Thumb Code     8  usbd_conf.o(i.USBD_LL_GetRxDataSize)
    USBD_LL_Init                             0x08003eb1   Thumb Code   106  usbd_conf.o(i.USBD_LL_Init)
    USBD_LL_IsStallEP                        0x08003f25   Thumb Code    28  usbd_conf.o(i.USBD_LL_IsStallEP)
    USBD_LL_OpenEP                           0x08003f41   Thumb Code    38  usbd_conf.o(i.USBD_LL_OpenEP)
    USBD_LL_PrepareReceive                   0x08003f67   Thumb Code    32  usbd_conf.o(i.USBD_LL_PrepareReceive)
    USBD_LL_Reset                            0x08003f87   Thumb Code    62  usbd_core.o(i.USBD_LL_Reset)
    USBD_LL_Resume                           0x08003fc5   Thumb Code    12  usbd_core.o(i.USBD_LL_Resume)
    USBD_LL_SOF                              0x08003fd1   Thumb Code    24  usbd_core.o(i.USBD_LL_SOF)
    USBD_LL_SetSpeed                         0x08003fe9   Thumb Code     6  usbd_core.o(i.USBD_LL_SetSpeed)
    USBD_LL_SetUSBAddress                    0x08003fef   Thumb Code    32  usbd_conf.o(i.USBD_LL_SetUSBAddress)
    USBD_LL_SetupStage                       0x0800400f   Thumb Code    90  usbd_core.o(i.USBD_LL_SetupStage)
    USBD_LL_StallEP                          0x08004069   Thumb Code    32  usbd_conf.o(i.USBD_LL_StallEP)
    USBD_LL_Start                            0x08004089   Thumb Code    32  usbd_conf.o(i.USBD_LL_Start)
    USBD_LL_Suspend                          0x080040a9   Thumb Code    18  usbd_core.o(i.USBD_LL_Suspend)
    USBD_LL_Transmit                         0x080040bb   Thumb Code    32  usbd_conf.o(i.USBD_LL_Transmit)
    USBD_MSC_DataIn                          0x080040db   Thumb Code    10  usbd_msc.o(i.USBD_MSC_DataIn)
    USBD_MSC_DataOut                         0x080040e5   Thumb Code    10  usbd_msc.o(i.USBD_MSC_DataOut)
    USBD_MSC_DeInit                          0x080040ef   Thumb Code    44  usbd_msc.o(i.USBD_MSC_DeInit)
    USBD_MSC_GetDeviceQualifierDescriptor    0x0800411d   Thumb Code     8  usbd_msc.o(i.USBD_MSC_GetDeviceQualifierDescriptor)
    USBD_MSC_GetFSCfgDesc                    0x08004129   Thumb Code     8  usbd_msc.o(i.USBD_MSC_GetFSCfgDesc)
    USBD_MSC_GetHSCfgDesc                    0x08004135   Thumb Code     8  usbd_msc.o(i.USBD_MSC_GetHSCfgDesc)
    USBD_MSC_GetOtherSpeedCfgDesc            0x08004141   Thumb Code     8  usbd_msc.o(i.USBD_MSC_GetOtherSpeedCfgDesc)
    USBD_MSC_Init                            0x0800414d   Thumb Code    82  usbd_msc.o(i.USBD_MSC_Init)
    USBD_MSC_RegisterStorage                 0x0800419f   Thumb Code    10  usbd_msc.o(i.USBD_MSC_RegisterStorage)
    USBD_MSC_Setup                           0x080041a9   Thumb Code   194  usbd_msc.o(i.USBD_MSC_Setup)
    USBD_ParseSetupRequest                   0x0800426b   Thumb Code    40  usbd_ctlreq.o(i.USBD_ParseSetupRequest)
    USBD_RegisterClass                       0x08004293   Thumb Code    16  usbd_core.o(i.USBD_RegisterClass)
    USBD_SetClassConfig                      0x080042a3   Thumb Code    22  usbd_core.o(i.USBD_SetClassConfig)
    USBD_Start                               0x0800432d   Thumb Code    10  usbd_core.o(i.USBD_Start)
    USBD_StdDevReq                           0x08004337   Thumb Code   242  usbd_ctlreq.o(i.USBD_StdDevReq)
    USBD_StdEPReq                            0x08004429   Thumb Code   220  usbd_ctlreq.o(i.USBD_StdEPReq)
    USBD_StdItfReq                           0x08004505   Thumb Code    52  usbd_ctlreq.o(i.USBD_StdItfReq)
    USBD_static_free                         0x08004539   Thumb Code     2  usbd_conf.o(i.USBD_static_free)
    USBD_static_malloc                       0x0800453d   Thumb Code     4  usbd_conf.o(i.USBD_static_malloc)
    USB_ActivateEndpoint                     0x08004545   Thumb Code   604  stm32f1xx_ll_usb.o(i.USB_ActivateEndpoint)
    USB_CoreInit                             0x080047a1   Thumb Code     4  stm32f1xx_ll_usb.o(i.USB_CoreInit)
    USB_DeactivateEndpoint                   0x080047a5   Thumb Code   292  stm32f1xx_ll_usb.o(i.USB_DeactivateEndpoint)
    USB_DevConnect                           0x080048c9   Thumb Code     4  stm32f1xx_ll_usb.o(i.USB_DevConnect)
    USB_DevDisconnect                        0x080048cd   Thumb Code     4  stm32f1xx_ll_usb.o(i.USB_DevDisconnect)
    USB_DevInit                              0x080048d1   Thumb Code    18  stm32f1xx_ll_usb.o(i.USB_DevInit)
    USB_DisableGlobalInt                     0x080048e3   Thumb Code    14  stm32f1xx_ll_usb.o(i.USB_DisableGlobalInt)
    USB_EP0_OutStart                         0x080048f1   Thumb Code     4  stm32f1xx_ll_usb.o(i.USB_EP0_OutStart)
    USB_EPClearStall                         0x080048f5   Thumb Code   106  stm32f1xx_ll_usb.o(i.USB_EPClearStall)
    USB_EPSetStall                           0x0800495f   Thumb Code    74  stm32f1xx_ll_usb.o(i.USB_EPSetStall)
    USB_EPStartXfer                          0x080049a9   Thumb Code   426  stm32f1xx_ll_usb.o(i.USB_EPStartXfer)
    USB_EnableGlobalInt                      0x08004b53   Thumb Code    14  stm32f1xx_ll_usb.o(i.USB_EnableGlobalInt)
    USB_FlushRxFifo                          0x08004b61   Thumb Code     4  stm32f1xx_ll_usb.o(i.USB_FlushRxFifo)
    USB_FlushTxFifo                          0x08004b65   Thumb Code     4  stm32f1xx_ll_usb.o(i.USB_FlushTxFifo)
    USB_LP_CAN1_RX0_IRQHandler               0x08004b69   Thumb Code     6  stm32f1xx_it.o(i.USB_LP_CAN1_RX0_IRQHandler)
    USB_ReadInterrupts                       0x08004b75   Thumb Code     6  stm32f1xx_ll_usb.o(i.USB_ReadInterrupts)
    USB_ReadPMA                              0x08004b7d   Thumb Code    30  stm32f1xx_ll_usb.o(i.USB_ReadPMA)
    USB_SetCurrentMode                       0x08004b9b   Thumb Code     4  stm32f1xx_ll_usb.o(i.USB_SetCurrentMode)
    USB_SetDevAddress                        0x08004b9f   Thumb Code    12  stm32f1xx_ll_usb.o(i.USB_SetDevAddress)
    USB_WritePMA                             0x08004bab   Thumb Code    38  stm32f1xx_ll_usb.o(i.USB_WritePMA)
    UsageFault_Handler                       0x08004bd1   Thumb Code     2  stm32f1xx_it.o(i.UsageFault_Handler)
    __scatterload_copy                       0x08004bd3   Thumb Code    14  handlers.o(i.__scatterload_copy)
    __scatterload_null                       0x08004be1   Thumb Code     2  handlers.o(i.__scatterload_null)
    __scatterload_zeroinit                   0x08004be3   Thumb Code    14  handlers.o(i.__scatterload_zeroinit)
    main                                     0x08004bf1   Thumb Code    26  main.o(i.main)
    MSC_Page00_Inquiry_Data                  0x08004c0a   Data           7  usbd_msc_data.o(.constdata)
    MSC_Mode_Sense6_data                     0x08004c11   Data           8  usbd_msc_data.o(.constdata)
    MSC_Mode_Sense10_data                    0x08004c19   Data           8  usbd_msc_data.o(.constdata)
    AHBPrescTable                            0x08004c21   Data          16  system_stm32f1xx.o(.constdata)
    STORAGE_Inquirydata_FS                   0x08004c31   Data          36  usbd_storage_if.o(.constdata)
    Region$$Table$$Base                      0x08004c58   Number         0  anon$$obj.o(Region$$Table)
    Region$$Table$$Limit                     0x08004c78   Number         0  anon$$obj.o(Region$$Table)
    USBD_MSC                                 0x20000000   Data          56  usbd_msc.o(.data)
    USBD_MSC_CfgHSDesc                       0x20000038   Data          32  usbd_msc.o(.data)
    USBD_MSC_CfgFSDesc                       0x20000058   Data          32  usbd_msc.o(.data)
    USBD_MSC_OtherSpeedCfgDesc               0x20000078   Data          32  usbd_msc.o(.data)
    USBD_MSC_DeviceQualifierDesc             0x20000098   Data          10  usbd_msc.o(.data)
    SystemCoreClock                          0x200000a4   Data           4  system_stm32f1xx.o(.data)
    USBD_Storage_Interface_fops_FS           0x200000a8   Data          32  usbd_storage_if.o(.data)
    FS_Desc                                  0x200000c8   Data          28  usbd_desc.o(.data)
    USBD_LangIDDesc                          0x200000e4   Data           4  usbd_desc.o(.data)
    USBD_FS_DeviceDesc                       0x200000e8   Data          18  usbd_desc.o(.data)
    hsd                                      0x20000170   Data          96  sdio.o(.bss)
    SDCardInfo                               0x200001d0   Data          88  sdio.o(.bss)
    hdma_sdio                                0x20000228   Data          56  sdio.o(.bss)
    hpcd_USB_FS                              0x200004d0   Data        1056  usbd_conf.o(.bss)
    USBD_StrDesc                             0x200008f0   Data         512  usbd_desc.o(.bss)
    hUsbDeviceFS                             0x20000af0   Data         548  usb_device.o(.bss)
    __initial_sp                             0x20002d18   Data           0  startup_stm32f103xe.o(STACK)



==============================================================================

Memory Map of the image

  Image Entry point : 0x08000131

  Load Region LR_IROM1 (Base: 0x08000000, Size: 0x00004d78, Max: 0x00080000, ABSOLUTE)

    Execution Region ER_IROM1 (Base: 0x08000000, Size: 0x00004c78, Max: 0x00080000, ABSOLUTE)

    Base Addr    Size         Type   Attr      Idx    E Section Name        Object

    0x08000000   0x00000130   Data   RO         3016    RESET               startup_stm32f103xe.o
    0x08000130   0x00000000   Code   RO         3021  * .ARM.Collect$$$$00000000  mc_w.l(entry.o)
    0x08000130   0x00000004   Code   RO         3032    .ARM.Collect$$$$00000001  mc_w.l(entry2.o)
    0x08000134   0x00000004   Code   RO         3035    .ARM.Collect$$$$00000004  mc_w.l(entry5.o)
    0x08000138   0x00000000   Code   RO         3037    .ARM.Collect$$$$00000008  mc_w.l(entry7b.o)
    0x08000138   0x00000000   Code   RO         3039    .ARM.Collect$$$$0000000A  mc_w.l(entry8b.o)
    0x08000138   0x00000008   Code   RO         3040    .ARM.Collect$$$$0000000B  mc_w.l(entry9a.o)
    0x08000140   0x00000000   Code   RO         3042    .ARM.Collect$$$$0000000D  mc_w.l(entry10a.o)
    0x08000140   0x00000000   Code   RO         3044    .ARM.Collect$$$$0000000F  mc_w.l(entry11a.o)
    0x08000140   0x00000004   Code   RO         3033    .ARM.Collect$$$$00002712  mc_w.l(entry2.o)
    0x08000144   0x00000024   Code   RO         3017    .text               startup_stm32f103xe.o
    0x08000168   0x00000024   Code   RO         3026    .text               mc_w.l(memcpya.o)
    0x0800018c   0x00000024   Code   RO         3028    .text               mc_w.l(memseta.o)
    0x080001b0   0x00000024   Code   RO         3046    .text               mc_w.l(init.o)
    0x080001d4   0x00000002   Code   RO         1012    i.BusFault_Handler  stm32f1xx_it.o
    0x080001d6   0x00000002   PAD
    0x080001d8   0x00000038   Code   RO         1013    i.DMA2_Channel4_5_IRQHandler  stm32f1xx_it.o
    0x08000210   0x0000001e   Code   RO         1756    i.DMA_SetConfig     stm32f1xx_hal_dma.o
    0x0800022e   0x00000002   Code   RO         1014    i.DebugMon_Handler  stm32f1xx_it.o
    0x08000230   0x00000002   Code   RO         1260    i.Error_Handler     main.o
    0x08000232   0x00000002   PAD
    0x08000234   0x00000056   Code   RO         1757    i.HAL_DMA_Abort     stm32f1xx_hal_dma.o
    0x0800028a   0x00000002   PAD
    0x0800028c   0x000002a8   Code   RO         1758    i.HAL_DMA_DeInit    stm32f1xx_hal_dma.o
    0x08000534   0x000004b8   Code   RO         1761    i.HAL_DMA_IRQHandler  stm32f1xx_hal_dma.o
    0x080009ec   0x00000050   Code   RO         1762    i.HAL_DMA_Init      stm32f1xx_hal_dma.o
    0x08000a3c   0x00000058   Code   RO         1765    i.HAL_DMA_Start_IT  stm32f1xx_hal_dma.o
    0x08000a94   0x00000016   Code   RO         1533    i.HAL_Delay         stm32f1xx_hal.o
    0x08000aaa   0x00000002   PAD
    0x08000aac   0x000001e8   Code   RO         1836    i.HAL_GPIO_Init     stm32f1xx_hal_gpio.o
    0x08000c94   0x0000000a   Code   RO         1840    i.HAL_GPIO_WritePin  stm32f1xx_hal_gpio.o
    0x08000c9e   0x00000002   PAD
    0x08000ca0   0x0000000c   Code   RO         1537    i.HAL_GetTick       stm32f1xx_hal.o
    0x08000cac   0x00000010   Code   RO         1538    i.HAL_IncTick       stm32f1xx_hal.o
    0x08000cbc   0x00000024   Code   RO         1539    i.HAL_Init          stm32f1xx_hal.o
    0x08000ce0   0x00000022   Code   RO         1540    i.HAL_InitTick      stm32f1xx_hal.o
    0x08000d02   0x00000002   PAD
    0x08000d04   0x00000080   Code   RO         1236    i.HAL_MspInit       stm32f1xx_hal_msp.o
    0x08000d84   0x00000016   Code   RO         1411    i.HAL_NVIC_EnableIRQ  stm32f1xx_hal_cortex.o
    0x08000d9a   0x00000002   PAD
    0x08000d9c   0x00000040   Code   RO         1417    i.HAL_NVIC_SetPriority  stm32f1xx_hal_cortex.o
    0x08000ddc   0x00000024   Code   RO         1418    i.HAL_NVIC_SetPriorityGrouping  stm32f1xx_hal_cortex.o
    0x08000e00   0x00000034   Code   RO         2244    i.HAL_PCDEx_PMAConfig  stm32f1xx_hal_pcd_ex.o
    0x08000e34   0x0000001c   Code   RO          740    i.HAL_PCDEx_SetConnectionState  usbd_conf.o
    0x08000e50   0x0000000e   Code   RO          742    i.HAL_PCD_DataInStageCallback  usbd_conf.o
    0x08000e5e   0x00000010   Code   RO          743    i.HAL_PCD_DataOutStageCallback  usbd_conf.o
    0x08000e6e   0x00000040   Code   RO         2811    i.HAL_PCD_EP_Close  stm32f1xx_hal_pcd.o
    0x08000eae   0x00000048   Code   RO         2812    i.HAL_PCD_EP_ClrStall  stm32f1xx_hal_pcd.o
    0x08000ef6   0x00000034   Code   RO         2813    i.HAL_PCD_EP_Flush  stm32f1xx_hal_pcd.o
    0x08000f2a   0x00000010   Code   RO         2814    i.HAL_PCD_EP_GetRxCount  stm32f1xx_hal_pcd.o
    0x08000f3a   0x00000044   Code   RO         2815    i.HAL_PCD_EP_Open   stm32f1xx_hal_pcd.o
    0x08000f7e   0x00000040   Code   RO         2816    i.HAL_PCD_EP_Receive  stm32f1xx_hal_pcd.o
    0x08000fbe   0x00000056   Code   RO         2817    i.HAL_PCD_EP_SetStall  stm32f1xx_hal_pcd.o
    0x08001014   0x0000003e   Code   RO         2818    i.HAL_PCD_EP_Transmit  stm32f1xx_hal_pcd.o
    0x08001052   0x0000010a   Code   RO         2820    i.HAL_PCD_IRQHandler  stm32f1xx_hal_pcd.o
    0x0800115c   0x000000c0   Code   RO         2823    i.HAL_PCD_Init      stm32f1xx_hal_pcd.o
    0x0800121c   0x0000003c   Code   RO          748    i.HAL_PCD_MspInit   usbd_conf.o
    0x08001258   0x0000001a   Code   RO          749    i.HAL_PCD_ResetCallback  usbd_conf.o
    0x08001272   0x00000008   Code   RO          750    i.HAL_PCD_ResumeCallback  usbd_conf.o
    0x0800127a   0x00000008   Code   RO          751    i.HAL_PCD_SOFCallback  usbd_conf.o
    0x08001282   0x00000028   Code   RO         2829    i.HAL_PCD_SetAddress  stm32f1xx_hal_pcd.o
    0x080012aa   0x0000000e   Code   RO          752    i.HAL_PCD_SetupStageCallback  usbd_conf.o
    0x080012b8   0x00000032   Code   RO         2831    i.HAL_PCD_Start     stm32f1xx_hal_pcd.o
    0x080012ea   0x00000002   PAD
    0x080012ec   0x00000024   Code   RO          753    i.HAL_PCD_SuspendCallback  usbd_conf.o
    0x08001310   0x0000012c   Code   RO         2276    i.HAL_RCCEx_PeriphCLKConfig  stm32f1xx_hal_rcc_ex.o
    0x0800143c   0x00000188   Code   RO         1900    i.HAL_RCC_ClockConfig  stm32f1xx_hal_rcc.o
    0x080015c4   0x0000000c   Code   RO         1905    i.HAL_RCC_GetHCLKFreq  stm32f1xx_hal_rcc.o
    0x080015d0   0x00000088   Code   RO         1909    i.HAL_RCC_GetSysClockFreq  stm32f1xx_hal_rcc.o
    0x08001658   0x0000057e   Code   RO         1912    i.HAL_RCC_OscConfig  stm32f1xx_hal_rcc.o
    0x08001bd6   0x0000005e   Code   RO         2001    i.HAL_SD_CheckReadOperation  stm32f1xx_hal_sd.o
    0x08001c34   0x0000006c   Code   RO         2002    i.HAL_SD_CheckWriteOperation  stm32f1xx_hal_sd.o
    0x08001ca0   0x00000002   Code   RO         2003    i.HAL_SD_DMA_RxCpltCallback  stm32f1xx_hal_sd.o
    0x08001ca2   0x00000002   Code   RO         2004    i.HAL_SD_DMA_RxErrorCallback  stm32f1xx_hal_sd.o
    0x08001ca4   0x00000002   Code   RO         2005    i.HAL_SD_DMA_TxCpltCallback  stm32f1xx_hal_sd.o
    0x08001ca6   0x00000002   Code   RO         2006    i.HAL_SD_DMA_TxErrorCallback  stm32f1xx_hal_sd.o
    0x08001ca8   0x0000001a   Code   RO         2010    i.HAL_SD_GetStatus  stm32f1xx_hal_sd.o
    0x08001cc2   0x000002b8   Code   RO         2011    i.HAL_SD_Get_CardInfo  stm32f1xx_hal_sd.o
    0x08001f7a   0x0000007c   Code   RO         2013    i.HAL_SD_IRQHandler  stm32f1xx_hal_sd.o
    0x08001ff6   0x000000be   Code   RO         2014    i.HAL_SD_Init       stm32f1xx_hal_sd.o
    0x080020b4   0x000000a0   Code   RO          681    i.HAL_SD_MspInit    sdio.o
    0x08002154   0x00000100   Code   RO         2018    i.HAL_SD_ReadBlocks_DMA  stm32f1xx_hal_sd.o
    0x08002254   0x00000034   Code   RO         2020    i.HAL_SD_StopTransfer  stm32f1xx_hal_sd.o
    0x08002288   0x00000080   Code   RO         2021    i.HAL_SD_WideBusOperation_Config  stm32f1xx_hal_sd.o
    0x08002308   0x00000104   Code   RO         2023    i.HAL_SD_WriteBlocks_DMA  stm32f1xx_hal_sd.o
    0x0800240c   0x00000002   Code   RO         2024    i.HAL_SD_XferCpltCallback  stm32f1xx_hal_sd.o
    0x0800240e   0x00000002   Code   RO         2025    i.HAL_SD_XferErrorCallback  stm32f1xx_hal_sd.o
    0x08002410   0x00000018   Code   RO         1420    i.HAL_SYSTICK_CLKSourceConfig  stm32f1xx_hal_cortex.o
    0x08002428   0x00000002   Code   RO         1421    i.HAL_SYSTICK_Callback  stm32f1xx_hal_cortex.o
    0x0800242a   0x00000028   Code   RO         1422    i.HAL_SYSTICK_Config  stm32f1xx_hal_cortex.o
    0x08002452   0x00000008   Code   RO         1423    i.HAL_SYSTICK_IRQHandler  stm32f1xx_hal_cortex.o
    0x0800245a   0x00000002   Code   RO         1015    i.HardFault_Handler  stm32f1xx_it.o
    0x0800245c   0x00000042   Code   RO            4    i.MSC_BOT_Abort     usbd_msc_bot.o
    0x0800249e   0x00000002   PAD
    0x080024a0   0x000000cc   Code   RO            5    i.MSC_BOT_CBW_Decode  usbd_msc_bot.o
    0x0800256c   0x0000002a   Code   RO            6    i.MSC_BOT_CplClrFeature  usbd_msc_bot.o
    0x08002596   0x0000003a   Code   RO            7    i.MSC_BOT_DataIn    usbd_msc_bot.o
    0x080025d0   0x0000003a   Code   RO            8    i.MSC_BOT_DataOut   usbd_msc_bot.o
    0x0800260a   0x0000000a   Code   RO            9    i.MSC_BOT_DeInit    usbd_msc_bot.o
    0x08002614   0x00000042   Code   RO           10    i.MSC_BOT_Init      usbd_msc_bot.o
    0x08002656   0x00000016   Code   RO           11    i.MSC_BOT_Reset     usbd_msc_bot.o
    0x0800266c   0x0000003c   Code   RO           12    i.MSC_BOT_SendCSW   usbd_msc_bot.o
    0x080026a8   0x0000002c   Code   RO         1300    i.MX_DMA_Init       dma.o
    0x080026d4   0x0000003c   Code   RO         1106    i.MX_GPIO_Init      gpio.o
    0x08002710   0x0000003c   Code   RO          682    i.MX_SDIO_SD_Init   sdio.o
    0x0800274c   0x00000038   Code   RO         1198    i.MX_USB_DEVICE_Init  usb_device.o
    0x08002784   0x00000002   Code   RO         1016    i.MemManage_Handler  stm32f1xx_it.o
    0x08002786   0x00000002   Code   RO         1017    i.NMI_Handler       stm32f1xx_it.o
    0x08002788   0x00000020   Code   RO         1424    i.NVIC_SetPriority  stm32f1xx_hal_cortex.o
    0x080027a8   0x00000362   Code   RO         2834    i.PCD_EP_ISR_Handler  stm32f1xx_hal_pcd.o
    0x08002b0a   0x00000002   Code   RO         1018    i.PendSV_Handler    stm32f1xx_it.o
    0x08002b0c   0x00000022   Code   RO          199    i.SCSI_CheckAddressRange  usbd_msc_scsi.o
    0x08002b2e   0x00000002   PAD
    0x08002b30   0x000001cc   Code   RO          200    i.SCSI_ProcessCmd   usbd_msc_scsi.o
    0x08002cfc   0x0000008c   Code   RO          201    i.SCSI_ProcessRead  usbd_msc_scsi.o
    0x08002d88   0x00000098   Code   RO          202    i.SCSI_ProcessWrite  usbd_msc_scsi.o
    0x08002e20   0x000000aa   Code   RO          203    i.SCSI_Read10       usbd_msc_scsi.o
    0x08002eca   0x00000056   Code   RO          204    i.SCSI_ReadCapacity10  usbd_msc_scsi.o
    0x08002f20   0x0000006e   Code   RO          205    i.SCSI_ReadFormatCapacity  usbd_msc_scsi.o
    0x08002f8e   0x00000036   Code   RO          206    i.SCSI_SenseCode    usbd_msc_scsi.o
    0x08002fc4   0x000000ca   Code   RO          207    i.SCSI_Write10      usbd_msc_scsi.o
    0x0800308e   0x00000024   Code   RO         1660    i.SDIO_DataConfig   stm32f1xx_ll_sdmmc.o
    0x080030b2   0x00000006   Code   RO         1661    i.SDIO_GetCommandResponse  stm32f1xx_ll_sdmmc.o
    0x080030b8   0x00000008   Code   RO         1664    i.SDIO_GetPowerState  stm32f1xx_ll_sdmmc.o
    0x080030c0   0x00000010   Code   RO         1665    i.SDIO_GetResponse  stm32f1xx_ll_sdmmc.o
    0x080030d0   0x0000000c   Code   RO         1019    i.SDIO_IRQHandler   stm32f1xx_it.o
    0x080030dc   0x00000024   Code   RO         1666    i.SDIO_Init         stm32f1xx_ll_sdmmc.o
    0x08003100   0x00000008   Code   RO         1668    i.SDIO_PowerState_ON  stm32f1xx_ll_sdmmc.o
    0x08003108   0x00000006   Code   RO         1669    i.SDIO_ReadFIFO     stm32f1xx_ll_sdmmc.o
    0x0800310e   0x00000020   Code   RO         1670    i.SDIO_SendCommand  stm32f1xx_ll_sdmmc.o
    0x0800312e   0x00000002   PAD
    0x08003130   0x000000ec   Code   RO         2026    i.SD_CmdResp1Error  stm32f1xx_hal_sd.o
    0x0800321c   0x0000002e   Code   RO         2027    i.SD_CmdResp2Error  stm32f1xx_hal_sd.o
    0x0800324a   0x00000074   Code   RO         2028    i.SD_CmdResp6Error  stm32f1xx_hal_sd.o
    0x080032be   0x00000040   Code   RO         2029    i.SD_CmdResp7Error  stm32f1xx_hal_sd.o
    0x080032fe   0x00000002   PAD
    0x08003300   0x0000005c   Code   RO          683    i.SD_DMAConfigRx    sdio.o
    0x0800335c   0x00000060   Code   RO          684    i.SD_DMAConfigTx    sdio.o
    0x080033bc   0x00000016   Code   RO         2030    i.SD_DMA_RxCplt     stm32f1xx_hal_sd.o
    0x080033d2   0x0000000c   Code   RO         2031    i.SD_DMA_RxError    stm32f1xx_hal_sd.o
    0x080033de   0x00000016   Code   RO         2032    i.SD_DMA_TxCplt     stm32f1xx_hal_sd.o
    0x080033f4   0x0000000c   Code   RO         2033    i.SD_DMA_TxError    stm32f1xx_hal_sd.o
    0x08003400   0x0000011a   Code   RO         2034    i.SD_FindSCR        stm32f1xx_hal_sd.o
    0x0800351a   0x0000004a   Code   RO         2035    i.SD_GetState       stm32f1xx_hal_sd.o
    0x08003564   0x000000fa   Code   RO         2036    i.SD_Initialize_Cards  stm32f1xx_hal_sd.o
    0x0800365e   0x00000002   PAD
    0x08003660   0x0000018c   Code   RO         2038    i.SD_PowerON        stm32f1xx_hal_sd.o
    0x080037ec   0x0000007c   Code   RO         2039    i.SD_WideBus_Disable  stm32f1xx_hal_sd.o
    0x08003868   0x0000007e   Code   RO         2040    i.SD_WideBus_Enable  stm32f1xx_hal_sd.o
    0x080038e6   0x00000002   PAD
    0x080038e8   0x00000030   Code   RO          947    i.STORAGE_GetCapacity_FS  usbd_storage_if.o
    0x08003918   0x00000004   Code   RO          948    i.STORAGE_GetMaxLun_FS  usbd_storage_if.o
    0x0800391c   0x00000018   Code   RO          949    i.STORAGE_Init_FS   usbd_storage_if.o
    0x08003934   0x00000004   Code   RO          950    i.STORAGE_IsReady_FS  usbd_storage_if.o
    0x08003938   0x00000004   Code   RO          951    i.STORAGE_IsWriteProtected_FS  usbd_storage_if.o
    0x0800393c   0x00000038   Code   RO          952    i.STORAGE_Read_FS   usbd_storage_if.o
    0x08003974   0x00000044   Code   RO          953    i.STORAGE_Write_FS  usbd_storage_if.o
    0x080039b8   0x00000002   Code   RO         1020    i.SVC_Handler       stm32f1xx_it.o
    0x080039ba   0x0000000e   Code   RO         1021    i.SysTick_Handler   stm32f1xx_it.o
    0x080039c8   0x00000078   Code   RO         1261    i.SystemClock_Config  main.o
    0x08003a40   0x00000048   Code   RO          643    i.SystemInit        system_stm32f1xx.o
    0x08003a88   0x0000000e   Code   RO          418    i.USBD_ClrClassConfig  usbd_core.o
    0x08003a96   0x00000010   Code   RO          582    i.USBD_CtlContinueRx  usbd_ioreq.o
    0x08003aa6   0x00000010   Code   RO          583    i.USBD_CtlContinueSendData  usbd_ioreq.o
    0x08003ab6   0x00000016   Code   RO          353    i.USBD_CtlError     usbd_ctlreq.o
    0x08003acc   0x00000016   Code   RO          585    i.USBD_CtlReceiveStatus  usbd_ioreq.o
    0x08003ae2   0x0000001a   Code   RO          586    i.USBD_CtlSendData  usbd_ioreq.o
    0x08003afc   0x00000016   Code   RO          587    i.USBD_CtlSendStatus  usbd_ioreq.o
    0x08003b12   0x00000002   PAD
    0x08003b14   0x00000020   Code   RO         1130    i.USBD_FS_ConfigStrDescriptor  usbd_desc.o
    0x08003b34   0x0000000c   Code   RO         1131    i.USBD_FS_DeviceDescriptor  usbd_desc.o
    0x08003b40   0x00000024   Code   RO         1132    i.USBD_FS_InterfaceStrDescriptor  usbd_desc.o
    0x08003b64   0x0000000c   Code   RO         1133    i.USBD_FS_LangIDStrDescriptor  usbd_desc.o
    0x08003b70   0x00000028   Code   RO         1134    i.USBD_FS_ManufacturerStrDescriptor  usbd_desc.o
    0x08003b98   0x00000028   Code   RO         1135    i.USBD_FS_ProductStrDescriptor  usbd_desc.o
    0x08003bc0   0x00000024   Code   RO         1136    i.USBD_FS_SerialStrDescriptor  usbd_desc.o
    0x08003be4   0x000000e0   Code   RO          354    i.USBD_GetDescriptor  usbd_ctlreq.o
    0x08003cc4   0x00000046   Code   RO          355    i.USBD_GetString    usbd_ctlreq.o
    0x08003d0a   0x0000002a   Code   RO          420    i.USBD_Init         usbd_core.o
    0x08003d34   0x00000020   Code   RO          754    i.USBD_LL_ClearStallEP  usbd_conf.o
    0x08003d54   0x00000020   Code   RO          755    i.USBD_LL_CloseEP   usbd_conf.o
    0x08003d74   0x000000aa   Code   RO          421    i.USBD_LL_DataInStage  usbd_core.o
    0x08003e1e   0x0000006a   Code   RO          422    i.USBD_LL_DataOutStage  usbd_core.o
    0x08003e88   0x00000020   Code   RO          758    i.USBD_LL_FlushEP   usbd_conf.o
    0x08003ea8   0x00000008   Code   RO          759    i.USBD_LL_GetRxDataSize  usbd_conf.o
    0x08003eb0   0x00000074   Code   RO          760    i.USBD_LL_Init      usbd_conf.o
    0x08003f24   0x0000001c   Code   RO          761    i.USBD_LL_IsStallEP  usbd_conf.o
    0x08003f40   0x00000026   Code   RO          762    i.USBD_LL_OpenEP    usbd_conf.o
    0x08003f66   0x00000020   Code   RO          763    i.USBD_LL_PrepareReceive  usbd_conf.o
    0x08003f86   0x0000003e   Code   RO          427    i.USBD_LL_Reset     usbd_core.o
    0x08003fc4   0x0000000c   Code   RO          428    i.USBD_LL_Resume    usbd_core.o
    0x08003fd0   0x00000018   Code   RO          429    i.USBD_LL_SOF       usbd_core.o
    0x08003fe8   0x00000006   Code   RO          430    i.USBD_LL_SetSpeed  usbd_core.o
    0x08003fee   0x00000020   Code   RO          764    i.USBD_LL_SetUSBAddress  usbd_conf.o
    0x0800400e   0x0000005a   Code   RO          431    i.USBD_LL_SetupStage  usbd_core.o
    0x08004068   0x00000020   Code   RO          765    i.USBD_LL_StallEP   usbd_conf.o
    0x08004088   0x00000020   Code   RO          766    i.USBD_LL_Start     usbd_conf.o
    0x080040a8   0x00000012   Code   RO          432    i.USBD_LL_Suspend   usbd_core.o
    0x080040ba   0x00000020   Code   RO          768    i.USBD_LL_Transmit  usbd_conf.o
    0x080040da   0x0000000a   Code   RO          268    i.USBD_MSC_DataIn   usbd_msc.o
    0x080040e4   0x0000000a   Code   RO          269    i.USBD_MSC_DataOut  usbd_msc.o
    0x080040ee   0x0000002c   Code   RO          270    i.USBD_MSC_DeInit   usbd_msc.o
    0x0800411a   0x00000002   PAD
    0x0800411c   0x0000000c   Code   RO          271    i.USBD_MSC_GetDeviceQualifierDescriptor  usbd_msc.o
    0x08004128   0x0000000c   Code   RO          272    i.USBD_MSC_GetFSCfgDesc  usbd_msc.o
    0x08004134   0x0000000c   Code   RO          273    i.USBD_MSC_GetHSCfgDesc  usbd_msc.o
    0x08004140   0x0000000c   Code   RO          274    i.USBD_MSC_GetOtherSpeedCfgDesc  usbd_msc.o
    0x0800414c   0x00000052   Code   RO          275    i.USBD_MSC_Init     usbd_msc.o
    0x0800419e   0x0000000a   Code   RO          276    i.USBD_MSC_RegisterStorage  usbd_msc.o
    0x080041a8   0x000000c2   Code   RO          277    i.USBD_MSC_Setup    usbd_msc.o
    0x0800426a   0x00000028   Code   RO          356    i.USBD_ParseSetupRequest  usbd_ctlreq.o
    0x08004292   0x00000010   Code   RO          433    i.USBD_RegisterClass  usbd_core.o
    0x080042a2   0x00000016   Code   RO          435    i.USBD_SetClassConfig  usbd_core.o
    0x080042b8   0x00000074   Code   RO          357    i.USBD_SetConfig    usbd_ctlreq.o
    0x0800432c   0x0000000a   Code   RO          436    i.USBD_Start        usbd_core.o
    0x08004336   0x000000f2   Code   RO          358    i.USBD_StdDevReq    usbd_ctlreq.o
    0x08004428   0x000000dc   Code   RO          359    i.USBD_StdEPReq     usbd_ctlreq.o
    0x08004504   0x00000034   Code   RO          360    i.USBD_StdItfReq    usbd_ctlreq.o
    0x08004538   0x00000002   Code   RO          769    i.USBD_static_free  usbd_conf.o
    0x0800453a   0x00000002   PAD
    0x0800453c   0x00000008   Code   RO          770    i.USBD_static_malloc  usbd_conf.o
    0x08004544   0x0000025c   Code   RO         2310    i.USB_ActivateEndpoint  stm32f1xx_ll_usb.o
    0x080047a0   0x00000004   Code   RO         2313    i.USB_CoreInit      stm32f1xx_ll_usb.o
    0x080047a4   0x00000124   Code   RO         2315    i.USB_DeactivateEndpoint  stm32f1xx_ll_usb.o
    0x080048c8   0x00000004   Code   RO         2316    i.USB_DevConnect    stm32f1xx_ll_usb.o
    0x080048cc   0x00000004   Code   RO         2317    i.USB_DevDisconnect  stm32f1xx_ll_usb.o
    0x080048d0   0x00000012   Code   RO         2318    i.USB_DevInit       stm32f1xx_ll_usb.o
    0x080048e2   0x0000000e   Code   RO         2319    i.USB_DisableGlobalInt  stm32f1xx_ll_usb.o
    0x080048f0   0x00000004   Code   RO         2320    i.USB_EP0_OutStart  stm32f1xx_ll_usb.o
    0x080048f4   0x0000006a   Code   RO         2321    i.USB_EPClearStall  stm32f1xx_ll_usb.o
    0x0800495e   0x0000004a   Code   RO         2322    i.USB_EPSetStall    stm32f1xx_ll_usb.o
    0x080049a8   0x000001aa   Code   RO         2323    i.USB_EPStartXfer   stm32f1xx_ll_usb.o
    0x08004b52   0x0000000e   Code   RO         2324    i.USB_EnableGlobalInt  stm32f1xx_ll_usb.o
    0x08004b60   0x00000004   Code   RO         2325    i.USB_FlushRxFifo   stm32f1xx_ll_usb.o
    0x08004b64   0x00000004   Code   RO         2326    i.USB_FlushTxFifo   stm32f1xx_ll_usb.o
    0x08004b68   0x0000000c   Code   RO         1022    i.USB_LP_CAN1_RX0_IRQHandler  stm32f1xx_it.o
    0x08004b74   0x00000006   Code   RO         2331    i.USB_ReadInterrupts  stm32f1xx_ll_usb.o
    0x08004b7a   0x00000002   PAD
    0x08004b7c   0x0000001e   Code   RO         2332    i.USB_ReadPMA       stm32f1xx_ll_usb.o
    0x08004b9a   0x00000004   Code   RO         2334    i.USB_SetCurrentMode  stm32f1xx_ll_usb.o
    0x08004b9e   0x0000000c   Code   RO         2335    i.USB_SetDevAddress  stm32f1xx_ll_usb.o
    0x08004baa   0x00000026   Code   RO         2337    i.USB_WritePMA      stm32f1xx_ll_usb.o
    0x08004bd0   0x00000002   Code   RO         1023    i.UsageFault_Handler  stm32f1xx_it.o
    0x08004bd2   0x0000000e   Code   RO         3050    i.__scatterload_copy  mc_w.l(handlers.o)
    0x08004be0   0x00000002   Code   RO         3051    i.__scatterload_null  mc_w.l(handlers.o)
    0x08004be2   0x0000000e   Code   RO         3052    i.__scatterload_zeroinit  mc_w.l(handlers.o)
    0x08004bf0   0x0000001a   Code   RO         1262    i.main              main.o
    0x08004c0a   0x00000007   Data   RO          556    .constdata          usbd_msc_data.o
    0x08004c11   0x00000008   Data   RO          557    .constdata          usbd_msc_data.o
    0x08004c19   0x00000008   Data   RO          558    .constdata          usbd_msc_data.o
    0x08004c21   0x00000010   Data   RO          644    .constdata          system_stm32f1xx.o
    0x08004c31   0x00000024   Data   RO          954    .constdata          usbd_storage_if.o
    0x08004c55   0x00000003   PAD
    0x08004c58   0x00000020   Data   RO         3048    Region$$Table       anon$$obj.o


    Execution Region RW_IRAM1 (Base: 0x20000000, Size: 0x00002d18, Max: 0x00010000, ABSOLUTE)

    Base Addr    Size         Type   Attr      Idx    E Section Name        Object

    0x20000000   0x00000038   Data   RW          278    .data               usbd_msc.o
    0x20000038   0x0000006a   Data   RW          279    .data               usbd_msc.o
    0x200000a2   0x00000001   Data   RW          361    .data               usbd_ctlreq.o
    0x200000a3   0x00000001   PAD
    0x200000a4   0x00000004   Data   RW          646    .data               system_stm32f1xx.o
    0x200000a8   0x00000020   Data   RW          955    .data               usbd_storage_if.o
    0x200000c8   0x0000001c   Data   RW         1138    .data               usbd_desc.o
    0x200000e4   0x00000016   Data   RW         1139    .data               usbd_desc.o
    0x200000fa   0x00000002   PAD
    0x200000fc   0x00000004   Data   RW         1545    .data               stm32f1xx_hal.o
    0x20000100   0x00000160   Zero   RW          685    .bss                sdio.o
    0x20000260   0x00000690   Zero   RW          771    .bss                usbd_conf.o
    0x200008f0   0x00000200   Zero   RW         1137    .bss                usbd_desc.o
    0x20000af0   0x00000224   Zero   RW         1199    .bss                usb_device.o
    0x20000d14   0x00000004   PAD
    0x20000d18   0x00002000   Zero   RW         3014    STACK               startup_stm32f103xe.o


==============================================================================

Image component sizes


      Code (inc. data)   RO Data    RW Data    ZI Data      Debug   Object Name

        44          4          0          0          0        746   dma.o
        60          6          0          0          0        799   gpio.o
       148          0          0          0          0       2047   main.o
       408         50          0          0        352       2932   sdio.o
        36          8        304          0       8192        776   startup_stm32f103xe.o
       120         16          0          4          0       3634   stm32f1xx_hal.o
       228         14          0          0          0      27325   stm32f1xx_hal_cortex.o
      2172         28          0          0          0       5240   stm32f1xx_hal_dma.o
       498         42          0          0          0       3052   stm32f1xx_hal_gpio.o
       128         10          0          0          0        854   stm32f1xx_hal_msp.o
      1898          0          0          0          0      10744   stm32f1xx_hal_pcd.o
        52          0          0          0          0       1182   stm32f1xx_hal_pcd_ex.o
      1946         70          0          0          0       4698   stm32f1xx_hal_rcc.o
       300         12          0          0          0       1328   stm32f1xx_hal_rcc_ex.o
      3728         24          0          0          0      26719   stm32f1xx_hal_sd.o
       110         22          0          0          0       5270   stm32f1xx_it.o
       148          4          0          0          0       4952   stm32f1xx_ll_sdmmc.o
      1662          0          0          0          0      13531   stm32f1xx_ll_usb.o
        72         16         16          4          0       1167   system_stm32f1xx.o
        56         18          0          0        548        712   usb_device.o
       666         36          0          0       1680      13627   usbd_conf.o
       592          0          0          0          0       8988   usbd_core.o
       986         30          0          1          0       7692   usbd_ctlreq.o
       208        112          0         50        512       4875   usbd_desc.o
       102          0          0          0          0       3616   usbd_ioreq.o
       398         16          0        162          0       9024   usbd_msc.o
       586         12          0          0          0     506082   usbd_msc_bot.o
         0          0         23          0          0        897   usbd_msc_data.o
      1408         12          0          0          0      10115   usbd_msc_scsi.o
       208         34         36         32          0       4231   usbd_storage_if.o

    ----------------------------------------------------------------------
     19004        596        414        256      11288     686855   Object Totals
         0          0         32          0          0          0   (incl. Generated)
        36          0          3          3          4          0   (incl. Padding)

    ----------------------------------------------------------------------

      Code (inc. data)   RO Data    RW Data    ZI Data      Debug   Library Member Name

         0          0          0          0          0          0   entry.o
         0          0          0          0          0          0   entry10a.o
         0          0          0          0          0          0   entry11a.o
         8          4          0          0          0          0   entry2.o
         4          0          0          0          0          0   entry5.o
         0          0          0          0          0          0   entry7b.o
         0          0          0          0          0          0   entry8b.o
         8          4          0          0          0          0   entry9a.o
        30          0          0          0          0          0   handlers.o
        36          8          0          0          0         68   init.o
        36          0          0          0          0         68   memcpya.o
        36          0          0          0          0        108   memseta.o

    ----------------------------------------------------------------------
       158         16          0          0          0        244   Library Totals
         0          0          0          0          0          0   (incl. Padding)

    ----------------------------------------------------------------------

      Code (inc. data)   RO Data    RW Data    ZI Data      Debug   Library Name

       158         16          0          0          0        244   mc_w.l

    ----------------------------------------------------------------------
       158         16          0          0          0        244   Library Totals

    ----------------------------------------------------------------------

==============================================================================


      Code (inc. data)   RO Data    RW Data    ZI Data      Debug   

     19162        612        414        256      11288     676487   Grand Totals
     19162        612        414        256      11288     676487   ELF Image Totals
     19162        612        414        256          0          0   ROM Totals

==============================================================================

    Total RO  Size (Code + RO Data)                19576 (  19.12kB)
    Total RW  Size (RW Data + ZI Data)             11544 (  11.27kB)
    Total ROM Size (Code + RO Data + RW Data)      19832 (  19.37kB)

==============================================================================

