<!doctype html public "-//w3c//dtd html 4.0 transitional//en">
<html><head>
<title>Static Call Graph - [MSC_Standalone\MSC_Standalone.axf]</title></head>
<body><HR>
<H1>Static Call Graph for image MSC_Standalone\MSC_Standalone.axf</H1><HR>
<BR><P>#&#060CALLGRAPH&#062# ARM Linker, 5050169: Last Updated: Thu Feb 23 19:01:23 2017
<BR><P>
<H3>Maximum Stack Usage =        240 bytes + Unknown(Cycles, Untraceable Function Pointers)</H3><H3>
Call chain for Maximum Stack Depth:</H3>
main &rArr; MX_SDIO_SD_Init &rArr; HAL_SD_WideBusOperation_Config &rArr; SD_WideBus_Enable &rArr; SD_FindSCR &rArr; SD_CmdResp1Error &rArr; SDIO_GetResponse
<P>
<H3>
Mutually Recursive functions
</H3> <LI><a href="#[1c]">ADC1_2_IRQHandler</a>&nbsp;&nbsp;&nbsp;&rArr;&nbsp;&nbsp;&nbsp;<a href="#[1c]">ADC1_2_IRQHandler</a><BR>
 <LI><a href="#[4]">BusFault_Handler</a>&nbsp;&nbsp;&nbsp;&rArr;&nbsp;&nbsp;&nbsp;<a href="#[4]">BusFault_Handler</a><BR>
 <LI><a href="#[2]">HardFault_Handler</a>&nbsp;&nbsp;&nbsp;&rArr;&nbsp;&nbsp;&nbsp;<a href="#[2]">HardFault_Handler</a><BR>
 <LI><a href="#[3]">MemManage_Handler</a>&nbsp;&nbsp;&nbsp;&rArr;&nbsp;&nbsp;&nbsp;<a href="#[3]">MemManage_Handler</a><BR>
 <LI><a href="#[5]">UsageFault_Handler</a>&nbsp;&nbsp;&nbsp;&rArr;&nbsp;&nbsp;&nbsp;<a href="#[5]">UsageFault_Handler</a><BR>
 <LI><a href="#[6c]">Error_Handler</a>&nbsp;&nbsp;&nbsp;&rArr;&nbsp;&nbsp;&nbsp;<a href="#[6c]">Error_Handler</a><BR>
</UL>
<P>
<H3>
Function Pointers
</H3><UL>
 <LI><a href="#[1c]">ADC1_2_IRQHandler</a> from startup_stm32f103xe.o(.text) referenced from startup_stm32f103xe.o(RESET)
 <LI><a href="#[39]">ADC3_IRQHandler</a> from startup_stm32f103xe.o(.text) referenced from startup_stm32f103xe.o(RESET)
 <LI><a href="#[4]">BusFault_Handler</a> from stm32f1xx_it.o(i.BusFault_Handler) referenced from startup_stm32f103xe.o(RESET)
 <LI><a href="#[1f]">CAN1_RX1_IRQHandler</a> from startup_stm32f103xe.o(.text) referenced from startup_stm32f103xe.o(RESET)
 <LI><a href="#[20]">CAN1_SCE_IRQHandler</a> from startup_stm32f103xe.o(.text) referenced from startup_stm32f103xe.o(RESET)
 <LI><a href="#[15]">DMA1_Channel1_IRQHandler</a> from startup_stm32f103xe.o(.text) referenced from startup_stm32f103xe.o(RESET)
 <LI><a href="#[16]">DMA1_Channel2_IRQHandler</a> from startup_stm32f103xe.o(.text) referenced from startup_stm32f103xe.o(RESET)
 <LI><a href="#[17]">DMA1_Channel3_IRQHandler</a> from startup_stm32f103xe.o(.text) referenced from startup_stm32f103xe.o(RESET)
 <LI><a href="#[18]">DMA1_Channel4_IRQHandler</a> from startup_stm32f103xe.o(.text) referenced from startup_stm32f103xe.o(RESET)
 <LI><a href="#[19]">DMA1_Channel5_IRQHandler</a> from startup_stm32f103xe.o(.text) referenced from startup_stm32f103xe.o(RESET)
 <LI><a href="#[1a]">DMA1_Channel6_IRQHandler</a> from startup_stm32f103xe.o(.text) referenced from startup_stm32f103xe.o(RESET)
 <LI><a href="#[1b]">DMA1_Channel7_IRQHandler</a> from startup_stm32f103xe.o(.text) referenced from startup_stm32f103xe.o(RESET)
 <LI><a href="#[42]">DMA2_Channel1_IRQHandler</a> from startup_stm32f103xe.o(.text) referenced from startup_stm32f103xe.o(RESET)
 <LI><a href="#[43]">DMA2_Channel2_IRQHandler</a> from startup_stm32f103xe.o(.text) referenced from startup_stm32f103xe.o(RESET)
 <LI><a href="#[44]">DMA2_Channel3_IRQHandler</a> from startup_stm32f103xe.o(.text) referenced from startup_stm32f103xe.o(RESET)
 <LI><a href="#[45]">DMA2_Channel4_5_IRQHandler</a> from stm32f1xx_it.o(i.DMA2_Channel4_5_IRQHandler) referenced from startup_stm32f103xe.o(RESET)
 <LI><a href="#[7]">DebugMon_Handler</a> from stm32f1xx_it.o(i.DebugMon_Handler) referenced from startup_stm32f103xe.o(RESET)
 <LI><a href="#[10]">EXTI0_IRQHandler</a> from startup_stm32f103xe.o(.text) referenced from startup_stm32f103xe.o(RESET)
 <LI><a href="#[32]">EXTI15_10_IRQHandler</a> from startup_stm32f103xe.o(.text) referenced from startup_stm32f103xe.o(RESET)
 <LI><a href="#[11]">EXTI1_IRQHandler</a> from startup_stm32f103xe.o(.text) referenced from startup_stm32f103xe.o(RESET)
 <LI><a href="#[12]">EXTI2_IRQHandler</a> from startup_stm32f103xe.o(.text) referenced from startup_stm32f103xe.o(RESET)
 <LI><a href="#[13]">EXTI3_IRQHandler</a> from startup_stm32f103xe.o(.text) referenced from startup_stm32f103xe.o(RESET)
 <LI><a href="#[14]">EXTI4_IRQHandler</a> from startup_stm32f103xe.o(.text) referenced from startup_stm32f103xe.o(RESET)
 <LI><a href="#[21]">EXTI9_5_IRQHandler</a> from startup_stm32f103xe.o(.text) referenced from startup_stm32f103xe.o(RESET)
 <LI><a href="#[e]">FLASH_IRQHandler</a> from startup_stm32f103xe.o(.text) referenced from startup_stm32f103xe.o(RESET)
 <LI><a href="#[3a]">FSMC_IRQHandler</a> from startup_stm32f103xe.o(.text) referenced from startup_stm32f103xe.o(RESET)
 <LI><a href="#[2]">HardFault_Handler</a> from stm32f1xx_it.o(i.HardFault_Handler) referenced from startup_stm32f103xe.o(RESET)
 <LI><a href="#[2a]">I2C1_ER_IRQHandler</a> from startup_stm32f103xe.o(.text) referenced from startup_stm32f103xe.o(RESET)
 <LI><a href="#[29]">I2C1_EV_IRQHandler</a> from startup_stm32f103xe.o(.text) referenced from startup_stm32f103xe.o(RESET)
 <LI><a href="#[2c]">I2C2_ER_IRQHandler</a> from startup_stm32f103xe.o(.text) referenced from startup_stm32f103xe.o(RESET)
 <LI><a href="#[2b]">I2C2_EV_IRQHandler</a> from startup_stm32f103xe.o(.text) referenced from startup_stm32f103xe.o(RESET)
 <LI><a href="#[3]">MemManage_Handler</a> from stm32f1xx_it.o(i.MemManage_Handler) referenced from startup_stm32f103xe.o(RESET)
 <LI><a href="#[1]">NMI_Handler</a> from stm32f1xx_it.o(i.NMI_Handler) referenced from startup_stm32f103xe.o(RESET)
 <LI><a href="#[b]">PVD_IRQHandler</a> from startup_stm32f103xe.o(.text) referenced from startup_stm32f103xe.o(RESET)
 <LI><a href="#[8]">PendSV_Handler</a> from stm32f1xx_it.o(i.PendSV_Handler) referenced from startup_stm32f103xe.o(RESET)
 <LI><a href="#[f]">RCC_IRQHandler</a> from startup_stm32f103xe.o(.text) referenced from startup_stm32f103xe.o(RESET)
 <LI><a href="#[33]">RTC_Alarm_IRQHandler</a> from startup_stm32f103xe.o(.text) referenced from startup_stm32f103xe.o(RESET)
 <LI><a href="#[d]">RTC_IRQHandler</a> from startup_stm32f103xe.o(.text) referenced from startup_stm32f103xe.o(RESET)
 <LI><a href="#[0]">Reset_Handler</a> from startup_stm32f103xe.o(.text) referenced from startup_stm32f103xe.o(RESET)
 <LI><a href="#[3b]">SDIO_IRQHandler</a> from stm32f1xx_it.o(i.SDIO_IRQHandler) referenced from startup_stm32f103xe.o(RESET)
 <LI><a href="#[49]">SD_DMA_RxCplt</a> from stm32f1xx_hal_sd.o(i.SD_DMA_RxCplt) referenced from stm32f1xx_hal_sd.o(i.HAL_SD_ReadBlocks_DMA)
 <LI><a href="#[4a]">SD_DMA_RxError</a> from stm32f1xx_hal_sd.o(i.SD_DMA_RxError) referenced from stm32f1xx_hal_sd.o(i.HAL_SD_ReadBlocks_DMA)
 <LI><a href="#[4b]">SD_DMA_TxCplt</a> from stm32f1xx_hal_sd.o(i.SD_DMA_TxCplt) referenced from stm32f1xx_hal_sd.o(i.HAL_SD_WriteBlocks_DMA)
 <LI><a href="#[4c]">SD_DMA_TxError</a> from stm32f1xx_hal_sd.o(i.SD_DMA_TxError) referenced from stm32f1xx_hal_sd.o(i.HAL_SD_WriteBlocks_DMA)
 <LI><a href="#[2d]">SPI1_IRQHandler</a> from startup_stm32f103xe.o(.text) referenced from startup_stm32f103xe.o(RESET)
 <LI><a href="#[2e]">SPI2_IRQHandler</a> from startup_stm32f103xe.o(.text) referenced from startup_stm32f103xe.o(RESET)
 <LI><a href="#[3d]">SPI3_IRQHandler</a> from startup_stm32f103xe.o(.text) referenced from startup_stm32f103xe.o(RESET)
 <LI><a href="#[57]">STORAGE_GetCapacity_FS</a> from usbd_storage_if.o(i.STORAGE_GetCapacity_FS) referenced from usbd_storage_if.o(.data)
 <LI><a href="#[5c]">STORAGE_GetMaxLun_FS</a> from usbd_storage_if.o(i.STORAGE_GetMaxLun_FS) referenced from usbd_storage_if.o(.data)
 <LI><a href="#[56]">STORAGE_Init_FS</a> from usbd_storage_if.o(i.STORAGE_Init_FS) referenced from usbd_storage_if.o(.data)
 <LI><a href="#[58]">STORAGE_IsReady_FS</a> from usbd_storage_if.o(i.STORAGE_IsReady_FS) referenced from usbd_storage_if.o(.data)
 <LI><a href="#[59]">STORAGE_IsWriteProtected_FS</a> from usbd_storage_if.o(i.STORAGE_IsWriteProtected_FS) referenced from usbd_storage_if.o(.data)
 <LI><a href="#[5a]">STORAGE_Read_FS</a> from usbd_storage_if.o(i.STORAGE_Read_FS) referenced from usbd_storage_if.o(.data)
 <LI><a href="#[5b]">STORAGE_Write_FS</a> from usbd_storage_if.o(i.STORAGE_Write_FS) referenced from usbd_storage_if.o(.data)
 <LI><a href="#[6]">SVC_Handler</a> from stm32f1xx_it.o(i.SVC_Handler) referenced from startup_stm32f103xe.o(RESET)
 <LI><a href="#[9]">SysTick_Handler</a> from stm32f1xx_it.o(i.SysTick_Handler) referenced from startup_stm32f103xe.o(RESET)
 <LI><a href="#[47]">SystemInit</a> from system_stm32f1xx.o(i.SystemInit) referenced from startup_stm32f103xe.o(.text)
 <LI><a href="#[c]">TAMPER_IRQHandler</a> from startup_stm32f103xe.o(.text) referenced from startup_stm32f103xe.o(RESET)
 <LI><a href="#[22]">TIM1_BRK_IRQHandler</a> from startup_stm32f103xe.o(.text) referenced from startup_stm32f103xe.o(RESET)
 <LI><a href="#[25]">TIM1_CC_IRQHandler</a> from startup_stm32f103xe.o(.text) referenced from startup_stm32f103xe.o(RESET)
 <LI><a href="#[24]">TIM1_TRG_COM_IRQHandler</a> from startup_stm32f103xe.o(.text) referenced from startup_stm32f103xe.o(RESET)
 <LI><a href="#[23]">TIM1_UP_IRQHandler</a> from startup_stm32f103xe.o(.text) referenced from startup_stm32f103xe.o(RESET)
 <LI><a href="#[26]">TIM2_IRQHandler</a> from startup_stm32f103xe.o(.text) referenced from startup_stm32f103xe.o(RESET)
 <LI><a href="#[27]">TIM3_IRQHandler</a> from startup_stm32f103xe.o(.text) referenced from startup_stm32f103xe.o(RESET)
 <LI><a href="#[28]">TIM4_IRQHandler</a> from startup_stm32f103xe.o(.text) referenced from startup_stm32f103xe.o(RESET)
 <LI><a href="#[3c]">TIM5_IRQHandler</a> from startup_stm32f103xe.o(.text) referenced from startup_stm32f103xe.o(RESET)
 <LI><a href="#[40]">TIM6_IRQHandler</a> from startup_stm32f103xe.o(.text) referenced from startup_stm32f103xe.o(RESET)
 <LI><a href="#[41]">TIM7_IRQHandler</a> from startup_stm32f103xe.o(.text) referenced from startup_stm32f103xe.o(RESET)
 <LI><a href="#[35]">TIM8_BRK_IRQHandler</a> from startup_stm32f103xe.o(.text) referenced from startup_stm32f103xe.o(RESET)
 <LI><a href="#[38]">TIM8_CC_IRQHandler</a> from startup_stm32f103xe.o(.text) referenced from startup_stm32f103xe.o(RESET)
 <LI><a href="#[37]">TIM8_TRG_COM_IRQHandler</a> from startup_stm32f103xe.o(.text) referenced from startup_stm32f103xe.o(RESET)
 <LI><a href="#[36]">TIM8_UP_IRQHandler</a> from startup_stm32f103xe.o(.text) referenced from startup_stm32f103xe.o(RESET)
 <LI><a href="#[3e]">UART4_IRQHandler</a> from startup_stm32f103xe.o(.text) referenced from startup_stm32f103xe.o(RESET)
 <LI><a href="#[3f]">UART5_IRQHandler</a> from startup_stm32f103xe.o(.text) referenced from startup_stm32f103xe.o(RESET)
 <LI><a href="#[2f]">USART1_IRQHandler</a> from startup_stm32f103xe.o(.text) referenced from startup_stm32f103xe.o(RESET)
 <LI><a href="#[30]">USART2_IRQHandler</a> from startup_stm32f103xe.o(.text) referenced from startup_stm32f103xe.o(RESET)
 <LI><a href="#[31]">USART3_IRQHandler</a> from startup_stm32f103xe.o(.text) referenced from startup_stm32f103xe.o(RESET)
 <LI><a href="#[62]">USBD_FS_ConfigStrDescriptor</a> from usbd_desc.o(i.USBD_FS_ConfigStrDescriptor) referenced from usbd_desc.o(.data)
 <LI><a href="#[5d]">USBD_FS_DeviceDescriptor</a> from usbd_desc.o(i.USBD_FS_DeviceDescriptor) referenced from usbd_desc.o(.data)
 <LI><a href="#[63]">USBD_FS_InterfaceStrDescriptor</a> from usbd_desc.o(i.USBD_FS_InterfaceStrDescriptor) referenced from usbd_desc.o(.data)
 <LI><a href="#[5e]">USBD_FS_LangIDStrDescriptor</a> from usbd_desc.o(i.USBD_FS_LangIDStrDescriptor) referenced from usbd_desc.o(.data)
 <LI><a href="#[5f]">USBD_FS_ManufacturerStrDescriptor</a> from usbd_desc.o(i.USBD_FS_ManufacturerStrDescriptor) referenced from usbd_desc.o(.data)
 <LI><a href="#[60]">USBD_FS_ProductStrDescriptor</a> from usbd_desc.o(i.USBD_FS_ProductStrDescriptor) referenced from usbd_desc.o(.data)
 <LI><a href="#[61]">USBD_FS_SerialStrDescriptor</a> from usbd_desc.o(i.USBD_FS_SerialStrDescriptor) referenced from usbd_desc.o(.data)
 <LI><a href="#[50]">USBD_MSC_DataIn</a> from usbd_msc.o(i.USBD_MSC_DataIn) referenced from usbd_msc.o(.data)
 <LI><a href="#[51]">USBD_MSC_DataOut</a> from usbd_msc.o(i.USBD_MSC_DataOut) referenced from usbd_msc.o(.data)
 <LI><a href="#[4e]">USBD_MSC_DeInit</a> from usbd_msc.o(i.USBD_MSC_DeInit) referenced from usbd_msc.o(.data)
 <LI><a href="#[55]">USBD_MSC_GetDeviceQualifierDescriptor</a> from usbd_msc.o(i.USBD_MSC_GetDeviceQualifierDescriptor) referenced from usbd_msc.o(.data)
 <LI><a href="#[53]">USBD_MSC_GetFSCfgDesc</a> from usbd_msc.o(i.USBD_MSC_GetFSCfgDesc) referenced from usbd_msc.o(.data)
 <LI><a href="#[52]">USBD_MSC_GetHSCfgDesc</a> from usbd_msc.o(i.USBD_MSC_GetHSCfgDesc) referenced from usbd_msc.o(.data)
 <LI><a href="#[54]">USBD_MSC_GetOtherSpeedCfgDesc</a> from usbd_msc.o(i.USBD_MSC_GetOtherSpeedCfgDesc) referenced from usbd_msc.o(.data)
 <LI><a href="#[4d]">USBD_MSC_Init</a> from usbd_msc.o(i.USBD_MSC_Init) referenced from usbd_msc.o(.data)
 <LI><a href="#[4f]">USBD_MSC_Setup</a> from usbd_msc.o(i.USBD_MSC_Setup) referenced from usbd_msc.o(.data)
 <LI><a href="#[34]">USBWakeUp_IRQHandler</a> from startup_stm32f103xe.o(.text) referenced from startup_stm32f103xe.o(RESET)
 <LI><a href="#[1d]">USB_HP_CAN1_TX_IRQHandler</a> from startup_stm32f103xe.o(.text) referenced from startup_stm32f103xe.o(RESET)
 <LI><a href="#[1e]">USB_LP_CAN1_RX0_IRQHandler</a> from stm32f1xx_it.o(i.USB_LP_CAN1_RX0_IRQHandler) referenced from startup_stm32f103xe.o(RESET)
 <LI><a href="#[5]">UsageFault_Handler</a> from stm32f1xx_it.o(i.UsageFault_Handler) referenced from startup_stm32f103xe.o(RESET)
 <LI><a href="#[a]">WWDG_IRQHandler</a> from startup_stm32f103xe.o(.text) referenced from startup_stm32f103xe.o(RESET)
 <LI><a href="#[48]">__main</a> from entry.o(.ARM.Collect$$$$00000000) referenced from startup_stm32f103xe.o(.text)
 <LI><a href="#[46]">main</a> from main.o(i.main) referenced from entry9a.o(.ARM.Collect$$$$0000000B)
</UL>
<P>
<H3>
Global Symbols
</H3>
<P><STRONG><a name="[48]"></a>__main</STRONG> (Thumb, 0 bytes, Stack size unknown bytes, entry.o(.ARM.Collect$$$$00000000))
<BR>[Address Reference Count : 1]<UL><LI> startup_stm32f103xe.o(.text)
</UL>
<P><STRONG><a name="[117]"></a>_main_stk</STRONG> (Thumb, 0 bytes, Stack size unknown bytes, entry2.o(.ARM.Collect$$$$00000001))

<P><STRONG><a name="[64]"></a>_main_scatterload</STRONG> (Thumb, 0 bytes, Stack size unknown bytes, entry5.o(.ARM.Collect$$$$00000004))
<BR><BR>[Calls]<UL><LI><a href="#[65]">&gt;&gt;</a>&nbsp;&nbsp;&nbsp;__scatterload
</UL>

<P><STRONG><a name="[69]"></a>__main_after_scatterload</STRONG> (Thumb, 0 bytes, Stack size unknown bytes, entry5.o(.ARM.Collect$$$$00000004))
<BR><BR>[Called By]<UL><LI><a href="#[65]">&gt;&gt;</a>&nbsp;&nbsp;&nbsp;__scatterload
</UL>

<P><STRONG><a name="[118]"></a>_main_clock</STRONG> (Thumb, 0 bytes, Stack size unknown bytes, entry7b.o(.ARM.Collect$$$$00000008))

<P><STRONG><a name="[119]"></a>_main_cpp_init</STRONG> (Thumb, 0 bytes, Stack size unknown bytes, entry8b.o(.ARM.Collect$$$$0000000A))

<P><STRONG><a name="[11a]"></a>_main_init</STRONG> (Thumb, 0 bytes, Stack size unknown bytes, entry9a.o(.ARM.Collect$$$$0000000B))

<P><STRONG><a name="[11b]"></a>__rt_final_cpp</STRONG> (Thumb, 0 bytes, Stack size unknown bytes, entry10a.o(.ARM.Collect$$$$0000000D))

<P><STRONG><a name="[11c]"></a>__rt_final_exit</STRONG> (Thumb, 0 bytes, Stack size unknown bytes, entry11a.o(.ARM.Collect$$$$0000000F))

<P><STRONG><a name="[0]"></a>Reset_Handler</STRONG> (Thumb, 8 bytes, Stack size 0 bytes, startup_stm32f103xe.o(.text))
<BR>[Address Reference Count : 1]<UL><LI> startup_stm32f103xe.o(RESET)
</UL>
<P><STRONG><a name="[1c]"></a>ADC1_2_IRQHandler</STRONG> (Thumb, 0 bytes, Stack size 0 bytes, startup_stm32f103xe.o(.text))
<BR><BR>[Calls]<UL><LI><a href="#[1c]">&gt;&gt;</a>&nbsp;&nbsp;&nbsp;ADC1_2_IRQHandler
</UL>
<BR>[Called By]<UL><LI><a href="#[1c]">&gt;&gt;</a>&nbsp;&nbsp;&nbsp;ADC1_2_IRQHandler
</UL>
<BR>[Address Reference Count : 1]<UL><LI> startup_stm32f103xe.o(RESET)
</UL>
<P><STRONG><a name="[39]"></a>ADC3_IRQHandler</STRONG> (Thumb, 0 bytes, Stack size 0 bytes, startup_stm32f103xe.o(.text))
<BR>[Address Reference Count : 1]<UL><LI> startup_stm32f103xe.o(RESET)
</UL>
<P><STRONG><a name="[1f]"></a>CAN1_RX1_IRQHandler</STRONG> (Thumb, 0 bytes, Stack size 0 bytes, startup_stm32f103xe.o(.text))
<BR>[Address Reference Count : 1]<UL><LI> startup_stm32f103xe.o(RESET)
</UL>
<P><STRONG><a name="[20]"></a>CAN1_SCE_IRQHandler</STRONG> (Thumb, 0 bytes, Stack size 0 bytes, startup_stm32f103xe.o(.text))
<BR>[Address Reference Count : 1]<UL><LI> startup_stm32f103xe.o(RESET)
</UL>
<P><STRONG><a name="[15]"></a>DMA1_Channel1_IRQHandler</STRONG> (Thumb, 0 bytes, Stack size 0 bytes, startup_stm32f103xe.o(.text))
<BR>[Address Reference Count : 1]<UL><LI> startup_stm32f103xe.o(RESET)
</UL>
<P><STRONG><a name="[16]"></a>DMA1_Channel2_IRQHandler</STRONG> (Thumb, 0 bytes, Stack size 0 bytes, startup_stm32f103xe.o(.text))
<BR>[Address Reference Count : 1]<UL><LI> startup_stm32f103xe.o(RESET)
</UL>
<P><STRONG><a name="[17]"></a>DMA1_Channel3_IRQHandler</STRONG> (Thumb, 0 bytes, Stack size 0 bytes, startup_stm32f103xe.o(.text))
<BR>[Address Reference Count : 1]<UL><LI> startup_stm32f103xe.o(RESET)
</UL>
<P><STRONG><a name="[18]"></a>DMA1_Channel4_IRQHandler</STRONG> (Thumb, 0 bytes, Stack size 0 bytes, startup_stm32f103xe.o(.text))
<BR>[Address Reference Count : 1]<UL><LI> startup_stm32f103xe.o(RESET)
</UL>
<P><STRONG><a name="[19]"></a>DMA1_Channel5_IRQHandler</STRONG> (Thumb, 0 bytes, Stack size 0 bytes, startup_stm32f103xe.o(.text))
<BR>[Address Reference Count : 1]<UL><LI> startup_stm32f103xe.o(RESET)
</UL>
<P><STRONG><a name="[1a]"></a>DMA1_Channel6_IRQHandler</STRONG> (Thumb, 0 bytes, Stack size 0 bytes, startup_stm32f103xe.o(.text))
<BR>[Address Reference Count : 1]<UL><LI> startup_stm32f103xe.o(RESET)
</UL>
<P><STRONG><a name="[1b]"></a>DMA1_Channel7_IRQHandler</STRONG> (Thumb, 0 bytes, Stack size 0 bytes, startup_stm32f103xe.o(.text))
<BR>[Address Reference Count : 1]<UL><LI> startup_stm32f103xe.o(RESET)
</UL>
<P><STRONG><a name="[42]"></a>DMA2_Channel1_IRQHandler</STRONG> (Thumb, 0 bytes, Stack size 0 bytes, startup_stm32f103xe.o(.text))
<BR>[Address Reference Count : 1]<UL><LI> startup_stm32f103xe.o(RESET)
</UL>
<P><STRONG><a name="[43]"></a>DMA2_Channel2_IRQHandler</STRONG> (Thumb, 0 bytes, Stack size 0 bytes, startup_stm32f103xe.o(.text))
<BR>[Address Reference Count : 1]<UL><LI> startup_stm32f103xe.o(RESET)
</UL>
<P><STRONG><a name="[44]"></a>DMA2_Channel3_IRQHandler</STRONG> (Thumb, 0 bytes, Stack size 0 bytes, startup_stm32f103xe.o(.text))
<BR>[Address Reference Count : 1]<UL><LI> startup_stm32f103xe.o(RESET)
</UL>
<P><STRONG><a name="[10]"></a>EXTI0_IRQHandler</STRONG> (Thumb, 0 bytes, Stack size 0 bytes, startup_stm32f103xe.o(.text))
<BR>[Address Reference Count : 1]<UL><LI> startup_stm32f103xe.o(RESET)
</UL>
<P><STRONG><a name="[32]"></a>EXTI15_10_IRQHandler</STRONG> (Thumb, 0 bytes, Stack size 0 bytes, startup_stm32f103xe.o(.text))
<BR>[Address Reference Count : 1]<UL><LI> startup_stm32f103xe.o(RESET)
</UL>
<P><STRONG><a name="[11]"></a>EXTI1_IRQHandler</STRONG> (Thumb, 0 bytes, Stack size 0 bytes, startup_stm32f103xe.o(.text))
<BR>[Address Reference Count : 1]<UL><LI> startup_stm32f103xe.o(RESET)
</UL>
<P><STRONG><a name="[12]"></a>EXTI2_IRQHandler</STRONG> (Thumb, 0 bytes, Stack size 0 bytes, startup_stm32f103xe.o(.text))
<BR>[Address Reference Count : 1]<UL><LI> startup_stm32f103xe.o(RESET)
</UL>
<P><STRONG><a name="[13]"></a>EXTI3_IRQHandler</STRONG> (Thumb, 0 bytes, Stack size 0 bytes, startup_stm32f103xe.o(.text))
<BR>[Address Reference Count : 1]<UL><LI> startup_stm32f103xe.o(RESET)
</UL>
<P><STRONG><a name="[14]"></a>EXTI4_IRQHandler</STRONG> (Thumb, 0 bytes, Stack size 0 bytes, startup_stm32f103xe.o(.text))
<BR>[Address Reference Count : 1]<UL><LI> startup_stm32f103xe.o(RESET)
</UL>
<P><STRONG><a name="[21]"></a>EXTI9_5_IRQHandler</STRONG> (Thumb, 0 bytes, Stack size 0 bytes, startup_stm32f103xe.o(.text))
<BR>[Address Reference Count : 1]<UL><LI> startup_stm32f103xe.o(RESET)
</UL>
<P><STRONG><a name="[e]"></a>FLASH_IRQHandler</STRONG> (Thumb, 0 bytes, Stack size 0 bytes, startup_stm32f103xe.o(.text))
<BR>[Address Reference Count : 1]<UL><LI> startup_stm32f103xe.o(RESET)
</UL>
<P><STRONG><a name="[3a]"></a>FSMC_IRQHandler</STRONG> (Thumb, 0 bytes, Stack size 0 bytes, startup_stm32f103xe.o(.text))
<BR>[Address Reference Count : 1]<UL><LI> startup_stm32f103xe.o(RESET)
</UL>
<P><STRONG><a name="[2a]"></a>I2C1_ER_IRQHandler</STRONG> (Thumb, 0 bytes, Stack size 0 bytes, startup_stm32f103xe.o(.text))
<BR>[Address Reference Count : 1]<UL><LI> startup_stm32f103xe.o(RESET)
</UL>
<P><STRONG><a name="[29]"></a>I2C1_EV_IRQHandler</STRONG> (Thumb, 0 bytes, Stack size 0 bytes, startup_stm32f103xe.o(.text))
<BR>[Address Reference Count : 1]<UL><LI> startup_stm32f103xe.o(RESET)
</UL>
<P><STRONG><a name="[2c]"></a>I2C2_ER_IRQHandler</STRONG> (Thumb, 0 bytes, Stack size 0 bytes, startup_stm32f103xe.o(.text))
<BR>[Address Reference Count : 1]<UL><LI> startup_stm32f103xe.o(RESET)
</UL>
<P><STRONG><a name="[2b]"></a>I2C2_EV_IRQHandler</STRONG> (Thumb, 0 bytes, Stack size 0 bytes, startup_stm32f103xe.o(.text))
<BR>[Address Reference Count : 1]<UL><LI> startup_stm32f103xe.o(RESET)
</UL>
<P><STRONG><a name="[b]"></a>PVD_IRQHandler</STRONG> (Thumb, 0 bytes, Stack size 0 bytes, startup_stm32f103xe.o(.text))
<BR>[Address Reference Count : 1]<UL><LI> startup_stm32f103xe.o(RESET)
</UL>
<P><STRONG><a name="[f]"></a>RCC_IRQHandler</STRONG> (Thumb, 0 bytes, Stack size 0 bytes, startup_stm32f103xe.o(.text))
<BR>[Address Reference Count : 1]<UL><LI> startup_stm32f103xe.o(RESET)
</UL>
<P><STRONG><a name="[33]"></a>RTC_Alarm_IRQHandler</STRONG> (Thumb, 0 bytes, Stack size 0 bytes, startup_stm32f103xe.o(.text))
<BR>[Address Reference Count : 1]<UL><LI> startup_stm32f103xe.o(RESET)
</UL>
<P><STRONG><a name="[d]"></a>RTC_IRQHandler</STRONG> (Thumb, 0 bytes, Stack size 0 bytes, startup_stm32f103xe.o(.text))
<BR>[Address Reference Count : 1]<UL><LI> startup_stm32f103xe.o(RESET)
</UL>
<P><STRONG><a name="[2d]"></a>SPI1_IRQHandler</STRONG> (Thumb, 0 bytes, Stack size 0 bytes, startup_stm32f103xe.o(.text))
<BR>[Address Reference Count : 1]<UL><LI> startup_stm32f103xe.o(RESET)
</UL>
<P><STRONG><a name="[2e]"></a>SPI2_IRQHandler</STRONG> (Thumb, 0 bytes, Stack size 0 bytes, startup_stm32f103xe.o(.text))
<BR>[Address Reference Count : 1]<UL><LI> startup_stm32f103xe.o(RESET)
</UL>
<P><STRONG><a name="[3d]"></a>SPI3_IRQHandler</STRONG> (Thumb, 0 bytes, Stack size 0 bytes, startup_stm32f103xe.o(.text))
<BR>[Address Reference Count : 1]<UL><LI> startup_stm32f103xe.o(RESET)
</UL>
<P><STRONG><a name="[c]"></a>TAMPER_IRQHandler</STRONG> (Thumb, 0 bytes, Stack size 0 bytes, startup_stm32f103xe.o(.text))
<BR>[Address Reference Count : 1]<UL><LI> startup_stm32f103xe.o(RESET)
</UL>
<P><STRONG><a name="[22]"></a>TIM1_BRK_IRQHandler</STRONG> (Thumb, 0 bytes, Stack size 0 bytes, startup_stm32f103xe.o(.text))
<BR>[Address Reference Count : 1]<UL><LI> startup_stm32f103xe.o(RESET)
</UL>
<P><STRONG><a name="[25]"></a>TIM1_CC_IRQHandler</STRONG> (Thumb, 0 bytes, Stack size 0 bytes, startup_stm32f103xe.o(.text))
<BR>[Address Reference Count : 1]<UL><LI> startup_stm32f103xe.o(RESET)
</UL>
<P><STRONG><a name="[24]"></a>TIM1_TRG_COM_IRQHandler</STRONG> (Thumb, 0 bytes, Stack size 0 bytes, startup_stm32f103xe.o(.text))
<BR>[Address Reference Count : 1]<UL><LI> startup_stm32f103xe.o(RESET)
</UL>
<P><STRONG><a name="[23]"></a>TIM1_UP_IRQHandler</STRONG> (Thumb, 0 bytes, Stack size 0 bytes, startup_stm32f103xe.o(.text))
<BR>[Address Reference Count : 1]<UL><LI> startup_stm32f103xe.o(RESET)
</UL>
<P><STRONG><a name="[26]"></a>TIM2_IRQHandler</STRONG> (Thumb, 0 bytes, Stack size 0 bytes, startup_stm32f103xe.o(.text))
<BR>[Address Reference Count : 1]<UL><LI> startup_stm32f103xe.o(RESET)
</UL>
<P><STRONG><a name="[27]"></a>TIM3_IRQHandler</STRONG> (Thumb, 0 bytes, Stack size 0 bytes, startup_stm32f103xe.o(.text))
<BR>[Address Reference Count : 1]<UL><LI> startup_stm32f103xe.o(RESET)
</UL>
<P><STRONG><a name="[28]"></a>TIM4_IRQHandler</STRONG> (Thumb, 0 bytes, Stack size 0 bytes, startup_stm32f103xe.o(.text))
<BR>[Address Reference Count : 1]<UL><LI> startup_stm32f103xe.o(RESET)
</UL>
<P><STRONG><a name="[3c]"></a>TIM5_IRQHandler</STRONG> (Thumb, 0 bytes, Stack size 0 bytes, startup_stm32f103xe.o(.text))
<BR>[Address Reference Count : 1]<UL><LI> startup_stm32f103xe.o(RESET)
</UL>
<P><STRONG><a name="[40]"></a>TIM6_IRQHandler</STRONG> (Thumb, 0 bytes, Stack size 0 bytes, startup_stm32f103xe.o(.text))
<BR>[Address Reference Count : 1]<UL><LI> startup_stm32f103xe.o(RESET)
</UL>
<P><STRONG><a name="[41]"></a>TIM7_IRQHandler</STRONG> (Thumb, 0 bytes, Stack size 0 bytes, startup_stm32f103xe.o(.text))
<BR>[Address Reference Count : 1]<UL><LI> startup_stm32f103xe.o(RESET)
</UL>
<P><STRONG><a name="[35]"></a>TIM8_BRK_IRQHandler</STRONG> (Thumb, 0 bytes, Stack size 0 bytes, startup_stm32f103xe.o(.text))
<BR>[Address Reference Count : 1]<UL><LI> startup_stm32f103xe.o(RESET)
</UL>
<P><STRONG><a name="[38]"></a>TIM8_CC_IRQHandler</STRONG> (Thumb, 0 bytes, Stack size 0 bytes, startup_stm32f103xe.o(.text))
<BR>[Address Reference Count : 1]<UL><LI> startup_stm32f103xe.o(RESET)
</UL>
<P><STRONG><a name="[37]"></a>TIM8_TRG_COM_IRQHandler</STRONG> (Thumb, 0 bytes, Stack size 0 bytes, startup_stm32f103xe.o(.text))
<BR>[Address Reference Count : 1]<UL><LI> startup_stm32f103xe.o(RESET)
</UL>
<P><STRONG><a name="[36]"></a>TIM8_UP_IRQHandler</STRONG> (Thumb, 0 bytes, Stack size 0 bytes, startup_stm32f103xe.o(.text))
<BR>[Address Reference Count : 1]<UL><LI> startup_stm32f103xe.o(RESET)
</UL>
<P><STRONG><a name="[3e]"></a>UART4_IRQHandler</STRONG> (Thumb, 0 bytes, Stack size 0 bytes, startup_stm32f103xe.o(.text))
<BR>[Address Reference Count : 1]<UL><LI> startup_stm32f103xe.o(RESET)
</UL>
<P><STRONG><a name="[3f]"></a>UART5_IRQHandler</STRONG> (Thumb, 0 bytes, Stack size 0 bytes, startup_stm32f103xe.o(.text))
<BR>[Address Reference Count : 1]<UL><LI> startup_stm32f103xe.o(RESET)
</UL>
<P><STRONG><a name="[2f]"></a>USART1_IRQHandler</STRONG> (Thumb, 0 bytes, Stack size 0 bytes, startup_stm32f103xe.o(.text))
<BR>[Address Reference Count : 1]<UL><LI> startup_stm32f103xe.o(RESET)
</UL>
<P><STRONG><a name="[30]"></a>USART2_IRQHandler</STRONG> (Thumb, 0 bytes, Stack size 0 bytes, startup_stm32f103xe.o(.text))
<BR>[Address Reference Count : 1]<UL><LI> startup_stm32f103xe.o(RESET)
</UL>
<P><STRONG><a name="[31]"></a>USART3_IRQHandler</STRONG> (Thumb, 0 bytes, Stack size 0 bytes, startup_stm32f103xe.o(.text))
<BR>[Address Reference Count : 1]<UL><LI> startup_stm32f103xe.o(RESET)
</UL>
<P><STRONG><a name="[34]"></a>USBWakeUp_IRQHandler</STRONG> (Thumb, 0 bytes, Stack size 0 bytes, startup_stm32f103xe.o(.text))
<BR>[Address Reference Count : 1]<UL><LI> startup_stm32f103xe.o(RESET)
</UL>
<P><STRONG><a name="[1d]"></a>USB_HP_CAN1_TX_IRQHandler</STRONG> (Thumb, 0 bytes, Stack size 0 bytes, startup_stm32f103xe.o(.text))
<BR>[Address Reference Count : 1]<UL><LI> startup_stm32f103xe.o(RESET)
</UL>
<P><STRONG><a name="[a]"></a>WWDG_IRQHandler</STRONG> (Thumb, 0 bytes, Stack size 0 bytes, startup_stm32f103xe.o(.text))
<BR>[Address Reference Count : 1]<UL><LI> startup_stm32f103xe.o(RESET)
</UL>
<P><STRONG><a name="[11d]"></a>__aeabi_memcpy</STRONG> (Thumb, 36 bytes, Stack size 0 bytes, memcpya.o(.text), UNUSED)

<P><STRONG><a name="[6a]"></a>__aeabi_memcpy4</STRONG> (Thumb, 0 bytes, Stack size 0 bytes, memcpya.o(.text))
<BR><BR>[Called By]<UL><LI><a href="#[45]">&gt;&gt;</a>&nbsp;&nbsp;&nbsp;DMA2_Channel4_5_IRQHandler
<LI><a href="#[97]">&gt;&gt;</a>&nbsp;&nbsp;&nbsp;HAL_PCD_Init
</UL>

<P><STRONG><a name="[11e]"></a>__aeabi_memcpy8</STRONG> (Thumb, 0 bytes, Stack size 0 bytes, memcpya.o(.text), UNUSED)

<P><STRONG><a name="[67]"></a>__aeabi_memset</STRONG> (Thumb, 14 bytes, Stack size 0 bytes, memseta.o(.text), UNUSED)
<BR><BR>[Called By]<UL><LI><a href="#[68]">&gt;&gt;</a>&nbsp;&nbsp;&nbsp;_memset$wrapper
<LI><a href="#[66]">&gt;&gt;</a>&nbsp;&nbsp;&nbsp;__aeabi_memclr
</UL>

<P><STRONG><a name="[11f]"></a>__aeabi_memset4</STRONG> (Thumb, 0 bytes, Stack size 0 bytes, memseta.o(.text), UNUSED)

<P><STRONG><a name="[120]"></a>__aeabi_memset8</STRONG> (Thumb, 0 bytes, Stack size 0 bytes, memseta.o(.text), UNUSED)

<P><STRONG><a name="[66]"></a>__aeabi_memclr</STRONG> (Thumb, 4 bytes, Stack size 0 bytes, memseta.o(.text), UNUSED)
<BR><BR>[Calls]<UL><LI><a href="#[67]">&gt;&gt;</a>&nbsp;&nbsp;&nbsp;__aeabi_memset
</UL>

<P><STRONG><a name="[b7]"></a>__aeabi_memclr4</STRONG> (Thumb, 0 bytes, Stack size 0 bytes, memseta.o(.text))
<BR><BR>[Called By]<UL><LI><a href="#[c3]">&gt;&gt;</a>&nbsp;&nbsp;&nbsp;HAL_SD_WideBusOperation_Config
<LI><a href="#[b6]">&gt;&gt;</a>&nbsp;&nbsp;&nbsp;HAL_SD_Init
<LI><a href="#[c6]">&gt;&gt;</a>&nbsp;&nbsp;&nbsp;HAL_SD_WriteBlocks_DMA
<LI><a href="#[c1]">&gt;&gt;</a>&nbsp;&nbsp;&nbsp;HAL_SD_ReadBlocks_DMA
<LI><a href="#[af]">&gt;&gt;</a>&nbsp;&nbsp;&nbsp;HAL_SD_StopTransfer
<LI><a href="#[c4]">&gt;&gt;</a>&nbsp;&nbsp;&nbsp;SD_WideBus_Enable
<LI><a href="#[c5]">&gt;&gt;</a>&nbsp;&nbsp;&nbsp;SD_WideBus_Disable
<LI><a href="#[ba]">&gt;&gt;</a>&nbsp;&nbsp;&nbsp;SD_PowerON
<LI><a href="#[bb]">&gt;&gt;</a>&nbsp;&nbsp;&nbsp;SD_Initialize_Cards
<LI><a href="#[b2]">&gt;&gt;</a>&nbsp;&nbsp;&nbsp;SD_GetState
<LI><a href="#[f2]">&gt;&gt;</a>&nbsp;&nbsp;&nbsp;SD_FindSCR
</UL>

<P><STRONG><a name="[121]"></a>__aeabi_memclr8</STRONG> (Thumb, 0 bytes, Stack size 0 bytes, memseta.o(.text), UNUSED)

<P><STRONG><a name="[68]"></a>_memset$wrapper</STRONG> (Thumb, 18 bytes, Stack size 8 bytes, memseta.o(.text), UNUSED)
<BR><BR>[Calls]<UL><LI><a href="#[67]">&gt;&gt;</a>&nbsp;&nbsp;&nbsp;__aeabi_memset
</UL>

<P><STRONG><a name="[65]"></a>__scatterload</STRONG> (Thumb, 28 bytes, Stack size 0 bytes, init.o(.text))
<BR><BR>[Calls]<UL><LI><a href="#[69]">&gt;&gt;</a>&nbsp;&nbsp;&nbsp;__main_after_scatterload
</UL>
<BR>[Called By]<UL><LI><a href="#[64]">&gt;&gt;</a>&nbsp;&nbsp;&nbsp;_main_scatterload
</UL>

<P><STRONG><a name="[122]"></a>__scatterload_rt2</STRONG> (Thumb, 0 bytes, Stack size 0 bytes, init.o(.text), UNUSED)

<P><STRONG><a name="[4]"></a>BusFault_Handler</STRONG> (Thumb, 2 bytes, Stack size 0 bytes, stm32f1xx_it.o(i.BusFault_Handler))
<BR><BR>[Calls]<UL><LI><a href="#[4]">&gt;&gt;</a>&nbsp;&nbsp;&nbsp;BusFault_Handler
</UL>
<BR>[Called By]<UL><LI><a href="#[4]">&gt;&gt;</a>&nbsp;&nbsp;&nbsp;BusFault_Handler
</UL>
<BR>[Address Reference Count : 1]<UL><LI> startup_stm32f103xe.o(RESET)
</UL>
<P><STRONG><a name="[45]"></a>DMA2_Channel4_5_IRQHandler</STRONG> (Thumb, 46 bytes, Stack size 16 bytes, stm32f1xx_it.o(i.DMA2_Channel4_5_IRQHandler))
<BR><BR>[Stack]<UL><LI>Max Depth = 56<LI>Call Chain = DMA2_Channel4_5_IRQHandler &rArr; HAL_DMA_IRQHandler
</UL>
<BR>[Calls]<UL><LI><a href="#[6b]">&gt;&gt;</a>&nbsp;&nbsp;&nbsp;HAL_DMA_IRQHandler
<LI><a href="#[6a]">&gt;&gt;</a>&nbsp;&nbsp;&nbsp;__aeabi_memcpy4
</UL>
<BR>[Address Reference Count : 1]<UL><LI> startup_stm32f103xe.o(RESET)
</UL>
<P><STRONG><a name="[7]"></a>DebugMon_Handler</STRONG> (Thumb, 2 bytes, Stack size 0 bytes, stm32f1xx_it.o(i.DebugMon_Handler))
<BR>[Address Reference Count : 1]<UL><LI> startup_stm32f103xe.o(RESET)
</UL>
<P><STRONG><a name="[6c]"></a>Error_Handler</STRONG> (Thumb, 2 bytes, Stack size 0 bytes, main.o(i.Error_Handler))
<BR><BR>[Calls]<UL><LI><a href="#[6c]">&gt;&gt;</a>&nbsp;&nbsp;&nbsp;Error_Handler
</UL>
<BR>[Called By]<UL><LI><a href="#[6c]">&gt;&gt;</a>&nbsp;&nbsp;&nbsp;Error_Handler
<LI><a href="#[d9]">&gt;&gt;</a>&nbsp;&nbsp;&nbsp;MX_SDIO_SD_Init
<LI><a href="#[b8]">&gt;&gt;</a>&nbsp;&nbsp;&nbsp;HAL_SD_MspInit
<LI><a href="#[103]">&gt;&gt;</a>&nbsp;&nbsp;&nbsp;USBD_LL_Init
</UL>

<P><STRONG><a name="[6d]"></a>HAL_DMA_Abort</STRONG> (Thumb, 86 bytes, Stack size 24 bytes, stm32f1xx_hal_dma.o(i.HAL_DMA_Abort))
<BR><BR>[Stack]<UL><LI>Max Depth = 24<LI>Call Chain = HAL_DMA_Abort
</UL>
<BR>[Calls]<UL><LI><a href="#[6e]">&gt;&gt;</a>&nbsp;&nbsp;&nbsp;HAL_GetTick
</UL>
<BR>[Called By]<UL><LI><a href="#[ed]">&gt;&gt;</a>&nbsp;&nbsp;&nbsp;SD_DMAConfigTx
<LI><a href="#[eb]">&gt;&gt;</a>&nbsp;&nbsp;&nbsp;SD_DMAConfigRx
</UL>

<P><STRONG><a name="[ec]"></a>HAL_DMA_DeInit</STRONG> (Thumb, 672 bytes, Stack size 36 bytes, stm32f1xx_hal_dma.o(i.HAL_DMA_DeInit))
<BR><BR>[Stack]<UL><LI>Max Depth = 36<LI>Call Chain = HAL_DMA_DeInit
</UL>
<BR>[Called By]<UL><LI><a href="#[ed]">&gt;&gt;</a>&nbsp;&nbsp;&nbsp;SD_DMAConfigTx
<LI><a href="#[eb]">&gt;&gt;</a>&nbsp;&nbsp;&nbsp;SD_DMAConfigRx
</UL>

<P><STRONG><a name="[6b]"></a>HAL_DMA_IRQHandler</STRONG> (Thumb, 1198 bytes, Stack size 40 bytes, stm32f1xx_hal_dma.o(i.HAL_DMA_IRQHandler))
<BR><BR>[Stack]<UL><LI>Max Depth = 40<LI>Call Chain = HAL_DMA_IRQHandler
</UL>
<BR>[Called By]<UL><LI><a href="#[45]">&gt;&gt;</a>&nbsp;&nbsp;&nbsp;DMA2_Channel4_5_IRQHandler
</UL>

<P><STRONG><a name="[c0]"></a>HAL_DMA_Init</STRONG> (Thumb, 80 bytes, Stack size 16 bytes, stm32f1xx_hal_dma.o(i.HAL_DMA_Init))
<BR><BR>[Stack]<UL><LI>Max Depth = 16<LI>Call Chain = HAL_DMA_Init
</UL>
<BR>[Called By]<UL><LI><a href="#[ed]">&gt;&gt;</a>&nbsp;&nbsp;&nbsp;SD_DMAConfigTx
<LI><a href="#[eb]">&gt;&gt;</a>&nbsp;&nbsp;&nbsp;SD_DMAConfigRx
<LI><a href="#[b8]">&gt;&gt;</a>&nbsp;&nbsp;&nbsp;HAL_SD_MspInit
</UL>

<P><STRONG><a name="[6f]"></a>HAL_DMA_Start_IT</STRONG> (Thumb, 88 bytes, Stack size 16 bytes, stm32f1xx_hal_dma.o(i.HAL_DMA_Start_IT))
<BR><BR>[Stack]<UL><LI>Max Depth = 24<LI>Call Chain = HAL_DMA_Start_IT &rArr; DMA_SetConfig
</UL>
<BR>[Calls]<UL><LI><a href="#[70]">&gt;&gt;</a>&nbsp;&nbsp;&nbsp;DMA_SetConfig
</UL>
<BR>[Called By]<UL><LI><a href="#[c6]">&gt;&gt;</a>&nbsp;&nbsp;&nbsp;HAL_SD_WriteBlocks_DMA
<LI><a href="#[c1]">&gt;&gt;</a>&nbsp;&nbsp;&nbsp;HAL_SD_ReadBlocks_DMA
</UL>

<P><STRONG><a name="[71]"></a>HAL_Delay</STRONG> (Thumb, 22 bytes, Stack size 16 bytes, stm32f1xx_hal.o(i.HAL_Delay))
<BR><BR>[Stack]<UL><LI>Max Depth = 16<LI>Call Chain = HAL_Delay
</UL>
<BR>[Calls]<UL><LI><a href="#[6e]">&gt;&gt;</a>&nbsp;&nbsp;&nbsp;HAL_GetTick
</UL>
<BR>[Called By]<UL><LI><a href="#[ad]">&gt;&gt;</a>&nbsp;&nbsp;&nbsp;HAL_RCC_OscConfig
<LI><a href="#[ba]">&gt;&gt;</a>&nbsp;&nbsp;&nbsp;SD_PowerON
</UL>

<P><STRONG><a name="[bf]"></a>HAL_GPIO_Init</STRONG> (Thumb, 446 bytes, Stack size 40 bytes, stm32f1xx_hal_gpio.o(i.HAL_GPIO_Init))
<BR><BR>[Stack]<UL><LI>Max Depth = 40<LI>Call Chain = HAL_GPIO_Init
</UL>
<BR>[Called By]<UL><LI><a href="#[b8]">&gt;&gt;</a>&nbsp;&nbsp;&nbsp;HAL_SD_MspInit
</UL>

<P><STRONG><a name="[7b]"></a>HAL_GPIO_WritePin</STRONG> (Thumb, 10 bytes, Stack size 0 bytes, stm32f1xx_hal_gpio.o(i.HAL_GPIO_WritePin))
<BR><BR>[Called By]<UL><LI><a href="#[7a]">&gt;&gt;</a>&nbsp;&nbsp;&nbsp;HAL_PCDEx_SetConnectionState
</UL>

<P><STRONG><a name="[6e]"></a>HAL_GetTick</STRONG> (Thumb, 6 bytes, Stack size 0 bytes, stm32f1xx_hal.o(i.HAL_GetTick))
<BR><BR>[Called By]<UL><LI><a href="#[6d]">&gt;&gt;</a>&nbsp;&nbsp;&nbsp;HAL_DMA_Abort
<LI><a href="#[ad]">&gt;&gt;</a>&nbsp;&nbsp;&nbsp;HAL_RCC_OscConfig
<LI><a href="#[ab]">&gt;&gt;</a>&nbsp;&nbsp;&nbsp;HAL_RCC_ClockConfig
<LI><a href="#[aa]">&gt;&gt;</a>&nbsp;&nbsp;&nbsp;HAL_RCCEx_PeriphCLKConfig
<LI><a href="#[71]">&gt;&gt;</a>&nbsp;&nbsp;&nbsp;HAL_Delay
</UL>

<P><STRONG><a name="[f8]"></a>HAL_IncTick</STRONG> (Thumb, 10 bytes, Stack size 0 bytes, stm32f1xx_hal.o(i.HAL_IncTick))
<BR><BR>[Called By]<UL><LI><a href="#[9]">&gt;&gt;</a>&nbsp;&nbsp;&nbsp;SysTick_Handler
</UL>

<P><STRONG><a name="[72]"></a>HAL_Init</STRONG> (Thumb, 32 bytes, Stack size 8 bytes, stm32f1xx_hal.o(i.HAL_Init))
<BR><BR>[Stack]<UL><LI>Max Depth = 32<LI>Call Chain = HAL_Init &rArr; HAL_MspInit &rArr; HAL_NVIC_SetPriority
</UL>
<BR>[Calls]<UL><LI><a href="#[73]">&gt;&gt;</a>&nbsp;&nbsp;&nbsp;HAL_NVIC_SetPriorityGrouping
<LI><a href="#[75]">&gt;&gt;</a>&nbsp;&nbsp;&nbsp;HAL_MspInit
<LI><a href="#[74]">&gt;&gt;</a>&nbsp;&nbsp;&nbsp;HAL_InitTick
</UL>
<BR>[Called By]<UL><LI><a href="#[46]">&gt;&gt;</a>&nbsp;&nbsp;&nbsp;main
</UL>

<P><STRONG><a name="[74]"></a>HAL_InitTick</STRONG> (Thumb, 34 bytes, Stack size 8 bytes, stm32f1xx_hal.o(i.HAL_InitTick))
<BR><BR>[Stack]<UL><LI>Max Depth = 24<LI>Call Chain = HAL_InitTick &rArr; HAL_NVIC_SetPriority
</UL>
<BR>[Calls]<UL><LI><a href="#[78]">&gt;&gt;</a>&nbsp;&nbsp;&nbsp;HAL_NVIC_SetPriority
<LI><a href="#[77]">&gt;&gt;</a>&nbsp;&nbsp;&nbsp;HAL_SYSTICK_Config
<LI><a href="#[76]">&gt;&gt;</a>&nbsp;&nbsp;&nbsp;HAL_RCC_GetHCLKFreq
</UL>
<BR>[Called By]<UL><LI><a href="#[ab]">&gt;&gt;</a>&nbsp;&nbsp;&nbsp;HAL_RCC_ClockConfig
<LI><a href="#[72]">&gt;&gt;</a>&nbsp;&nbsp;&nbsp;HAL_Init
</UL>

<P><STRONG><a name="[75]"></a>HAL_MspInit</STRONG> (Thumb, 118 bytes, Stack size 8 bytes, stm32f1xx_hal_msp.o(i.HAL_MspInit))
<BR><BR>[Stack]<UL><LI>Max Depth = 24<LI>Call Chain = HAL_MspInit &rArr; HAL_NVIC_SetPriority
</UL>
<BR>[Calls]<UL><LI><a href="#[78]">&gt;&gt;</a>&nbsp;&nbsp;&nbsp;HAL_NVIC_SetPriority
<LI><a href="#[73]">&gt;&gt;</a>&nbsp;&nbsp;&nbsp;HAL_NVIC_SetPriorityGrouping
</UL>
<BR>[Called By]<UL><LI><a href="#[72]">&gt;&gt;</a>&nbsp;&nbsp;&nbsp;HAL_Init
</UL>

<P><STRONG><a name="[9e]"></a>HAL_NVIC_EnableIRQ</STRONG> (Thumb, 22 bytes, Stack size 0 bytes, stm32f1xx_hal_cortex.o(i.HAL_NVIC_EnableIRQ))
<BR><BR>[Called By]<UL><LI><a href="#[ed]">&gt;&gt;</a>&nbsp;&nbsp;&nbsp;SD_DMAConfigTx
<LI><a href="#[eb]">&gt;&gt;</a>&nbsp;&nbsp;&nbsp;SD_DMAConfigRx
<LI><a href="#[b8]">&gt;&gt;</a>&nbsp;&nbsp;&nbsp;HAL_SD_MspInit
<LI><a href="#[d8]">&gt;&gt;</a>&nbsp;&nbsp;&nbsp;MX_DMA_Init
<LI><a href="#[98]">&gt;&gt;</a>&nbsp;&nbsp;&nbsp;HAL_PCD_MspInit
</UL>

<P><STRONG><a name="[78]"></a>HAL_NVIC_SetPriority</STRONG> (Thumb, 60 bytes, Stack size 16 bytes, stm32f1xx_hal_cortex.o(i.HAL_NVIC_SetPriority))
<BR><BR>[Stack]<UL><LI>Max Depth = 16<LI>Call Chain = HAL_NVIC_SetPriority
</UL>
<BR>[Calls]<UL><LI><a href="#[79]">&gt;&gt;</a>&nbsp;&nbsp;&nbsp;NVIC_SetPriority
</UL>
<BR>[Called By]<UL><LI><a href="#[ed]">&gt;&gt;</a>&nbsp;&nbsp;&nbsp;SD_DMAConfigTx
<LI><a href="#[eb]">&gt;&gt;</a>&nbsp;&nbsp;&nbsp;SD_DMAConfigRx
<LI><a href="#[b8]">&gt;&gt;</a>&nbsp;&nbsp;&nbsp;HAL_SD_MspInit
<LI><a href="#[d8]">&gt;&gt;</a>&nbsp;&nbsp;&nbsp;MX_DMA_Init
<LI><a href="#[f9]">&gt;&gt;</a>&nbsp;&nbsp;&nbsp;SystemClock_Config
<LI><a href="#[75]">&gt;&gt;</a>&nbsp;&nbsp;&nbsp;HAL_MspInit
<LI><a href="#[98]">&gt;&gt;</a>&nbsp;&nbsp;&nbsp;HAL_PCD_MspInit
<LI><a href="#[74]">&gt;&gt;</a>&nbsp;&nbsp;&nbsp;HAL_InitTick
</UL>

<P><STRONG><a name="[73]"></a>HAL_NVIC_SetPriorityGrouping</STRONG> (Thumb, 26 bytes, Stack size 0 bytes, stm32f1xx_hal_cortex.o(i.HAL_NVIC_SetPriorityGrouping))
<BR><BR>[Called By]<UL><LI><a href="#[72]">&gt;&gt;</a>&nbsp;&nbsp;&nbsp;HAL_Init
<LI><a href="#[75]">&gt;&gt;</a>&nbsp;&nbsp;&nbsp;HAL_MspInit
</UL>

<P><STRONG><a name="[107]"></a>HAL_PCDEx_PMAConfig</STRONG> (Thumb, 52 bytes, Stack size 8 bytes, stm32f1xx_hal_pcd_ex.o(i.HAL_PCDEx_PMAConfig))
<BR><BR>[Stack]<UL><LI>Max Depth = 8<LI>Call Chain = HAL_PCDEx_PMAConfig
</UL>
<BR>[Called By]<UL><LI><a href="#[103]">&gt;&gt;</a>&nbsp;&nbsp;&nbsp;USBD_LL_Init
</UL>

<P><STRONG><a name="[7a]"></a>HAL_PCDEx_SetConnectionState</STRONG> (Thumb, 22 bytes, Stack size 0 bytes, usbd_conf.o(i.HAL_PCDEx_SetConnectionState))
<BR><BR>[Calls]<UL><LI><a href="#[7b]">&gt;&gt;</a>&nbsp;&nbsp;&nbsp;HAL_GPIO_WritePin
</UL>
<BR>[Called By]<UL><LI><a href="#[a6]">&gt;&gt;</a>&nbsp;&nbsp;&nbsp;HAL_PCD_Start
</UL>

<P><STRONG><a name="[7c]"></a>HAL_PCD_DataInStageCallback</STRONG> (Thumb, 14 bytes, Stack size 0 bytes, usbd_conf.o(i.HAL_PCD_DataInStageCallback))
<BR><BR>[Stack]<UL><LI>Max Depth = 88<LI>Call Chain = HAL_PCD_DataInStageCallback &rArr; USBD_LL_DataInStage &rArr; USBD_CtlReceiveStatus &rArr; USBD_LL_PrepareReceive &rArr; HAL_PCD_EP_Receive &rArr; USB_EPStartXfer &rArr; USB_WritePMA
</UL>
<BR>[Calls]<UL><LI><a href="#[7d]">&gt;&gt;</a>&nbsp;&nbsp;&nbsp;USBD_LL_DataInStage
</UL>
<BR>[Called By]<UL><LI><a href="#[91]">&gt;&gt;</a>&nbsp;&nbsp;&nbsp;PCD_EP_ISR_Handler
</UL>

<P><STRONG><a name="[7e]"></a>HAL_PCD_DataOutStageCallback</STRONG> (Thumb, 16 bytes, Stack size 0 bytes, usbd_conf.o(i.HAL_PCD_DataOutStageCallback))
<BR><BR>[Stack]<UL><LI>Max Depth = 80<LI>Call Chain = HAL_PCD_DataOutStageCallback &rArr; USBD_LL_DataOutStage &rArr; USBD_CtlContinueRx &rArr; USBD_LL_PrepareReceive &rArr; HAL_PCD_EP_Receive &rArr; USB_EPStartXfer &rArr; USB_WritePMA
</UL>
<BR>[Calls]<UL><LI><a href="#[7f]">&gt;&gt;</a>&nbsp;&nbsp;&nbsp;USBD_LL_DataOutStage
</UL>
<BR>[Called By]<UL><LI><a href="#[91]">&gt;&gt;</a>&nbsp;&nbsp;&nbsp;PCD_EP_ISR_Handler
</UL>

<P><STRONG><a name="[80]"></a>HAL_PCD_EP_Close</STRONG> (Thumb, 64 bytes, Stack size 8 bytes, stm32f1xx_hal_pcd.o(i.HAL_PCD_EP_Close))
<BR><BR>[Stack]<UL><LI>Max Depth = 36<LI>Call Chain = HAL_PCD_EP_Close &rArr; USB_DeactivateEndpoint
</UL>
<BR>[Calls]<UL><LI><a href="#[81]">&gt;&gt;</a>&nbsp;&nbsp;&nbsp;USB_DeactivateEndpoint
</UL>
<BR>[Called By]<UL><LI><a href="#[105]">&gt;&gt;</a>&nbsp;&nbsp;&nbsp;USBD_LL_CloseEP
</UL>

<P><STRONG><a name="[82]"></a>HAL_PCD_EP_ClrStall</STRONG> (Thumb, 72 bytes, Stack size 16 bytes, stm32f1xx_hal_pcd.o(i.HAL_PCD_EP_ClrStall))
<BR><BR>[Stack]<UL><LI>Max Depth = 28<LI>Call Chain = HAL_PCD_EP_ClrStall &rArr; USB_EPClearStall
</UL>
<BR>[Calls]<UL><LI><a href="#[83]">&gt;&gt;</a>&nbsp;&nbsp;&nbsp;USB_EPClearStall
</UL>
<BR>[Called By]<UL><LI><a href="#[104]">&gt;&gt;</a>&nbsp;&nbsp;&nbsp;USBD_LL_ClearStallEP
</UL>

<P><STRONG><a name="[84]"></a>HAL_PCD_EP_Flush</STRONG> (Thumb, 52 bytes, Stack size 8 bytes, stm32f1xx_hal_pcd.o(i.HAL_PCD_EP_Flush))
<BR><BR>[Stack]<UL><LI>Max Depth = 8<LI>Call Chain = HAL_PCD_EP_Flush
</UL>
<BR>[Calls]<UL><LI><a href="#[85]">&gt;&gt;</a>&nbsp;&nbsp;&nbsp;USB_FlushTxFifo
<LI><a href="#[86]">&gt;&gt;</a>&nbsp;&nbsp;&nbsp;USB_FlushRxFifo
</UL>
<BR>[Called By]<UL><LI><a href="#[d6]">&gt;&gt;</a>&nbsp;&nbsp;&nbsp;USBD_LL_FlushEP
</UL>

<P><STRONG><a name="[106]"></a>HAL_PCD_EP_GetRxCount</STRONG> (Thumb, 16 bytes, Stack size 0 bytes, stm32f1xx_hal_pcd.o(i.HAL_PCD_EP_GetRxCount))
<BR><BR>[Called By]<UL><LI><a href="#[cd]">&gt;&gt;</a>&nbsp;&nbsp;&nbsp;USBD_LL_GetRxDataSize
</UL>

<P><STRONG><a name="[87]"></a>HAL_PCD_EP_Open</STRONG> (Thumb, 68 bytes, Stack size 16 bytes, stm32f1xx_hal_pcd.o(i.HAL_PCD_EP_Open))
<BR><BR>[Stack]<UL><LI>Max Depth = 48<LI>Call Chain = HAL_PCD_EP_Open &rArr; USB_ActivateEndpoint
</UL>
<BR>[Calls]<UL><LI><a href="#[88]">&gt;&gt;</a>&nbsp;&nbsp;&nbsp;USB_ActivateEndpoint
</UL>
<BR>[Called By]<UL><LI><a href="#[108]">&gt;&gt;</a>&nbsp;&nbsp;&nbsp;USBD_LL_OpenEP
</UL>

<P><STRONG><a name="[89]"></a>HAL_PCD_EP_Receive</STRONG> (Thumb, 64 bytes, Stack size 16 bytes, stm32f1xx_hal_pcd.o(i.HAL_PCD_EP_Receive))
<BR><BR>[Stack]<UL><LI>Max Depth = 48<LI>Call Chain = HAL_PCD_EP_Receive &rArr; USB_EPStartXfer &rArr; USB_WritePMA
</UL>
<BR>[Calls]<UL><LI><a href="#[8a]">&gt;&gt;</a>&nbsp;&nbsp;&nbsp;USB_EPStartXfer
</UL>
<BR>[Called By]<UL><LI><a href="#[cb]">&gt;&gt;</a>&nbsp;&nbsp;&nbsp;USBD_LL_PrepareReceive
<LI><a href="#[91]">&gt;&gt;</a>&nbsp;&nbsp;&nbsp;PCD_EP_ISR_Handler
</UL>

<P><STRONG><a name="[8b]"></a>HAL_PCD_EP_SetStall</STRONG> (Thumb, 86 bytes, Stack size 16 bytes, stm32f1xx_hal_pcd.o(i.HAL_PCD_EP_SetStall))
<BR><BR>[Stack]<UL><LI>Max Depth = 24<LI>Call Chain = HAL_PCD_EP_SetStall &rArr; USB_EPSetStall
</UL>
<BR>[Calls]<UL><LI><a href="#[8c]">&gt;&gt;</a>&nbsp;&nbsp;&nbsp;USB_EPSetStall
<LI><a href="#[8d]">&gt;&gt;</a>&nbsp;&nbsp;&nbsp;USB_EP0_OutStart
</UL>
<BR>[Called By]<UL><LI><a href="#[ca]">&gt;&gt;</a>&nbsp;&nbsp;&nbsp;USBD_LL_StallEP
</UL>

<P><STRONG><a name="[8e]"></a>HAL_PCD_EP_Transmit</STRONG> (Thumb, 62 bytes, Stack size 16 bytes, stm32f1xx_hal_pcd.o(i.HAL_PCD_EP_Transmit))
<BR><BR>[Stack]<UL><LI>Max Depth = 48<LI>Call Chain = HAL_PCD_EP_Transmit &rArr; USB_EPStartXfer &rArr; USB_WritePMA
</UL>
<BR>[Calls]<UL><LI><a href="#[8a]">&gt;&gt;</a>&nbsp;&nbsp;&nbsp;USB_EPStartXfer
</UL>
<BR>[Called By]<UL><LI><a href="#[d0]">&gt;&gt;</a>&nbsp;&nbsp;&nbsp;USBD_LL_Transmit
<LI><a href="#[91]">&gt;&gt;</a>&nbsp;&nbsp;&nbsp;PCD_EP_ISR_Handler
</UL>

<P><STRONG><a name="[8f]"></a>HAL_PCD_IRQHandler</STRONG> (Thumb, 266 bytes, Stack size 8 bytes, stm32f1xx_hal_pcd.o(i.HAL_PCD_IRQHandler))
<BR><BR>[Stack]<UL><LI>Max Depth = 184<LI>Call Chain = HAL_PCD_IRQHandler &rArr; PCD_EP_ISR_Handler &rArr; HAL_PCD_SetupStageCallback &rArr; USBD_LL_SetupStage &rArr; USBD_StdDevReq &rArr; USBD_GetDescriptor &rArr; USBD_CtlSendData &rArr; USBD_LL_Transmit &rArr; HAL_PCD_EP_Transmit &rArr; USB_EPStartXfer &rArr; USB_WritePMA
</UL>
<BR>[Calls]<UL><LI><a href="#[93]">&gt;&gt;</a>&nbsp;&nbsp;&nbsp;HAL_PCD_SetAddress
<LI><a href="#[95]">&gt;&gt;</a>&nbsp;&nbsp;&nbsp;HAL_PCD_SuspendCallback
<LI><a href="#[96]">&gt;&gt;</a>&nbsp;&nbsp;&nbsp;HAL_PCD_SOFCallback
<LI><a href="#[94]">&gt;&gt;</a>&nbsp;&nbsp;&nbsp;HAL_PCD_ResumeCallback
<LI><a href="#[92]">&gt;&gt;</a>&nbsp;&nbsp;&nbsp;HAL_PCD_ResetCallback
<LI><a href="#[91]">&gt;&gt;</a>&nbsp;&nbsp;&nbsp;PCD_EP_ISR_Handler
<LI><a href="#[90]">&gt;&gt;</a>&nbsp;&nbsp;&nbsp;USB_ReadInterrupts
</UL>
<BR>[Called By]<UL><LI><a href="#[1e]">&gt;&gt;</a>&nbsp;&nbsp;&nbsp;USB_LP_CAN1_RX0_IRQHandler
</UL>

<P><STRONG><a name="[97]"></a>HAL_PCD_Init</STRONG> (Thumb, 192 bytes, Stack size 48 bytes, stm32f1xx_hal_pcd.o(i.HAL_PCD_Init))
<BR><BR>[Stack]<UL><LI>Max Depth = 72<LI>Call Chain = HAL_PCD_Init &rArr; HAL_PCD_MspInit &rArr; HAL_NVIC_SetPriority
</UL>
<BR>[Calls]<UL><LI><a href="#[98]">&gt;&gt;</a>&nbsp;&nbsp;&nbsp;HAL_PCD_MspInit
<LI><a href="#[6a]">&gt;&gt;</a>&nbsp;&nbsp;&nbsp;__aeabi_memcpy4
<LI><a href="#[9b]">&gt;&gt;</a>&nbsp;&nbsp;&nbsp;USB_SetCurrentMode
<LI><a href="#[99]">&gt;&gt;</a>&nbsp;&nbsp;&nbsp;USB_DisableGlobalInt
<LI><a href="#[9c]">&gt;&gt;</a>&nbsp;&nbsp;&nbsp;USB_DevInit
<LI><a href="#[9d]">&gt;&gt;</a>&nbsp;&nbsp;&nbsp;USB_DevDisconnect
<LI><a href="#[9a]">&gt;&gt;</a>&nbsp;&nbsp;&nbsp;USB_CoreInit
</UL>
<BR>[Called By]<UL><LI><a href="#[103]">&gt;&gt;</a>&nbsp;&nbsp;&nbsp;USBD_LL_Init
</UL>

<P><STRONG><a name="[98]"></a>HAL_PCD_MspInit</STRONG> (Thumb, 50 bytes, Stack size 8 bytes, usbd_conf.o(i.HAL_PCD_MspInit))
<BR><BR>[Stack]<UL><LI>Max Depth = 24<LI>Call Chain = HAL_PCD_MspInit &rArr; HAL_NVIC_SetPriority
</UL>
<BR>[Calls]<UL><LI><a href="#[78]">&gt;&gt;</a>&nbsp;&nbsp;&nbsp;HAL_NVIC_SetPriority
<LI><a href="#[9e]">&gt;&gt;</a>&nbsp;&nbsp;&nbsp;HAL_NVIC_EnableIRQ
</UL>
<BR>[Called By]<UL><LI><a href="#[97]">&gt;&gt;</a>&nbsp;&nbsp;&nbsp;HAL_PCD_Init
</UL>

<P><STRONG><a name="[92]"></a>HAL_PCD_ResetCallback</STRONG> (Thumb, 26 bytes, Stack size 8 bytes, usbd_conf.o(i.HAL_PCD_ResetCallback))
<BR><BR>[Stack]<UL><LI>Max Depth = 88<LI>Call Chain = HAL_PCD_ResetCallback &rArr; USBD_LL_Reset &rArr; USBD_LL_OpenEP &rArr; HAL_PCD_EP_Open &rArr; USB_ActivateEndpoint
</UL>
<BR>[Calls]<UL><LI><a href="#[9f]">&gt;&gt;</a>&nbsp;&nbsp;&nbsp;USBD_LL_SetSpeed
<LI><a href="#[a0]">&gt;&gt;</a>&nbsp;&nbsp;&nbsp;USBD_LL_Reset
</UL>
<BR>[Called By]<UL><LI><a href="#[8f]">&gt;&gt;</a>&nbsp;&nbsp;&nbsp;HAL_PCD_IRQHandler
</UL>

<P><STRONG><a name="[94]"></a>HAL_PCD_ResumeCallback</STRONG> (Thumb, 8 bytes, Stack size 0 bytes, usbd_conf.o(i.HAL_PCD_ResumeCallback))
<BR><BR>[Calls]<UL><LI><a href="#[a1]">&gt;&gt;</a>&nbsp;&nbsp;&nbsp;USBD_LL_Resume
</UL>
<BR>[Called By]<UL><LI><a href="#[8f]">&gt;&gt;</a>&nbsp;&nbsp;&nbsp;HAL_PCD_IRQHandler
</UL>

<P><STRONG><a name="[96]"></a>HAL_PCD_SOFCallback</STRONG> (Thumb, 8 bytes, Stack size 0 bytes, usbd_conf.o(i.HAL_PCD_SOFCallback))
<BR><BR>[Stack]<UL><LI>Max Depth = 8<LI>Call Chain = HAL_PCD_SOFCallback &rArr; USBD_LL_SOF
</UL>
<BR>[Calls]<UL><LI><a href="#[a2]">&gt;&gt;</a>&nbsp;&nbsp;&nbsp;USBD_LL_SOF
</UL>
<BR>[Called By]<UL><LI><a href="#[8f]">&gt;&gt;</a>&nbsp;&nbsp;&nbsp;HAL_PCD_IRQHandler
</UL>

<P><STRONG><a name="[93]"></a>HAL_PCD_SetAddress</STRONG> (Thumb, 40 bytes, Stack size 8 bytes, stm32f1xx_hal_pcd.o(i.HAL_PCD_SetAddress))
<BR><BR>[Stack]<UL><LI>Max Depth = 8<LI>Call Chain = HAL_PCD_SetAddress
</UL>
<BR>[Calls]<UL><LI><a href="#[a3]">&gt;&gt;</a>&nbsp;&nbsp;&nbsp;USB_SetDevAddress
</UL>
<BR>[Called By]<UL><LI><a href="#[109]">&gt;&gt;</a>&nbsp;&nbsp;&nbsp;USBD_LL_SetUSBAddress
<LI><a href="#[8f]">&gt;&gt;</a>&nbsp;&nbsp;&nbsp;HAL_PCD_IRQHandler
</UL>

<P><STRONG><a name="[a4]"></a>HAL_PCD_SetupStageCallback</STRONG> (Thumb, 14 bytes, Stack size 0 bytes, usbd_conf.o(i.HAL_PCD_SetupStageCallback))
<BR><BR>[Stack]<UL><LI>Max Depth = 128<LI>Call Chain = HAL_PCD_SetupStageCallback &rArr; USBD_LL_SetupStage &rArr; USBD_StdDevReq &rArr; USBD_GetDescriptor &rArr; USBD_CtlSendData &rArr; USBD_LL_Transmit &rArr; HAL_PCD_EP_Transmit &rArr; USB_EPStartXfer &rArr; USB_WritePMA
</UL>
<BR>[Calls]<UL><LI><a href="#[a5]">&gt;&gt;</a>&nbsp;&nbsp;&nbsp;USBD_LL_SetupStage
</UL>
<BR>[Called By]<UL><LI><a href="#[91]">&gt;&gt;</a>&nbsp;&nbsp;&nbsp;PCD_EP_ISR_Handler
</UL>

<P><STRONG><a name="[a6]"></a>HAL_PCD_Start</STRONG> (Thumb, 50 bytes, Stack size 8 bytes, stm32f1xx_hal_pcd.o(i.HAL_PCD_Start))
<BR><BR>[Stack]<UL><LI>Max Depth = 8<LI>Call Chain = HAL_PCD_Start
</UL>
<BR>[Calls]<UL><LI><a href="#[7a]">&gt;&gt;</a>&nbsp;&nbsp;&nbsp;HAL_PCDEx_SetConnectionState
<LI><a href="#[a8]">&gt;&gt;</a>&nbsp;&nbsp;&nbsp;USB_EnableGlobalInt
<LI><a href="#[a7]">&gt;&gt;</a>&nbsp;&nbsp;&nbsp;USB_DevConnect
</UL>
<BR>[Called By]<UL><LI><a href="#[10e]">&gt;&gt;</a>&nbsp;&nbsp;&nbsp;USBD_LL_Start
</UL>

<P><STRONG><a name="[95]"></a>HAL_PCD_SuspendCallback</STRONG> (Thumb, 30 bytes, Stack size 8 bytes, usbd_conf.o(i.HAL_PCD_SuspendCallback))
<BR><BR>[Stack]<UL><LI>Max Depth = 8<LI>Call Chain = HAL_PCD_SuspendCallback
</UL>
<BR>[Calls]<UL><LI><a href="#[a9]">&gt;&gt;</a>&nbsp;&nbsp;&nbsp;USBD_LL_Suspend
</UL>
<BR>[Called By]<UL><LI><a href="#[8f]">&gt;&gt;</a>&nbsp;&nbsp;&nbsp;HAL_PCD_IRQHandler
</UL>

<P><STRONG><a name="[aa]"></a>HAL_RCCEx_PeriphCLKConfig</STRONG> (Thumb, 288 bytes, Stack size 32 bytes, stm32f1xx_hal_rcc_ex.o(i.HAL_RCCEx_PeriphCLKConfig))
<BR><BR>[Stack]<UL><LI>Max Depth = 32<LI>Call Chain = HAL_RCCEx_PeriphCLKConfig
</UL>
<BR>[Calls]<UL><LI><a href="#[6e]">&gt;&gt;</a>&nbsp;&nbsp;&nbsp;HAL_GetTick
</UL>
<BR>[Called By]<UL><LI><a href="#[f9]">&gt;&gt;</a>&nbsp;&nbsp;&nbsp;SystemClock_Config
</UL>

<P><STRONG><a name="[ab]"></a>HAL_RCC_ClockConfig</STRONG> (Thumb, 374 bytes, Stack size 32 bytes, stm32f1xx_hal_rcc.o(i.HAL_RCC_ClockConfig))
<BR><BR>[Stack]<UL><LI>Max Depth = 60<LI>Call Chain = HAL_RCC_ClockConfig &rArr; HAL_RCC_GetSysClockFreq
</UL>
<BR>[Calls]<UL><LI><a href="#[ac]">&gt;&gt;</a>&nbsp;&nbsp;&nbsp;HAL_RCC_GetSysClockFreq
<LI><a href="#[74]">&gt;&gt;</a>&nbsp;&nbsp;&nbsp;HAL_InitTick
<LI><a href="#[6e]">&gt;&gt;</a>&nbsp;&nbsp;&nbsp;HAL_GetTick
</UL>
<BR>[Called By]<UL><LI><a href="#[f9]">&gt;&gt;</a>&nbsp;&nbsp;&nbsp;SystemClock_Config
</UL>

<P><STRONG><a name="[76]"></a>HAL_RCC_GetHCLKFreq</STRONG> (Thumb, 6 bytes, Stack size 0 bytes, stm32f1xx_hal_rcc.o(i.HAL_RCC_GetHCLKFreq))
<BR><BR>[Called By]<UL><LI><a href="#[f9]">&gt;&gt;</a>&nbsp;&nbsp;&nbsp;SystemClock_Config
<LI><a href="#[74]">&gt;&gt;</a>&nbsp;&nbsp;&nbsp;HAL_InitTick
</UL>

<P><STRONG><a name="[ac]"></a>HAL_RCC_GetSysClockFreq</STRONG> (Thumb, 102 bytes, Stack size 28 bytes, stm32f1xx_hal_rcc.o(i.HAL_RCC_GetSysClockFreq))
<BR><BR>[Stack]<UL><LI>Max Depth = 28<LI>Call Chain = HAL_RCC_GetSysClockFreq
</UL>
<BR>[Called By]<UL><LI><a href="#[ab]">&gt;&gt;</a>&nbsp;&nbsp;&nbsp;HAL_RCC_ClockConfig
</UL>

<P><STRONG><a name="[ad]"></a>HAL_RCC_OscConfig</STRONG> (Thumb, 1406 bytes, Stack size 40 bytes, stm32f1xx_hal_rcc.o(i.HAL_RCC_OscConfig))
<BR><BR>[Stack]<UL><LI>Max Depth = 56<LI>Call Chain = HAL_RCC_OscConfig &rArr; HAL_Delay
</UL>
<BR>[Calls]<UL><LI><a href="#[71]">&gt;&gt;</a>&nbsp;&nbsp;&nbsp;HAL_Delay
<LI><a href="#[6e]">&gt;&gt;</a>&nbsp;&nbsp;&nbsp;HAL_GetTick
</UL>
<BR>[Called By]<UL><LI><a href="#[f9]">&gt;&gt;</a>&nbsp;&nbsp;&nbsp;SystemClock_Config
</UL>

<P><STRONG><a name="[ae]"></a>HAL_SD_CheckReadOperation</STRONG> (Thumb, 94 bytes, Stack size 16 bytes, stm32f1xx_hal_sd.o(i.HAL_SD_CheckReadOperation))
<BR><BR>[Stack]<UL><LI>Max Depth = 72<LI>Call Chain = HAL_SD_CheckReadOperation &rArr; HAL_SD_StopTransfer &rArr; SD_CmdResp1Error &rArr; SDIO_GetResponse
</UL>
<BR>[Calls]<UL><LI><a href="#[af]">&gt;&gt;</a>&nbsp;&nbsp;&nbsp;HAL_SD_StopTransfer
</UL>
<BR>[Called By]<UL><LI><a href="#[5a]">&gt;&gt;</a>&nbsp;&nbsp;&nbsp;STORAGE_Read_FS
</UL>

<P><STRONG><a name="[b0]"></a>HAL_SD_CheckWriteOperation</STRONG> (Thumb, 108 bytes, Stack size 16 bytes, stm32f1xx_hal_sd.o(i.HAL_SD_CheckWriteOperation))
<BR><BR>[Stack]<UL><LI>Max Depth = 80<LI>Call Chain = HAL_SD_CheckWriteOperation &rArr; HAL_SD_GetStatus &rArr; SD_GetState &rArr; SD_CmdResp1Error &rArr; SDIO_GetResponse
</UL>
<BR>[Calls]<UL><LI><a href="#[af]">&gt;&gt;</a>&nbsp;&nbsp;&nbsp;HAL_SD_StopTransfer
<LI><a href="#[b1]">&gt;&gt;</a>&nbsp;&nbsp;&nbsp;HAL_SD_GetStatus
</UL>
<BR>[Called By]<UL><LI><a href="#[5b]">&gt;&gt;</a>&nbsp;&nbsp;&nbsp;STORAGE_Write_FS
</UL>

<P><STRONG><a name="[ee]"></a>HAL_SD_DMA_RxCpltCallback</STRONG> (Thumb, 2 bytes, Stack size 0 bytes, stm32f1xx_hal_sd.o(i.HAL_SD_DMA_RxCpltCallback))
<BR><BR>[Called By]<UL><LI><a href="#[49]">&gt;&gt;</a>&nbsp;&nbsp;&nbsp;SD_DMA_RxCplt
</UL>

<P><STRONG><a name="[ef]"></a>HAL_SD_DMA_RxErrorCallback</STRONG> (Thumb, 2 bytes, Stack size 0 bytes, stm32f1xx_hal_sd.o(i.HAL_SD_DMA_RxErrorCallback))
<BR><BR>[Called By]<UL><LI><a href="#[4a]">&gt;&gt;</a>&nbsp;&nbsp;&nbsp;SD_DMA_RxError
</UL>

<P><STRONG><a name="[f0]"></a>HAL_SD_DMA_TxCpltCallback</STRONG> (Thumb, 2 bytes, Stack size 0 bytes, stm32f1xx_hal_sd.o(i.HAL_SD_DMA_TxCpltCallback))
<BR><BR>[Called By]<UL><LI><a href="#[4b]">&gt;&gt;</a>&nbsp;&nbsp;&nbsp;SD_DMA_TxCplt
</UL>

<P><STRONG><a name="[f1]"></a>HAL_SD_DMA_TxErrorCallback</STRONG> (Thumb, 2 bytes, Stack size 0 bytes, stm32f1xx_hal_sd.o(i.HAL_SD_DMA_TxErrorCallback))
<BR><BR>[Called By]<UL><LI><a href="#[4c]">&gt;&gt;</a>&nbsp;&nbsp;&nbsp;SD_DMA_TxError
</UL>

<P><STRONG><a name="[b1]"></a>HAL_SD_GetStatus</STRONG> (Thumb, 26 bytes, Stack size 8 bytes, stm32f1xx_hal_sd.o(i.HAL_SD_GetStatus))
<BR><BR>[Stack]<UL><LI>Max Depth = 64<LI>Call Chain = HAL_SD_GetStatus &rArr; SD_GetState &rArr; SD_CmdResp1Error &rArr; SDIO_GetResponse
</UL>
<BR>[Calls]<UL><LI><a href="#[b2]">&gt;&gt;</a>&nbsp;&nbsp;&nbsp;SD_GetState
</UL>
<BR>[Called By]<UL><LI><a href="#[b0]">&gt;&gt;</a>&nbsp;&nbsp;&nbsp;HAL_SD_CheckWriteOperation
</UL>

<P><STRONG><a name="[bc]"></a>HAL_SD_Get_CardInfo</STRONG> (Thumb, 696 bytes, Stack size 32 bytes, stm32f1xx_hal_sd.o(i.HAL_SD_Get_CardInfo))
<BR><BR>[Stack]<UL><LI>Max Depth = 32<LI>Call Chain = HAL_SD_Get_CardInfo
</UL>
<BR>[Called By]<UL><LI><a href="#[b6]">&gt;&gt;</a>&nbsp;&nbsp;&nbsp;HAL_SD_Init
<LI><a href="#[57]">&gt;&gt;</a>&nbsp;&nbsp;&nbsp;STORAGE_GetCapacity_FS
</UL>

<P><STRONG><a name="[b3]"></a>HAL_SD_IRQHandler</STRONG> (Thumb, 124 bytes, Stack size 8 bytes, stm32f1xx_hal_sd.o(i.HAL_SD_IRQHandler))
<BR><BR>[Stack]<UL><LI>Max Depth = 8<LI>Call Chain = HAL_SD_IRQHandler
</UL>
<BR>[Calls]<UL><LI><a href="#[b5]">&gt;&gt;</a>&nbsp;&nbsp;&nbsp;HAL_SD_XferErrorCallback
<LI><a href="#[b4]">&gt;&gt;</a>&nbsp;&nbsp;&nbsp;HAL_SD_XferCpltCallback
</UL>
<BR>[Called By]<UL><LI><a href="#[3b]">&gt;&gt;</a>&nbsp;&nbsp;&nbsp;SDIO_IRQHandler
</UL>

<P><STRONG><a name="[b6]"></a>HAL_SD_Init</STRONG> (Thumb, 190 bytes, Stack size 80 bytes, stm32f1xx_hal_sd.o(i.HAL_SD_Init))
<BR><BR>[Stack]<UL><LI>Max Depth = 168<LI>Call Chain = HAL_SD_Init &rArr; SD_PowerON &rArr; SD_CmdResp1Error &rArr; SDIO_GetResponse
</UL>
<BR>[Calls]<UL><LI><a href="#[b8]">&gt;&gt;</a>&nbsp;&nbsp;&nbsp;HAL_SD_MspInit
<LI><a href="#[bc]">&gt;&gt;</a>&nbsp;&nbsp;&nbsp;HAL_SD_Get_CardInfo
<LI><a href="#[ba]">&gt;&gt;</a>&nbsp;&nbsp;&nbsp;SD_PowerON
<LI><a href="#[bb]">&gt;&gt;</a>&nbsp;&nbsp;&nbsp;SD_Initialize_Cards
<LI><a href="#[be]">&gt;&gt;</a>&nbsp;&nbsp;&nbsp;SD_CmdResp1Error
<LI><a href="#[bd]">&gt;&gt;</a>&nbsp;&nbsp;&nbsp;SDIO_SendCommand
<LI><a href="#[b9]">&gt;&gt;</a>&nbsp;&nbsp;&nbsp;SDIO_Init
<LI><a href="#[b7]">&gt;&gt;</a>&nbsp;&nbsp;&nbsp;__aeabi_memclr4
</UL>
<BR>[Called By]<UL><LI><a href="#[d9]">&gt;&gt;</a>&nbsp;&nbsp;&nbsp;MX_SDIO_SD_Init
<LI><a href="#[56]">&gt;&gt;</a>&nbsp;&nbsp;&nbsp;STORAGE_Init_FS
</UL>

<P><STRONG><a name="[b8]"></a>HAL_SD_MspInit</STRONG> (Thumb, 136 bytes, Stack size 40 bytes, sdio.o(i.HAL_SD_MspInit))
<BR><BR>[Stack]<UL><LI>Max Depth = 80<LI>Call Chain = HAL_SD_MspInit &rArr; HAL_GPIO_Init
</UL>
<BR>[Calls]<UL><LI><a href="#[78]">&gt;&gt;</a>&nbsp;&nbsp;&nbsp;HAL_NVIC_SetPriority
<LI><a href="#[9e]">&gt;&gt;</a>&nbsp;&nbsp;&nbsp;HAL_NVIC_EnableIRQ
<LI><a href="#[bf]">&gt;&gt;</a>&nbsp;&nbsp;&nbsp;HAL_GPIO_Init
<LI><a href="#[c0]">&gt;&gt;</a>&nbsp;&nbsp;&nbsp;HAL_DMA_Init
<LI><a href="#[6c]">&gt;&gt;</a>&nbsp;&nbsp;&nbsp;Error_Handler
</UL>
<BR>[Called By]<UL><LI><a href="#[b6]">&gt;&gt;</a>&nbsp;&nbsp;&nbsp;HAL_SD_Init
</UL>

<P><STRONG><a name="[c1]"></a>HAL_SD_ReadBlocks_DMA</STRONG> (Thumb, 248 bytes, Stack size 80 bytes, stm32f1xx_hal_sd.o(i.HAL_SD_ReadBlocks_DMA))
<BR><BR>[Stack]<UL><LI>Max Depth = 104<LI>Call Chain = HAL_SD_ReadBlocks_DMA &rArr; SD_CmdResp1Error &rArr; SDIO_GetResponse
</UL>
<BR>[Calls]<UL><LI><a href="#[be]">&gt;&gt;</a>&nbsp;&nbsp;&nbsp;SD_CmdResp1Error
<LI><a href="#[6f]">&gt;&gt;</a>&nbsp;&nbsp;&nbsp;HAL_DMA_Start_IT
<LI><a href="#[bd]">&gt;&gt;</a>&nbsp;&nbsp;&nbsp;SDIO_SendCommand
<LI><a href="#[c2]">&gt;&gt;</a>&nbsp;&nbsp;&nbsp;SDIO_DataConfig
<LI><a href="#[b7]">&gt;&gt;</a>&nbsp;&nbsp;&nbsp;__aeabi_memclr4
</UL>
<BR>[Called By]<UL><LI><a href="#[5a]">&gt;&gt;</a>&nbsp;&nbsp;&nbsp;STORAGE_Read_FS
</UL>

<P><STRONG><a name="[af]"></a>HAL_SD_StopTransfer</STRONG> (Thumb, 52 bytes, Stack size 32 bytes, stm32f1xx_hal_sd.o(i.HAL_SD_StopTransfer))
<BR><BR>[Stack]<UL><LI>Max Depth = 56<LI>Call Chain = HAL_SD_StopTransfer &rArr; SD_CmdResp1Error &rArr; SDIO_GetResponse
</UL>
<BR>[Calls]<UL><LI><a href="#[be]">&gt;&gt;</a>&nbsp;&nbsp;&nbsp;SD_CmdResp1Error
<LI><a href="#[bd]">&gt;&gt;</a>&nbsp;&nbsp;&nbsp;SDIO_SendCommand
<LI><a href="#[b7]">&gt;&gt;</a>&nbsp;&nbsp;&nbsp;__aeabi_memclr4
</UL>
<BR>[Called By]<UL><LI><a href="#[b0]">&gt;&gt;</a>&nbsp;&nbsp;&nbsp;HAL_SD_CheckWriteOperation
<LI><a href="#[ae]">&gt;&gt;</a>&nbsp;&nbsp;&nbsp;HAL_SD_CheckReadOperation
</UL>

<P><STRONG><a name="[c3]"></a>HAL_SD_WideBusOperation_Config</STRONG> (Thumb, 128 bytes, Stack size 56 bytes, stm32f1xx_hal_sd.o(i.HAL_SD_WideBusOperation_Config))
<BR><BR>[Stack]<UL><LI>Max Depth = 232<LI>Call Chain = HAL_SD_WideBusOperation_Config &rArr; SD_WideBus_Enable &rArr; SD_FindSCR &rArr; SD_CmdResp1Error &rArr; SDIO_GetResponse
</UL>
<BR>[Calls]<UL><LI><a href="#[c4]">&gt;&gt;</a>&nbsp;&nbsp;&nbsp;SD_WideBus_Enable
<LI><a href="#[c5]">&gt;&gt;</a>&nbsp;&nbsp;&nbsp;SD_WideBus_Disable
<LI><a href="#[b9]">&gt;&gt;</a>&nbsp;&nbsp;&nbsp;SDIO_Init
<LI><a href="#[b7]">&gt;&gt;</a>&nbsp;&nbsp;&nbsp;__aeabi_memclr4
</UL>
<BR>[Called By]<UL><LI><a href="#[d9]">&gt;&gt;</a>&nbsp;&nbsp;&nbsp;MX_SDIO_SD_Init
</UL>

<P><STRONG><a name="[c6]"></a>HAL_SD_WriteBlocks_DMA</STRONG> (Thumb, 252 bytes, Stack size 80 bytes, stm32f1xx_hal_sd.o(i.HAL_SD_WriteBlocks_DMA))
<BR><BR>[Stack]<UL><LI>Max Depth = 104<LI>Call Chain = HAL_SD_WriteBlocks_DMA &rArr; SD_CmdResp1Error &rArr; SDIO_GetResponse
</UL>
<BR>[Calls]<UL><LI><a href="#[be]">&gt;&gt;</a>&nbsp;&nbsp;&nbsp;SD_CmdResp1Error
<LI><a href="#[6f]">&gt;&gt;</a>&nbsp;&nbsp;&nbsp;HAL_DMA_Start_IT
<LI><a href="#[bd]">&gt;&gt;</a>&nbsp;&nbsp;&nbsp;SDIO_SendCommand
<LI><a href="#[c2]">&gt;&gt;</a>&nbsp;&nbsp;&nbsp;SDIO_DataConfig
<LI><a href="#[b7]">&gt;&gt;</a>&nbsp;&nbsp;&nbsp;__aeabi_memclr4
</UL>
<BR>[Called By]<UL><LI><a href="#[5b]">&gt;&gt;</a>&nbsp;&nbsp;&nbsp;STORAGE_Write_FS
</UL>

<P><STRONG><a name="[b4]"></a>HAL_SD_XferCpltCallback</STRONG> (Thumb, 2 bytes, Stack size 0 bytes, stm32f1xx_hal_sd.o(i.HAL_SD_XferCpltCallback))
<BR><BR>[Called By]<UL><LI><a href="#[b3]">&gt;&gt;</a>&nbsp;&nbsp;&nbsp;HAL_SD_IRQHandler
</UL>

<P><STRONG><a name="[b5]"></a>HAL_SD_XferErrorCallback</STRONG> (Thumb, 2 bytes, Stack size 0 bytes, stm32f1xx_hal_sd.o(i.HAL_SD_XferErrorCallback))
<BR><BR>[Called By]<UL><LI><a href="#[b3]">&gt;&gt;</a>&nbsp;&nbsp;&nbsp;HAL_SD_IRQHandler
</UL>

<P><STRONG><a name="[fa]"></a>HAL_SYSTICK_CLKSourceConfig</STRONG> (Thumb, 24 bytes, Stack size 0 bytes, stm32f1xx_hal_cortex.o(i.HAL_SYSTICK_CLKSourceConfig))
<BR><BR>[Called By]<UL><LI><a href="#[f9]">&gt;&gt;</a>&nbsp;&nbsp;&nbsp;SystemClock_Config
</UL>

<P><STRONG><a name="[c8]"></a>HAL_SYSTICK_Callback</STRONG> (Thumb, 2 bytes, Stack size 0 bytes, stm32f1xx_hal_cortex.o(i.HAL_SYSTICK_Callback))
<BR><BR>[Called By]<UL><LI><a href="#[c7]">&gt;&gt;</a>&nbsp;&nbsp;&nbsp;HAL_SYSTICK_IRQHandler
</UL>

<P><STRONG><a name="[77]"></a>HAL_SYSTICK_Config</STRONG> (Thumb, 40 bytes, Stack size 8 bytes, stm32f1xx_hal_cortex.o(i.HAL_SYSTICK_Config))
<BR><BR>[Stack]<UL><LI>Max Depth = 8<LI>Call Chain = HAL_SYSTICK_Config
</UL>
<BR>[Calls]<UL><LI><a href="#[79]">&gt;&gt;</a>&nbsp;&nbsp;&nbsp;NVIC_SetPriority
</UL>
<BR>[Called By]<UL><LI><a href="#[f9]">&gt;&gt;</a>&nbsp;&nbsp;&nbsp;SystemClock_Config
<LI><a href="#[74]">&gt;&gt;</a>&nbsp;&nbsp;&nbsp;HAL_InitTick
</UL>

<P><STRONG><a name="[c7]"></a>HAL_SYSTICK_IRQHandler</STRONG> (Thumb, 8 bytes, Stack size 8 bytes, stm32f1xx_hal_cortex.o(i.HAL_SYSTICK_IRQHandler))
<BR><BR>[Stack]<UL><LI>Max Depth = 8<LI>Call Chain = HAL_SYSTICK_IRQHandler
</UL>
<BR>[Calls]<UL><LI><a href="#[c8]">&gt;&gt;</a>&nbsp;&nbsp;&nbsp;HAL_SYSTICK_Callback
</UL>
<BR>[Called By]<UL><LI><a href="#[9]">&gt;&gt;</a>&nbsp;&nbsp;&nbsp;SysTick_Handler
</UL>

<P><STRONG><a name="[2]"></a>HardFault_Handler</STRONG> (Thumb, 2 bytes, Stack size 0 bytes, stm32f1xx_it.o(i.HardFault_Handler))
<BR><BR>[Calls]<UL><LI><a href="#[2]">&gt;&gt;</a>&nbsp;&nbsp;&nbsp;HardFault_Handler
</UL>
<BR>[Called By]<UL><LI><a href="#[2]">&gt;&gt;</a>&nbsp;&nbsp;&nbsp;HardFault_Handler
</UL>
<BR>[Address Reference Count : 1]<UL><LI> startup_stm32f103xe.o(RESET)
</UL>
<P><STRONG><a name="[d2]"></a>MSC_BOT_CplClrFeature</STRONG> (Thumb, 42 bytes, Stack size 8 bytes, usbd_msc_bot.o(i.MSC_BOT_CplClrFeature))
<BR><BR>[Stack]<UL><LI>Max Depth = 80<LI>Call Chain = MSC_BOT_CplClrFeature &rArr; MSC_BOT_SendCSW &rArr; USBD_LL_Transmit &rArr; HAL_PCD_EP_Transmit &rArr; USB_EPStartXfer &rArr; USB_WritePMA
</UL>
<BR>[Calls]<UL><LI><a href="#[ca]">&gt;&gt;</a>&nbsp;&nbsp;&nbsp;USBD_LL_StallEP
<LI><a href="#[d1]">&gt;&gt;</a>&nbsp;&nbsp;&nbsp;MSC_BOT_SendCSW
</UL>
<BR>[Called By]<UL><LI><a href="#[4f]">&gt;&gt;</a>&nbsp;&nbsp;&nbsp;USBD_MSC_Setup
</UL>

<P><STRONG><a name="[d3]"></a>MSC_BOT_DataIn</STRONG> (Thumb, 58 bytes, Stack size 8 bytes, usbd_msc_bot.o(i.MSC_BOT_DataIn))
<BR><BR>[Stack]<UL><LI>Max Depth = 160<LI>Call Chain = MSC_BOT_DataIn &rArr; SCSI_ProcessCmd &rArr; SCSI_Write10 &rArr; SCSI_ProcessWrite &rArr; MSC_BOT_SendCSW &rArr; USBD_LL_Transmit &rArr; HAL_PCD_EP_Transmit &rArr; USB_EPStartXfer &rArr; USB_WritePMA
</UL>
<BR>[Calls]<UL><LI><a href="#[cf]">&gt;&gt;</a>&nbsp;&nbsp;&nbsp;SCSI_ProcessCmd
<LI><a href="#[d1]">&gt;&gt;</a>&nbsp;&nbsp;&nbsp;MSC_BOT_SendCSW
</UL>
<BR>[Called By]<UL><LI><a href="#[50]">&gt;&gt;</a>&nbsp;&nbsp;&nbsp;USBD_MSC_DataIn
</UL>

<P><STRONG><a name="[d4]"></a>MSC_BOT_DataOut</STRONG> (Thumb, 58 bytes, Stack size 8 bytes, usbd_msc_bot.o(i.MSC_BOT_DataOut))
<BR><BR>[Stack]<UL><LI>Max Depth = 176<LI>Call Chain = MSC_BOT_DataOut &rArr; MSC_BOT_CBW_Decode &rArr; SCSI_ProcessCmd &rArr; SCSI_Write10 &rArr; SCSI_ProcessWrite &rArr; MSC_BOT_SendCSW &rArr; USBD_LL_Transmit &rArr; HAL_PCD_EP_Transmit &rArr; USB_EPStartXfer &rArr; USB_WritePMA
</UL>
<BR>[Calls]<UL><LI><a href="#[cf]">&gt;&gt;</a>&nbsp;&nbsp;&nbsp;SCSI_ProcessCmd
<LI><a href="#[d1]">&gt;&gt;</a>&nbsp;&nbsp;&nbsp;MSC_BOT_SendCSW
<LI><a href="#[cc]">&gt;&gt;</a>&nbsp;&nbsp;&nbsp;MSC_BOT_CBW_Decode
</UL>
<BR>[Called By]<UL><LI><a href="#[51]">&gt;&gt;</a>&nbsp;&nbsp;&nbsp;USBD_MSC_DataOut
</UL>

<P><STRONG><a name="[10f]"></a>MSC_BOT_DeInit</STRONG> (Thumb, 10 bytes, Stack size 0 bytes, usbd_msc_bot.o(i.MSC_BOT_DeInit))
<BR><BR>[Called By]<UL><LI><a href="#[4e]">&gt;&gt;</a>&nbsp;&nbsp;&nbsp;USBD_MSC_DeInit
</UL>

<P><STRONG><a name="[d5]"></a>MSC_BOT_Init</STRONG> (Thumb, 66 bytes, Stack size 16 bytes, usbd_msc_bot.o(i.MSC_BOT_Init))
<BR><BR>[Stack]<UL><LI>Max Depth = 72<LI>Call Chain = MSC_BOT_Init &rArr; USBD_LL_PrepareReceive &rArr; HAL_PCD_EP_Receive &rArr; USB_EPStartXfer &rArr; USB_WritePMA
</UL>
<BR>[Calls]<UL><LI><a href="#[cb]">&gt;&gt;</a>&nbsp;&nbsp;&nbsp;USBD_LL_PrepareReceive
<LI><a href="#[d6]">&gt;&gt;</a>&nbsp;&nbsp;&nbsp;USBD_LL_FlushEP
</UL>
<BR>[Called By]<UL><LI><a href="#[4d]">&gt;&gt;</a>&nbsp;&nbsp;&nbsp;USBD_MSC_Init
</UL>

<P><STRONG><a name="[d7]"></a>MSC_BOT_Reset</STRONG> (Thumb, 22 bytes, Stack size 0 bytes, usbd_msc_bot.o(i.MSC_BOT_Reset))
<BR><BR>[Stack]<UL><LI>Max Depth = 56<LI>Call Chain = MSC_BOT_Reset &rArr; USBD_LL_PrepareReceive &rArr; HAL_PCD_EP_Receive &rArr; USB_EPStartXfer &rArr; USB_WritePMA
</UL>
<BR>[Calls]<UL><LI><a href="#[cb]">&gt;&gt;</a>&nbsp;&nbsp;&nbsp;USBD_LL_PrepareReceive
</UL>
<BR>[Called By]<UL><LI><a href="#[4f]">&gt;&gt;</a>&nbsp;&nbsp;&nbsp;USBD_MSC_Setup
</UL>

<P><STRONG><a name="[d1]"></a>MSC_BOT_SendCSW</STRONG> (Thumb, 54 bytes, Stack size 16 bytes, usbd_msc_bot.o(i.MSC_BOT_SendCSW))
<BR><BR>[Stack]<UL><LI>Max Depth = 72<LI>Call Chain = MSC_BOT_SendCSW &rArr; USBD_LL_Transmit &rArr; HAL_PCD_EP_Transmit &rArr; USB_EPStartXfer &rArr; USB_WritePMA
</UL>
<BR>[Calls]<UL><LI><a href="#[d0]">&gt;&gt;</a>&nbsp;&nbsp;&nbsp;USBD_LL_Transmit
<LI><a href="#[cb]">&gt;&gt;</a>&nbsp;&nbsp;&nbsp;USBD_LL_PrepareReceive
</UL>
<BR>[Called By]<UL><LI><a href="#[e7]">&gt;&gt;</a>&nbsp;&nbsp;&nbsp;SCSI_ProcessWrite
<LI><a href="#[d4]">&gt;&gt;</a>&nbsp;&nbsp;&nbsp;MSC_BOT_DataOut
<LI><a href="#[d3]">&gt;&gt;</a>&nbsp;&nbsp;&nbsp;MSC_BOT_DataIn
<LI><a href="#[d2]">&gt;&gt;</a>&nbsp;&nbsp;&nbsp;MSC_BOT_CplClrFeature
<LI><a href="#[cc]">&gt;&gt;</a>&nbsp;&nbsp;&nbsp;MSC_BOT_CBW_Decode
</UL>

<P><STRONG><a name="[d8]"></a>MX_DMA_Init</STRONG> (Thumb, 40 bytes, Stack size 8 bytes, dma.o(i.MX_DMA_Init))
<BR><BR>[Stack]<UL><LI>Max Depth = 24<LI>Call Chain = MX_DMA_Init &rArr; HAL_NVIC_SetPriority
</UL>
<BR>[Calls]<UL><LI><a href="#[78]">&gt;&gt;</a>&nbsp;&nbsp;&nbsp;HAL_NVIC_SetPriority
<LI><a href="#[9e]">&gt;&gt;</a>&nbsp;&nbsp;&nbsp;HAL_NVIC_EnableIRQ
</UL>
<BR>[Called By]<UL><LI><a href="#[46]">&gt;&gt;</a>&nbsp;&nbsp;&nbsp;main
</UL>

<P><STRONG><a name="[116]"></a>MX_GPIO_Init</STRONG> (Thumb, 54 bytes, Stack size 8 bytes, gpio.o(i.MX_GPIO_Init))
<BR><BR>[Stack]<UL><LI>Max Depth = 8<LI>Call Chain = MX_GPIO_Init
</UL>
<BR>[Called By]<UL><LI><a href="#[46]">&gt;&gt;</a>&nbsp;&nbsp;&nbsp;main
</UL>

<P><STRONG><a name="[d9]"></a>MX_SDIO_SD_Init</STRONG> (Thumb, 52 bytes, Stack size 8 bytes, sdio.o(i.MX_SDIO_SD_Init))
<BR><BR>[Stack]<UL><LI>Max Depth = 240<LI>Call Chain = MX_SDIO_SD_Init &rArr; HAL_SD_WideBusOperation_Config &rArr; SD_WideBus_Enable &rArr; SD_FindSCR &rArr; SD_CmdResp1Error &rArr; SDIO_GetResponse
</UL>
<BR>[Calls]<UL><LI><a href="#[c3]">&gt;&gt;</a>&nbsp;&nbsp;&nbsp;HAL_SD_WideBusOperation_Config
<LI><a href="#[b6]">&gt;&gt;</a>&nbsp;&nbsp;&nbsp;HAL_SD_Init
<LI><a href="#[6c]">&gt;&gt;</a>&nbsp;&nbsp;&nbsp;Error_Handler
</UL>
<BR>[Called By]<UL><LI><a href="#[46]">&gt;&gt;</a>&nbsp;&nbsp;&nbsp;main
</UL>

<P><STRONG><a name="[da]"></a>MX_USB_DEVICE_Init</STRONG> (Thumb, 38 bytes, Stack size 8 bytes, usb_device.o(i.MX_USB_DEVICE_Init))
<BR><BR>[Stack]<UL><LI>Max Depth = 96<LI>Call Chain = MX_USB_DEVICE_Init &rArr; USBD_Init &rArr; USBD_LL_Init &rArr; HAL_PCD_Init &rArr; HAL_PCD_MspInit &rArr; HAL_NVIC_SetPriority
</UL>
<BR>[Calls]<UL><LI><a href="#[de]">&gt;&gt;</a>&nbsp;&nbsp;&nbsp;USBD_Start
<LI><a href="#[dc]">&gt;&gt;</a>&nbsp;&nbsp;&nbsp;USBD_RegisterClass
<LI><a href="#[db]">&gt;&gt;</a>&nbsp;&nbsp;&nbsp;USBD_Init
<LI><a href="#[dd]">&gt;&gt;</a>&nbsp;&nbsp;&nbsp;USBD_MSC_RegisterStorage
</UL>
<BR>[Called By]<UL><LI><a href="#[46]">&gt;&gt;</a>&nbsp;&nbsp;&nbsp;main
</UL>

<P><STRONG><a name="[3]"></a>MemManage_Handler</STRONG> (Thumb, 2 bytes, Stack size 0 bytes, stm32f1xx_it.o(i.MemManage_Handler))
<BR><BR>[Calls]<UL><LI><a href="#[3]">&gt;&gt;</a>&nbsp;&nbsp;&nbsp;MemManage_Handler
</UL>
<BR>[Called By]<UL><LI><a href="#[3]">&gt;&gt;</a>&nbsp;&nbsp;&nbsp;MemManage_Handler
</UL>
<BR>[Address Reference Count : 1]<UL><LI> startup_stm32f103xe.o(RESET)
</UL>
<P><STRONG><a name="[1]"></a>NMI_Handler</STRONG> (Thumb, 2 bytes, Stack size 0 bytes, stm32f1xx_it.o(i.NMI_Handler))
<BR>[Address Reference Count : 1]<UL><LI> startup_stm32f103xe.o(RESET)
</UL>
<P><STRONG><a name="[8]"></a>PendSV_Handler</STRONG> (Thumb, 2 bytes, Stack size 0 bytes, stm32f1xx_it.o(i.PendSV_Handler))
<BR>[Address Reference Count : 1]<UL><LI> startup_stm32f103xe.o(RESET)
</UL>
<P><STRONG><a name="[cf]"></a>SCSI_ProcessCmd</STRONG> (Thumb, 448 bytes, Stack size 24 bytes, usbd_msc_scsi.o(i.SCSI_ProcessCmd))
<BR><BR>[Stack]<UL><LI>Max Depth = 152<LI>Call Chain = SCSI_ProcessCmd &rArr; SCSI_Write10 &rArr; SCSI_ProcessWrite &rArr; MSC_BOT_SendCSW &rArr; USBD_LL_Transmit &rArr; HAL_PCD_EP_Transmit &rArr; USB_EPStartXfer &rArr; USB_WritePMA
</UL>
<BR>[Calls]<UL><LI><a href="#[e5]">&gt;&gt;</a>&nbsp;&nbsp;&nbsp;SCSI_Write10
<LI><a href="#[e2]">&gt;&gt;</a>&nbsp;&nbsp;&nbsp;SCSI_ReadFormatCapacity
<LI><a href="#[e3]">&gt;&gt;</a>&nbsp;&nbsp;&nbsp;SCSI_ReadCapacity10
<LI><a href="#[e4]">&gt;&gt;</a>&nbsp;&nbsp;&nbsp;SCSI_Read10
<LI><a href="#[e1]">&gt;&gt;</a>&nbsp;&nbsp;&nbsp;SCSI_CheckAddressRange
<LI><a href="#[ce]">&gt;&gt;</a>&nbsp;&nbsp;&nbsp;SCSI_SenseCode
</UL>
<BR>[Called By]<UL><LI><a href="#[d4]">&gt;&gt;</a>&nbsp;&nbsp;&nbsp;MSC_BOT_DataOut
<LI><a href="#[d3]">&gt;&gt;</a>&nbsp;&nbsp;&nbsp;MSC_BOT_DataIn
<LI><a href="#[cc]">&gt;&gt;</a>&nbsp;&nbsp;&nbsp;MSC_BOT_CBW_Decode
</UL>

<P><STRONG><a name="[ce]"></a>SCSI_SenseCode</STRONG> (Thumb, 54 bytes, Stack size 0 bytes, usbd_msc_scsi.o(i.SCSI_SenseCode))
<BR><BR>[Called By]<UL><LI><a href="#[e5]">&gt;&gt;</a>&nbsp;&nbsp;&nbsp;SCSI_Write10
<LI><a href="#[e2]">&gt;&gt;</a>&nbsp;&nbsp;&nbsp;SCSI_ReadFormatCapacity
<LI><a href="#[e3]">&gt;&gt;</a>&nbsp;&nbsp;&nbsp;SCSI_ReadCapacity10
<LI><a href="#[e4]">&gt;&gt;</a>&nbsp;&nbsp;&nbsp;SCSI_Read10
<LI><a href="#[e7]">&gt;&gt;</a>&nbsp;&nbsp;&nbsp;SCSI_ProcessWrite
<LI><a href="#[e6]">&gt;&gt;</a>&nbsp;&nbsp;&nbsp;SCSI_ProcessRead
<LI><a href="#[e1]">&gt;&gt;</a>&nbsp;&nbsp;&nbsp;SCSI_CheckAddressRange
<LI><a href="#[cf]">&gt;&gt;</a>&nbsp;&nbsp;&nbsp;SCSI_ProcessCmd
<LI><a href="#[cc]">&gt;&gt;</a>&nbsp;&nbsp;&nbsp;MSC_BOT_CBW_Decode
</UL>

<P><STRONG><a name="[c2]"></a>SDIO_DataConfig</STRONG> (Thumb, 36 bytes, Stack size 0 bytes, stm32f1xx_ll_sdmmc.o(i.SDIO_DataConfig))
<BR><BR>[Called By]<UL><LI><a href="#[c6]">&gt;&gt;</a>&nbsp;&nbsp;&nbsp;HAL_SD_WriteBlocks_DMA
<LI><a href="#[c1]">&gt;&gt;</a>&nbsp;&nbsp;&nbsp;HAL_SD_ReadBlocks_DMA
<LI><a href="#[f2]">&gt;&gt;</a>&nbsp;&nbsp;&nbsp;SD_FindSCR
</UL>

<P><STRONG><a name="[e8]"></a>SDIO_GetCommandResponse</STRONG> (Thumb, 6 bytes, Stack size 0 bytes, stm32f1xx_ll_sdmmc.o(i.SDIO_GetCommandResponse))
<BR><BR>[Called By]<UL><LI><a href="#[ea]">&gt;&gt;</a>&nbsp;&nbsp;&nbsp;SD_CmdResp6Error
<LI><a href="#[be]">&gt;&gt;</a>&nbsp;&nbsp;&nbsp;SD_CmdResp1Error
</UL>

<P><STRONG><a name="[f4]"></a>SDIO_GetPowerState</STRONG> (Thumb, 8 bytes, Stack size 0 bytes, stm32f1xx_ll_sdmmc.o(i.SDIO_GetPowerState))
<BR><BR>[Called By]<UL><LI><a href="#[bb]">&gt;&gt;</a>&nbsp;&nbsp;&nbsp;SD_Initialize_Cards
</UL>

<P><STRONG><a name="[e9]"></a>SDIO_GetResponse</STRONG> (Thumb, 12 bytes, Stack size 8 bytes, stm32f1xx_ll_sdmmc.o(i.SDIO_GetResponse))
<BR><BR>[Stack]<UL><LI>Max Depth = 8<LI>Call Chain = SDIO_GetResponse
</UL>
<BR>[Called By]<UL><LI><a href="#[c4]">&gt;&gt;</a>&nbsp;&nbsp;&nbsp;SD_WideBus_Enable
<LI><a href="#[c5]">&gt;&gt;</a>&nbsp;&nbsp;&nbsp;SD_WideBus_Disable
<LI><a href="#[ba]">&gt;&gt;</a>&nbsp;&nbsp;&nbsp;SD_PowerON
<LI><a href="#[bb]">&gt;&gt;</a>&nbsp;&nbsp;&nbsp;SD_Initialize_Cards
<LI><a href="#[b2]">&gt;&gt;</a>&nbsp;&nbsp;&nbsp;SD_GetState
<LI><a href="#[ea]">&gt;&gt;</a>&nbsp;&nbsp;&nbsp;SD_CmdResp6Error
<LI><a href="#[be]">&gt;&gt;</a>&nbsp;&nbsp;&nbsp;SD_CmdResp1Error
</UL>

<P><STRONG><a name="[3b]"></a>SDIO_IRQHandler</STRONG> (Thumb, 6 bytes, Stack size 0 bytes, stm32f1xx_it.o(i.SDIO_IRQHandler))
<BR><BR>[Stack]<UL><LI>Max Depth = 8<LI>Call Chain = SDIO_IRQHandler &rArr; HAL_SD_IRQHandler
</UL>
<BR>[Calls]<UL><LI><a href="#[b3]">&gt;&gt;</a>&nbsp;&nbsp;&nbsp;HAL_SD_IRQHandler
</UL>
<BR>[Address Reference Count : 1]<UL><LI> startup_stm32f103xe.o(RESET)
</UL>
<P><STRONG><a name="[b9]"></a>SDIO_Init</STRONG> (Thumb, 36 bytes, Stack size 16 bytes, stm32f1xx_ll_sdmmc.o(i.SDIO_Init))
<BR><BR>[Stack]<UL><LI>Max Depth = 16<LI>Call Chain = SDIO_Init
</UL>
<BR>[Called By]<UL><LI><a href="#[c3]">&gt;&gt;</a>&nbsp;&nbsp;&nbsp;HAL_SD_WideBusOperation_Config
<LI><a href="#[b6]">&gt;&gt;</a>&nbsp;&nbsp;&nbsp;HAL_SD_Init
</UL>

<P><STRONG><a name="[f6]"></a>SDIO_PowerState_ON</STRONG> (Thumb, 8 bytes, Stack size 0 bytes, stm32f1xx_ll_sdmmc.o(i.SDIO_PowerState_ON))
<BR><BR>[Called By]<UL><LI><a href="#[ba]">&gt;&gt;</a>&nbsp;&nbsp;&nbsp;SD_PowerON
</UL>

<P><STRONG><a name="[f3]"></a>SDIO_ReadFIFO</STRONG> (Thumb, 6 bytes, Stack size 0 bytes, stm32f1xx_ll_sdmmc.o(i.SDIO_ReadFIFO))
<BR><BR>[Called By]<UL><LI><a href="#[f2]">&gt;&gt;</a>&nbsp;&nbsp;&nbsp;SD_FindSCR
</UL>

<P><STRONG><a name="[bd]"></a>SDIO_SendCommand</STRONG> (Thumb, 32 bytes, Stack size 0 bytes, stm32f1xx_ll_sdmmc.o(i.SDIO_SendCommand))
<BR><BR>[Called By]<UL><LI><a href="#[b6]">&gt;&gt;</a>&nbsp;&nbsp;&nbsp;HAL_SD_Init
<LI><a href="#[c6]">&gt;&gt;</a>&nbsp;&nbsp;&nbsp;HAL_SD_WriteBlocks_DMA
<LI><a href="#[c1]">&gt;&gt;</a>&nbsp;&nbsp;&nbsp;HAL_SD_ReadBlocks_DMA
<LI><a href="#[af]">&gt;&gt;</a>&nbsp;&nbsp;&nbsp;HAL_SD_StopTransfer
<LI><a href="#[c4]">&gt;&gt;</a>&nbsp;&nbsp;&nbsp;SD_WideBus_Enable
<LI><a href="#[c5]">&gt;&gt;</a>&nbsp;&nbsp;&nbsp;SD_WideBus_Disable
<LI><a href="#[ba]">&gt;&gt;</a>&nbsp;&nbsp;&nbsp;SD_PowerON
<LI><a href="#[bb]">&gt;&gt;</a>&nbsp;&nbsp;&nbsp;SD_Initialize_Cards
<LI><a href="#[b2]">&gt;&gt;</a>&nbsp;&nbsp;&nbsp;SD_GetState
<LI><a href="#[f2]">&gt;&gt;</a>&nbsp;&nbsp;&nbsp;SD_FindSCR
</UL>

<P><STRONG><a name="[eb]"></a>SD_DMAConfigRx</STRONG> (Thumb, 84 bytes, Stack size 8 bytes, sdio.o(i.SD_DMAConfigRx))
<BR><BR>[Stack]<UL><LI>Max Depth = 44<LI>Call Chain = SD_DMAConfigRx &rArr; HAL_DMA_DeInit
</UL>
<BR>[Calls]<UL><LI><a href="#[78]">&gt;&gt;</a>&nbsp;&nbsp;&nbsp;HAL_NVIC_SetPriority
<LI><a href="#[9e]">&gt;&gt;</a>&nbsp;&nbsp;&nbsp;HAL_NVIC_EnableIRQ
<LI><a href="#[c0]">&gt;&gt;</a>&nbsp;&nbsp;&nbsp;HAL_DMA_Init
<LI><a href="#[ec]">&gt;&gt;</a>&nbsp;&nbsp;&nbsp;HAL_DMA_DeInit
<LI><a href="#[6d]">&gt;&gt;</a>&nbsp;&nbsp;&nbsp;HAL_DMA_Abort
</UL>
<BR>[Called By]<UL><LI><a href="#[5a]">&gt;&gt;</a>&nbsp;&nbsp;&nbsp;STORAGE_Read_FS
</UL>

<P><STRONG><a name="[ed]"></a>SD_DMAConfigTx</STRONG> (Thumb, 86 bytes, Stack size 8 bytes, sdio.o(i.SD_DMAConfigTx))
<BR><BR>[Stack]<UL><LI>Max Depth = 44<LI>Call Chain = SD_DMAConfigTx &rArr; HAL_DMA_DeInit
</UL>
<BR>[Calls]<UL><LI><a href="#[78]">&gt;&gt;</a>&nbsp;&nbsp;&nbsp;HAL_NVIC_SetPriority
<LI><a href="#[9e]">&gt;&gt;</a>&nbsp;&nbsp;&nbsp;HAL_NVIC_EnableIRQ
<LI><a href="#[c0]">&gt;&gt;</a>&nbsp;&nbsp;&nbsp;HAL_DMA_Init
<LI><a href="#[ec]">&gt;&gt;</a>&nbsp;&nbsp;&nbsp;HAL_DMA_DeInit
<LI><a href="#[6d]">&gt;&gt;</a>&nbsp;&nbsp;&nbsp;HAL_DMA_Abort
</UL>
<BR>[Called By]<UL><LI><a href="#[5b]">&gt;&gt;</a>&nbsp;&nbsp;&nbsp;STORAGE_Write_FS
</UL>

<P><STRONG><a name="[6]"></a>SVC_Handler</STRONG> (Thumb, 2 bytes, Stack size 0 bytes, stm32f1xx_it.o(i.SVC_Handler))
<BR>[Address Reference Count : 1]<UL><LI> startup_stm32f103xe.o(RESET)
</UL>
<P><STRONG><a name="[9]"></a>SysTick_Handler</STRONG> (Thumb, 14 bytes, Stack size 8 bytes, stm32f1xx_it.o(i.SysTick_Handler))
<BR><BR>[Stack]<UL><LI>Max Depth = 16<LI>Call Chain = SysTick_Handler &rArr; HAL_SYSTICK_IRQHandler
</UL>
<BR>[Calls]<UL><LI><a href="#[c7]">&gt;&gt;</a>&nbsp;&nbsp;&nbsp;HAL_SYSTICK_IRQHandler
<LI><a href="#[f8]">&gt;&gt;</a>&nbsp;&nbsp;&nbsp;HAL_IncTick
</UL>
<BR>[Address Reference Count : 1]<UL><LI> startup_stm32f103xe.o(RESET)
</UL>
<P><STRONG><a name="[f9]"></a>SystemClock_Config</STRONG> (Thumb, 120 bytes, Stack size 96 bytes, main.o(i.SystemClock_Config))
<BR><BR>[Stack]<UL><LI>Max Depth = 156<LI>Call Chain = SystemClock_Config &rArr; HAL_RCC_ClockConfig &rArr; HAL_RCC_GetSysClockFreq
</UL>
<BR>[Calls]<UL><LI><a href="#[78]">&gt;&gt;</a>&nbsp;&nbsp;&nbsp;HAL_NVIC_SetPriority
<LI><a href="#[77]">&gt;&gt;</a>&nbsp;&nbsp;&nbsp;HAL_SYSTICK_Config
<LI><a href="#[fa]">&gt;&gt;</a>&nbsp;&nbsp;&nbsp;HAL_SYSTICK_CLKSourceConfig
<LI><a href="#[ad]">&gt;&gt;</a>&nbsp;&nbsp;&nbsp;HAL_RCC_OscConfig
<LI><a href="#[76]">&gt;&gt;</a>&nbsp;&nbsp;&nbsp;HAL_RCC_GetHCLKFreq
<LI><a href="#[ab]">&gt;&gt;</a>&nbsp;&nbsp;&nbsp;HAL_RCC_ClockConfig
<LI><a href="#[aa]">&gt;&gt;</a>&nbsp;&nbsp;&nbsp;HAL_RCCEx_PeriphCLKConfig
</UL>
<BR>[Called By]<UL><LI><a href="#[46]">&gt;&gt;</a>&nbsp;&nbsp;&nbsp;main
</UL>

<P><STRONG><a name="[47]"></a>SystemInit</STRONG> (Thumb, 56 bytes, Stack size 0 bytes, system_stm32f1xx.o(i.SystemInit))
<BR>[Address Reference Count : 1]<UL><LI> startup_stm32f103xe.o(.text)
</UL>
<P><STRONG><a name="[113]"></a>USBD_ClrClassConfig</STRONG> (Thumb, 14 bytes, Stack size 8 bytes, usbd_core.o(i.USBD_ClrClassConfig))
<BR><BR>[Stack]<UL><LI>Max Depth = 8<LI>Call Chain = USBD_ClrClassConfig
</UL>
<BR>[Called By]<UL><LI><a href="#[112]">&gt;&gt;</a>&nbsp;&nbsp;&nbsp;USBD_SetConfig
</UL>

<P><STRONG><a name="[fb]"></a>USBD_CtlContinueRx</STRONG> (Thumb, 16 bytes, Stack size 8 bytes, usbd_ioreq.o(i.USBD_CtlContinueRx))
<BR><BR>[Stack]<UL><LI>Max Depth = 64<LI>Call Chain = USBD_CtlContinueRx &rArr; USBD_LL_PrepareReceive &rArr; HAL_PCD_EP_Receive &rArr; USB_EPStartXfer &rArr; USB_WritePMA
</UL>
<BR>[Calls]<UL><LI><a href="#[cb]">&gt;&gt;</a>&nbsp;&nbsp;&nbsp;USBD_LL_PrepareReceive
</UL>
<BR>[Called By]<UL><LI><a href="#[7f]">&gt;&gt;</a>&nbsp;&nbsp;&nbsp;USBD_LL_DataOutStage
</UL>

<P><STRONG><a name="[fc]"></a>USBD_CtlContinueSendData</STRONG> (Thumb, 16 bytes, Stack size 8 bytes, usbd_ioreq.o(i.USBD_CtlContinueSendData))
<BR><BR>[Stack]<UL><LI>Max Depth = 64<LI>Call Chain = USBD_CtlContinueSendData &rArr; USBD_LL_Transmit &rArr; HAL_PCD_EP_Transmit &rArr; USB_EPStartXfer &rArr; USB_WritePMA
</UL>
<BR>[Calls]<UL><LI><a href="#[d0]">&gt;&gt;</a>&nbsp;&nbsp;&nbsp;USBD_LL_Transmit
</UL>
<BR>[Called By]<UL><LI><a href="#[7d]">&gt;&gt;</a>&nbsp;&nbsp;&nbsp;USBD_LL_DataInStage
</UL>

<P><STRONG><a name="[fd]"></a>USBD_CtlError</STRONG> (Thumb, 22 bytes, Stack size 8 bytes, usbd_ctlreq.o(i.USBD_CtlError))
<BR><BR>[Stack]<UL><LI>Max Depth = 40<LI>Call Chain = USBD_CtlError &rArr; USBD_LL_StallEP &rArr; HAL_PCD_EP_SetStall &rArr; USB_EPSetStall
</UL>
<BR>[Calls]<UL><LI><a href="#[ca]">&gt;&gt;</a>&nbsp;&nbsp;&nbsp;USBD_LL_StallEP
</UL>
<BR>[Called By]<UL><LI><a href="#[10c]">&gt;&gt;</a>&nbsp;&nbsp;&nbsp;USBD_StdItfReq
<LI><a href="#[10d]">&gt;&gt;</a>&nbsp;&nbsp;&nbsp;USBD_StdEPReq
<LI><a href="#[10b]">&gt;&gt;</a>&nbsp;&nbsp;&nbsp;USBD_StdDevReq
<LI><a href="#[112]">&gt;&gt;</a>&nbsp;&nbsp;&nbsp;USBD_SetConfig
<LI><a href="#[102]">&gt;&gt;</a>&nbsp;&nbsp;&nbsp;USBD_GetDescriptor
<LI><a href="#[4f]">&gt;&gt;</a>&nbsp;&nbsp;&nbsp;USBD_MSC_Setup
</UL>

<P><STRONG><a name="[fe]"></a>USBD_CtlReceiveStatus</STRONG> (Thumb, 22 bytes, Stack size 8 bytes, usbd_ioreq.o(i.USBD_CtlReceiveStatus))
<BR><BR>[Stack]<UL><LI>Max Depth = 64<LI>Call Chain = USBD_CtlReceiveStatus &rArr; USBD_LL_PrepareReceive &rArr; HAL_PCD_EP_Receive &rArr; USB_EPStartXfer &rArr; USB_WritePMA
</UL>
[...]

<P><STRONG><a name="[46]"></a>main</STRONG> (Thumb, 26 bytes, Stack size 0 bytes, main.o(i.main))
<BR><BR>[Stack]<UL><LI>Max Depth = 240<LI>Call Chain = main &rArr; MX_SDIO_SD_Init &rArr; HAL_SD_WideBusOperation_Config &rArr; SD_WideBus_Enable &rArr; SD_FindSCR &rArr; SD_CmdResp1Error &rArr; SDIO_GetResponse
</UL>
<BR>[Calls]<UL><LI><a href="#[d9]">&gt;&gt;</a>&nbsp;&nbsp;&nbsp;MX_SDIO_SD_Init
<LI><a href="#[d8]">&gt;&gt;</a>&nbsp;&nbsp;&nbsp;MX_DMA_Init
<LI><a href="#[72]">&gt;&gt;</a>&nbsp;&nbsp;&nbsp;HAL_Init
<LI><a href="#[f9]">&gt;&gt;</a>&nbsp;&nbsp;&nbsp;SystemClock_Config
<LI><a href="#[da]">&gt;&gt;</a>&nbsp;&nbsp;&nbsp;MX_USB_DEVICE_Init
<LI><a href="#[116]">&gt;&gt;</a>&nbsp;&nbsp;&nbsp;MX_GPIO_Init
</UL>
<BR>[Address Reference Count : 1]<UL><LI> entry9a.o(.ARM.Collect$$$$0000000B)
</UL><P>
<H3>
Local Symbols
</H3>
<P><STRONG><a name="[c9]"></a>MSC_BOT_Abort</STRONG> (Thumb, 66 bytes, Stack size 16 bytes, usbd_msc_bot.o(i.MSC_BOT_Abort))
<BR><BR>[Stack]<UL><LI>Max Depth = 72<LI>Call Chain = MSC_BOT_Abort &rArr; USBD_LL_PrepareReceive &rArr; HAL_PCD_EP_Receive &rArr; USB_EPStartXfer &rArr; USB_WritePMA
</UL>
<BR>[Calls]<UL><LI><a href="#[ca]">&gt;&gt;</a>&nbsp;&nbsp;&nbsp;USBD_LL_StallEP
<LI><a href="#[cb]">&gt;&gt;</a>&nbsp;&nbsp;&nbsp;USBD_LL_PrepareReceive
</UL>
<BR>[Called By]<UL><LI><a href="#[cc]">&gt;&gt;</a>&nbsp;&nbsp;&nbsp;MSC_BOT_CBW_Decode
</UL>

<P><STRONG><a name="[cc]"></a>MSC_BOT_CBW_Decode</STRONG> (Thumb, 198 bytes, Stack size 16 bytes, usbd_msc_bot.o(i.MSC_BOT_CBW_Decode))
<BR><BR>[Stack]<UL><LI>Max Depth = 168<LI>Call Chain = MSC_BOT_CBW_Decode &rArr; SCSI_ProcessCmd &rArr; SCSI_Write10 &rArr; SCSI_ProcessWrite &rArr; MSC_BOT_SendCSW &rArr; USBD_LL_Transmit &rArr; HAL_PCD_EP_Transmit &rArr; USB_EPStartXfer &rArr; USB_WritePMA
</UL>
<BR>[Calls]<UL><LI><a href="#[d0]">&gt;&gt;</a>&nbsp;&nbsp;&nbsp;USBD_LL_Transmit
<LI><a href="#[cd]">&gt;&gt;</a>&nbsp;&nbsp;&nbsp;USBD_LL_GetRxDataSize
<LI><a href="#[ce]">&gt;&gt;</a>&nbsp;&nbsp;&nbsp;SCSI_SenseCode
<LI><a href="#[cf]">&gt;&gt;</a>&nbsp;&nbsp;&nbsp;SCSI_ProcessCmd
<LI><a href="#[d1]">&gt;&gt;</a>&nbsp;&nbsp;&nbsp;MSC_BOT_SendCSW
<LI><a href="#[c9]">&gt;&gt;</a>&nbsp;&nbsp;&nbsp;MSC_BOT_Abort
</UL>
<BR>[Called By]<UL><LI><a href="#[d4]">&gt;&gt;</a>&nbsp;&nbsp;&nbsp;MSC_BOT_DataOut
</UL>

<P><STRONG><a name="[e1]"></a>SCSI_CheckAddressRange</STRONG> (Thumb, 34 bytes, Stack size 8 bytes, usbd_msc_scsi.o(i.SCSI_CheckAddressRange))
<BR><BR>[Stack]<UL><LI>Max Depth = 8<LI>Call Chain = SCSI_CheckAddressRange
</UL>
<BR>[Calls]<UL><LI><a href="#[ce]">&gt;&gt;</a>&nbsp;&nbsp;&nbsp;SCSI_SenseCode
</UL>
<BR>[Called By]<UL><LI><a href="#[e5]">&gt;&gt;</a>&nbsp;&nbsp;&nbsp;SCSI_Write10
<LI><a href="#[e4]">&gt;&gt;</a>&nbsp;&nbsp;&nbsp;SCSI_Read10
<LI><a href="#[cf]">&gt;&gt;</a>&nbsp;&nbsp;&nbsp;SCSI_ProcessCmd
</UL>

<P><STRONG><a name="[e6]"></a>SCSI_ProcessRead</STRONG> (Thumb, 140 bytes, Stack size 24 bytes, usbd_msc_scsi.o(i.SCSI_ProcessRead))
<BR><BR>[Stack]<UL><LI>Max Depth = 80<LI>Call Chain = SCSI_ProcessRead &rArr; USBD_LL_Transmit &rArr; HAL_PCD_EP_Transmit &rArr; USB_EPStartXfer &rArr; USB_WritePMA
</UL>
<BR>[Calls]<UL><LI><a href="#[d0]">&gt;&gt;</a>&nbsp;&nbsp;&nbsp;USBD_LL_Transmit
<LI><a href="#[ce]">&gt;&gt;</a>&nbsp;&nbsp;&nbsp;SCSI_SenseCode
</UL>
<BR>[Called By]<UL><LI><a href="#[e4]">&gt;&gt;</a>&nbsp;&nbsp;&nbsp;SCSI_Read10
</UL>

<P><STRONG><a name="[e7]"></a>SCSI_ProcessWrite</STRONG> (Thumb, 152 bytes, Stack size 32 bytes, usbd_msc_scsi.o(i.SCSI_ProcessWrite))
<BR><BR>[Stack]<UL><LI>Max Depth = 104<LI>Call Chain = SCSI_ProcessWrite &rArr; MSC_BOT_SendCSW &rArr; USBD_LL_Transmit &rArr; HAL_PCD_EP_Transmit &rArr; USB_EPStartXfer &rArr; USB_WritePMA
</UL>
<BR>[Calls]<UL><LI><a href="#[cb]">&gt;&gt;</a>&nbsp;&nbsp;&nbsp;USBD_LL_PrepareReceive
<LI><a href="#[ce]">&gt;&gt;</a>&nbsp;&nbsp;&nbsp;SCSI_SenseCode
<LI><a href="#[d1]">&gt;&gt;</a>&nbsp;&nbsp;&nbsp;MSC_BOT_SendCSW
</UL>
<BR>[Called By]<UL><LI><a href="#[e5]">&gt;&gt;</a>&nbsp;&nbsp;&nbsp;SCSI_Write10
</UL>

<P><STRONG><a name="[e4]"></a>SCSI_Read10</STRONG> (Thumb, 170 bytes, Stack size 24 bytes, usbd_msc_scsi.o(i.SCSI_Read10))
<BR><BR>[Stack]<UL><LI>Max Depth = 104<LI>Call Chain = SCSI_Read10 &rArr; SCSI_ProcessRead &rArr; USBD_LL_Transmit &rArr; HAL_PCD_EP_Transmit &rArr; USB_EPStartXfer &rArr; USB_WritePMA
</UL>
<BR>[Calls]<UL><LI><a href="#[e6]">&gt;&gt;</a>&nbsp;&nbsp;&nbsp;SCSI_ProcessRead
<LI><a href="#[e1]">&gt;&gt;</a>&nbsp;&nbsp;&nbsp;SCSI_CheckAddressRange
<LI><a href="#[ce]">&gt;&gt;</a>&nbsp;&nbsp;&nbsp;SCSI_SenseCode
</UL>
<BR>[Called By]<UL><LI><a href="#[cf]">&gt;&gt;</a>&nbsp;&nbsp;&nbsp;SCSI_ProcessCmd
</UL>

<P><STRONG><a name="[e3]"></a>SCSI_ReadCapacity10</STRONG> (Thumb, 86 bytes, Stack size 16 bytes, usbd_msc_scsi.o(i.SCSI_ReadCapacity10))
<BR><BR>[Stack]<UL><LI>Max Depth = 16<LI>Call Chain = SCSI_ReadCapacity10
</UL>
<BR>[Calls]<UL><LI><a href="#[ce]">&gt;&gt;</a>&nbsp;&nbsp;&nbsp;SCSI_SenseCode
</UL>
<BR>[Called By]<UL><LI><a href="#[cf]">&gt;&gt;</a>&nbsp;&nbsp;&nbsp;SCSI_ProcessCmd
</UL>

<P><STRONG><a name="[e2]"></a>SCSI_ReadFormatCapacity</STRONG> (Thumb, 110 bytes, Stack size 32 bytes, usbd_msc_scsi.o(i.SCSI_ReadFormatCapacity))
<BR><BR>[Stack]<UL><LI>Max Depth = 32<LI>Call Chain = SCSI_ReadFormatCapacity
</UL>
<BR>[Calls]<UL><LI><a href="#[ce]">&gt;&gt;</a>&nbsp;&nbsp;&nbsp;SCSI_SenseCode
</UL>
<BR>[Called By]<UL><LI><a href="#[cf]">&gt;&gt;</a>&nbsp;&nbsp;&nbsp;SCSI_ProcessCmd
</UL>

<P><STRONG><a name="[e5]"></a>SCSI_Write10</STRONG> (Thumb, 202 bytes, Stack size 24 bytes, usbd_msc_scsi.o(i.SCSI_Write10))
<BR><BR>[Stack]<UL><LI>Max Depth = 128<LI>Call Chain = SCSI_Write10 &rArr; SCSI_ProcessWrite &rArr; MSC_BOT_SendCSW &rArr; USBD_LL_Transmit &rArr; HAL_PCD_EP_Transmit &rArr; USB_EPStartXfer &rArr; USB_WritePMA
</UL>
<BR>[Calls]<UL><LI><a href="#[e7]">&gt;&gt;</a>&nbsp;&nbsp;&nbsp;SCSI_ProcessWrite
<LI><a href="#[e1]">&gt;&gt;</a>&nbsp;&nbsp;&nbsp;SCSI_CheckAddressRange
<LI><a href="#[cb]">&gt;&gt;</a>&nbsp;&nbsp;&nbsp;USBD_LL_PrepareReceive
<LI><a href="#[ce]">&gt;&gt;</a>&nbsp;&nbsp;&nbsp;SCSI_SenseCode
</UL>
<BR>[Called By]<UL><LI><a href="#[cf]">&gt;&gt;</a>&nbsp;&nbsp;&nbsp;SCSI_ProcessCmd
</UL>

<P><STRONG><a name="[102]"></a>USBD_GetDescriptor</STRONG> (Thumb, 224 bytes, Stack size 24 bytes, usbd_ctlreq.o(i.USBD_GetDescriptor))
<BR><BR>[Stack]<UL><LI>Max Depth = 88<LI>Call Chain = USBD_GetDescriptor &rArr; USBD_CtlSendData &rArr; USBD_LL_Transmit &rArr; HAL_PCD_EP_Transmit &rArr; USB_EPStartXfer &rArr; USB_WritePMA
</UL>
<BR>[Calls]<UL><LI><a href="#[ff]">&gt;&gt;</a>&nbsp;&nbsp;&nbsp;USBD_CtlSendData
<LI><a href="#[fd]">&gt;&gt;</a>&nbsp;&nbsp;&nbsp;USBD_CtlError
</UL>
<BR>[Called By]<UL><LI><a href="#[10b]">&gt;&gt;</a>&nbsp;&nbsp;&nbsp;USBD_StdDevReq
</UL>

<P><STRONG><a name="[112]"></a>USBD_SetConfig</STRONG> (Thumb, 110 bytes, Stack size 16 bytes, usbd_ctlreq.o(i.USBD_SetConfig))
<BR><BR>[Stack]<UL><LI>Max Depth = 80<LI>Call Chain = USBD_SetConfig &rArr; USBD_CtlSendStatus &rArr; USBD_LL_Transmit &rArr; HAL_PCD_EP_Transmit &rArr; USB_EPStartXfer &rArr; USB_WritePMA
</UL>
<BR>[Calls]<UL><LI><a href="#[114]">&gt;&gt;</a>&nbsp;&nbsp;&nbsp;USBD_SetClassConfig
<LI><a href="#[100]">&gt;&gt;</a>&nbsp;&nbsp;&nbsp;USBD_CtlSendStatus
<LI><a href="#[113]">&gt;&gt;</a>&nbsp;&nbsp;&nbsp;USBD_ClrClassConfig
<LI><a href="#[fd]">&gt;&gt;</a>&nbsp;&nbsp;&nbsp;USBD_CtlError
</UL>
<BR>[Called By]<UL><LI><a href="#[10b]">&gt;&gt;</a>&nbsp;&nbsp;&nbsp;USBD_StdDevReq
</UL>

<P><STRONG><a name="[57]"></a>STORAGE_GetCapacity_FS</STRONG> (Thumb, 42 bytes, Stack size 104 bytes, usbd_storage_if.o(i.STORAGE_GetCapacity_FS))
<BR><BR>[Stack]<UL><LI>Max Depth = 136<LI>Call Chain = STORAGE_GetCapacity_FS &rArr; HAL_SD_Get_CardInfo
</UL>
<BR>[Calls]<UL><LI><a href="#[bc]">&gt;&gt;</a>&nbsp;&nbsp;&nbsp;HAL_SD_Get_CardInfo
</UL>
<BR>[Address Reference Count : 1]<UL><LI> usbd_storage_if.o(.data)
</UL>
<P><STRONG><a name="[5c]"></a>STORAGE_GetMaxLun_FS</STRONG> (Thumb, 4 bytes, Stack size 0 bytes, usbd_storage_if.o(i.STORAGE_GetMaxLun_FS))
<BR>[Address Reference Count : 1]<UL><LI> usbd_storage_if.o(.data)
</UL>
<P><STRONG><a name="[56]"></a>STORAGE_Init_FS</STRONG> (Thumb, 14 bytes, Stack size 8 bytes, usbd_storage_if.o(i.STORAGE_Init_FS))
<BR><BR>[Stack]<UL><LI>Max Depth = 176<LI>Call Chain = STORAGE_Init_FS &rArr; HAL_SD_Init &rArr; SD_PowerON &rArr; SD_CmdResp1Error &rArr; SDIO_GetResponse
</UL>
<BR>[Calls]<UL><LI><a href="#[b6]">&gt;&gt;</a>&nbsp;&nbsp;&nbsp;HAL_SD_Init
</UL>
<BR>[Address Reference Count : 1]<UL><LI> usbd_storage_if.o(.data)
</UL>
<P><STRONG><a name="[58]"></a>STORAGE_IsReady_FS</STRONG> (Thumb, 4 bytes, Stack size 0 bytes, usbd_storage_if.o(i.STORAGE_IsReady_FS))
<BR>[Address Reference Count : 1]<UL><LI> usbd_storage_if.o(.data)
</UL>
<P><STRONG><a name="[59]"></a>STORAGE_IsWriteProtected_FS</STRONG> (Thumb, 4 bytes, Stack size 0 bytes, usbd_storage_if.o(i.STORAGE_IsWriteProtected_FS))
<BR>[Address Reference Count : 1]<UL><LI> usbd_storage_if.o(.data)
</UL>
<P><STRONG><a name="[5a]"></a>STORAGE_Read_FS</STRONG> (Thumb, 48 bytes, Stack size 24 bytes, usbd_storage_if.o(i.STORAGE_Read_FS))
<BR><BR>[Stack]<UL><LI>Max Depth = 128<LI>Call Chain = STORAGE_Read_FS &rArr; HAL_SD_ReadBlocks_DMA &rArr; SD_CmdResp1Error &rArr; SDIO_GetResponse
</UL>
<BR>[Calls]<UL><LI><a href="#[eb]">&gt;&gt;</a>&nbsp;&nbsp;&nbsp;SD_DMAConfigRx
<LI><a href="#[c1]">&gt;&gt;</a>&nbsp;&nbsp;&nbsp;HAL_SD_ReadBlocks_DMA
<LI><a href="#[ae]">&gt;&gt;</a>&nbsp;&nbsp;&nbsp;HAL_SD_CheckReadOperation
</UL>
<BR>[Address Reference Count : 1]<UL><LI> usbd_storage_if.o(.data)
</UL>
<P><STRONG><a name="[5b]"></a>STORAGE_Write_FS</STRONG> (Thumb, 58 bytes, Stack size 32 bytes, usbd_storage_if.o(i.STORAGE_Write_FS))
<BR><BR>[Stack]<UL><LI>Max Depth = 136<LI>Call Chain = STORAGE_Write_FS &rArr; HAL_SD_WriteBlocks_DMA &rArr; SD_CmdResp1Error &rArr; SDIO_GetResponse
</UL>
<BR>[Calls]<UL><LI><a href="#[ed]">&gt;&gt;</a>&nbsp;&nbsp;&nbsp;SD_DMAConfigTx
<LI><a href="#[c6]">&gt;&gt;</a>&nbsp;&nbsp;&nbsp;HAL_SD_WriteBlocks_DMA
<LI><a href="#[b0]">&gt;&gt;</a>&nbsp;&nbsp;&nbsp;HAL_SD_CheckWriteOperation
</UL>
<BR>[Address Reference Count : 1]<UL><LI> usbd_storage_if.o(.data)
</UL>
<P><STRONG><a name="[79]"></a>NVIC_SetPriority</STRONG> (Thumb, 32 bytes, Stack size 0 bytes, stm32f1xx_hal_cortex.o(i.NVIC_SetPriority))
<BR><BR>[Called By]<UL><LI><a href="#[78]">&gt;&gt;</a>&nbsp;&nbsp;&nbsp;HAL_NVIC_SetPriority
<LI><a href="#[77]">&gt;&gt;</a>&nbsp;&nbsp;&nbsp;HAL_SYSTICK_Config
</UL>

<P><STRONG><a name="[70]"></a>DMA_SetConfig</STRONG> (Thumb, 30 bytes, Stack size 8 bytes, stm32f1xx_hal_dma.o(i.DMA_SetConfig))
<BR><BR>[Stack]<UL><LI>Max Depth = 8<LI>Call Chain = DMA_SetConfig
</UL>
<BR>[Called By]<UL><LI><a href="#[6f]">&gt;&gt;</a>&nbsp;&nbsp;&nbsp;HAL_DMA_Start_IT
</UL>

<P><STRONG><a name="[be]"></a>SD_CmdResp1Error</STRONG> (Thumb, 232 bytes, Stack size 16 bytes, stm32f1xx_hal_sd.o(i.SD_CmdResp1Error))
<BR><BR>[Stack]<UL><LI>Max Depth = 24<LI>Call Chain = SD_CmdResp1Error &rArr; SDIO_GetResponse
</UL>
<BR>[Calls]<UL><LI><a href="#[e9]">&gt;&gt;</a>&nbsp;&nbsp;&nbsp;SDIO_GetResponse
<LI><a href="#[e8]">&gt;&gt;</a>&nbsp;&nbsp;&nbsp;SDIO_GetCommandResponse
</UL>
<BR>[Called By]<UL><LI><a href="#[b6]">&gt;&gt;</a>&nbsp;&nbsp;&nbsp;HAL_SD_Init
<LI><a href="#[c6]">&gt;&gt;</a>&nbsp;&nbsp;&nbsp;HAL_SD_WriteBlocks_DMA
<LI><a href="#[c1]">&gt;&gt;</a>&nbsp;&nbsp;&nbsp;HAL_SD_ReadBlocks_DMA
<LI><a href="#[af]">&gt;&gt;</a>&nbsp;&nbsp;&nbsp;HAL_SD_StopTransfer
<LI><a href="#[c4]">&gt;&gt;</a>&nbsp;&nbsp;&nbsp;SD_WideBus_Enable
<LI><a href="#[c5]">&gt;&gt;</a>&nbsp;&nbsp;&nbsp;SD_WideBus_Disable
<LI><a href="#[ba]">&gt;&gt;</a>&nbsp;&nbsp;&nbsp;SD_PowerON
<LI><a href="#[b2]">&gt;&gt;</a>&nbsp;&nbsp;&nbsp;SD_GetState
<LI><a href="#[f2]">&gt;&gt;</a>&nbsp;&nbsp;&nbsp;SD_FindSCR
</UL>

<P><STRONG><a name="[f5]"></a>SD_CmdResp2Error</STRONG> (Thumb, 46 bytes, Stack size 0 bytes, stm32f1xx_hal_sd.o(i.SD_CmdResp2Error))
<BR><BR>[Called By]<UL><LI><a href="#[bb]">&gt;&gt;</a>&nbsp;&nbsp;&nbsp;SD_Initialize_Cards
</UL>

<P><STRONG><a name="[ea]"></a>SD_CmdResp6Error</STRONG> (Thumb, 116 bytes, Stack size 24 bytes, stm32f1xx_hal_sd.o(i.SD_CmdResp6Error))
<BR><BR>[Stack]<UL><LI>Max Depth = 32<LI>Call Chain = SD_CmdResp6Error &rArr; SDIO_GetResponse
</UL>
<BR>[Calls]<UL><LI><a href="#[e9]">&gt;&gt;</a>&nbsp;&nbsp;&nbsp;SDIO_GetResponse
<LI><a href="#[e8]">&gt;&gt;</a>&nbsp;&nbsp;&nbsp;SDIO_GetCommandResponse
</UL>
<BR>[Called By]<UL><LI><a href="#[bb]">&gt;&gt;</a>&nbsp;&nbsp;&nbsp;SD_Initialize_Cards
</UL>

<P><STRONG><a name="[f7]"></a>SD_CmdResp7Error</STRONG> (Thumb, 64 bytes, Stack size 0 bytes, stm32f1xx_hal_sd.o(i.SD_CmdResp7Error))
<BR><BR>[Called By]<UL><LI><a href="#[ba]">&gt;&gt;</a>&nbsp;&nbsp;&nbsp;SD_PowerON
</UL>

<P><STRONG><a name="[49]"></a>SD_DMA_RxCplt</STRONG> (Thumb, 22 bytes, Stack size 8 bytes, stm32f1xx_hal_sd.o(i.SD_DMA_RxCplt))
<BR><BR>[Stack]<UL><LI>Max Depth = 8<LI>Call Chain = SD_DMA_RxCplt
</UL>
<BR>[Calls]<UL><LI><a href="#[ee]">&gt;&gt;</a>&nbsp;&nbsp;&nbsp;HAL_SD_DMA_RxCpltCallback
</UL>
<BR>[Address Reference Count : 1]<UL><LI> stm32f1xx_hal_sd.o(i.HAL_SD_ReadBlocks_DMA)
</UL>
<P><STRONG><a name="[4a]"></a>SD_DMA_RxError</STRONG> (Thumb, 12 bytes, Stack size 8 bytes, stm32f1xx_hal_sd.o(i.SD_DMA_RxError))
<BR><BR>[Stack]<UL><LI>Max Depth = 8<LI>Call Chain = SD_DMA_RxError
</UL>
<BR>[Calls]<UL><LI><a href="#[ef]">&gt;&gt;</a>&nbsp;&nbsp;&nbsp;HAL_SD_DMA_RxErrorCallback
</UL>
<BR>[Address Reference Count : 1]<UL><LI> stm32f1xx_hal_sd.o(i.HAL_SD_ReadBlocks_DMA)
</UL>
<P><STRONG><a name="[4b]"></a>SD_DMA_TxCplt</STRONG> (Thumb, 22 bytes, Stack size 8 bytes, stm32f1xx_hal_sd.o(i.SD_DMA_TxCplt))
<BR><BR>[Stack]<UL><LI>Max Depth = 8<LI>Call Chain = SD_DMA_TxCplt
</UL>
<BR>[Calls]<UL><LI><a href="#[f0]">&gt;&gt;</a>&nbsp;&nbsp;&nbsp;HAL_SD_DMA_TxCpltCallback
</UL>
<BR>[Address Reference Count : 1]<UL><LI> stm32f1xx_hal_sd.o(i.HAL_SD_WriteBlocks_DMA)
</UL>
<P><STRONG><a name="[4c]"></a>SD_DMA_TxError</STRONG> (Thumb, 12 bytes, Stack size 8 bytes, stm32f1xx_hal_sd.o(i.SD_DMA_TxError))
<BR><BR>[Stack]<UL><LI>Max Depth = 8<LI>Call Chain = SD_DMA_TxError
</UL>
<BR>[Calls]<UL><LI><a href="#[f1]">&gt;&gt;</a>&nbsp;&nbsp;&nbsp;HAL_SD_DMA_TxErrorCallback
</UL>
<BR>[Address Reference Count : 1]<UL><LI> stm32f1xx_hal_sd.o(i.HAL_SD_WriteBlocks_DMA)
</UL>
<P><STRONG><a name="[f2]"></a>SD_FindSCR</STRONG> (Thumb, 282 bytes, Stack size 104 bytes, stm32f1xx_hal_sd.o(i.SD_FindSCR))
<BR><BR>[Stack]<UL><LI>Max Depth = 128<LI>Call Chain = SD_FindSCR &rArr; SD_CmdResp1Error &rArr; SDIO_GetResponse
</UL>
<BR>[Calls]<UL><LI><a href="#[be]">&gt;&gt;</a>&nbsp;&nbsp;&nbsp;SD_CmdResp1Error
<LI><a href="#[bd]">&gt;&gt;</a>&nbsp;&nbsp;&nbsp;SDIO_SendCommand
<LI><a href="#[f3]">&gt;&gt;</a>&nbsp;&nbsp;&nbsp;SDIO_ReadFIFO
<LI><a href="#[c2]">&gt;&gt;</a>&nbsp;&nbsp;&nbsp;SDIO_DataConfig
<LI><a href="#[b7]">&gt;&gt;</a>&nbsp;&nbsp;&nbsp;__aeabi_memclr4
</UL>
<BR>[Called By]<UL><LI><a href="#[c4]">&gt;&gt;</a>&nbsp;&nbsp;&nbsp;SD_WideBus_Enable
<LI><a href="#[c5]">&gt;&gt;</a>&nbsp;&nbsp;&nbsp;SD_WideBus_Disable
</UL>

<P><STRONG><a name="[b2]"></a>SD_GetState</STRONG> (Thumb, 74 bytes, Stack size 32 bytes, stm32f1xx_hal_sd.o(i.SD_GetState))
<BR><BR>[Stack]<UL><LI>Max Depth = 56<LI>Call Chain = SD_GetState &rArr; SD_CmdResp1Error &rArr; SDIO_GetResponse
</UL>
<BR>[Calls]<UL><LI><a href="#[be]">&gt;&gt;</a>&nbsp;&nbsp;&nbsp;SD_CmdResp1Error
<LI><a href="#[bd]">&gt;&gt;</a>&nbsp;&nbsp;&nbsp;SDIO_SendCommand
<LI><a href="#[e9]">&gt;&gt;</a>&nbsp;&nbsp;&nbsp;SDIO_GetResponse
<LI><a href="#[b7]">&gt;&gt;</a>&nbsp;&nbsp;&nbsp;__aeabi_memclr4
</UL>
<BR>[Called By]<UL><LI><a href="#[b1]">&gt;&gt;</a>&nbsp;&nbsp;&nbsp;HAL_SD_GetStatus
</UL>

<P><STRONG><a name="[bb]"></a>SD_Initialize_Cards</STRONG> (Thumb, 250 bytes, Stack size 40 bytes, stm32f1xx_hal_sd.o(i.SD_Initialize_Cards))
<BR><BR>[Stack]<UL><LI>Max Depth = 72<LI>Call Chain = SD_Initialize_Cards &rArr; SD_CmdResp6Error &rArr; SDIO_GetResponse
</UL>
<BR>[Calls]<UL><LI><a href="#[ea]">&gt;&gt;</a>&nbsp;&nbsp;&nbsp;SD_CmdResp6Error
<LI><a href="#[f5]">&gt;&gt;</a>&nbsp;&nbsp;&nbsp;SD_CmdResp2Error
<LI><a href="#[bd]">&gt;&gt;</a>&nbsp;&nbsp;&nbsp;SDIO_SendCommand
<LI><a href="#[e9]">&gt;&gt;</a>&nbsp;&nbsp;&nbsp;SDIO_GetResponse
<LI><a href="#[f4]">&gt;&gt;</a>&nbsp;&nbsp;&nbsp;SDIO_GetPowerState
<LI><a href="#[b7]">&gt;&gt;</a>&nbsp;&nbsp;&nbsp;__aeabi_memclr4
</UL>
<BR>[Called By]<UL><LI><a href="#[b6]">&gt;&gt;</a>&nbsp;&nbsp;&nbsp;HAL_SD_Init
</UL>

<P><STRONG><a name="[ba]"></a>SD_PowerON</STRONG> (Thumb, 392 bytes, Stack size 64 bytes, stm32f1xx_hal_sd.o(i.SD_PowerON))
<BR><BR>[Stack]<UL><LI>Max Depth = 88<LI>Call Chain = SD_PowerON &rArr; SD_CmdResp1Error &rArr; SDIO_GetResponse
</UL>
<BR>[Calls]<UL><LI><a href="#[71]">&gt;&gt;</a>&nbsp;&nbsp;&nbsp;HAL_Delay
<LI><a href="#[f7]">&gt;&gt;</a>&nbsp;&nbsp;&nbsp;SD_CmdResp7Error
<LI><a href="#[be]">&gt;&gt;</a>&nbsp;&nbsp;&nbsp;SD_CmdResp1Error
<LI><a href="#[bd]">&gt;&gt;</a>&nbsp;&nbsp;&nbsp;SDIO_SendCommand
<LI><a href="#[f6]">&gt;&gt;</a>&nbsp;&nbsp;&nbsp;SDIO_PowerState_ON
<LI><a href="#[e9]">&gt;&gt;</a>&nbsp;&nbsp;&nbsp;SDIO_GetResponse
<LI><a href="#[b7]">&gt;&gt;</a>&nbsp;&nbsp;&nbsp;__aeabi_memclr4
</UL>
<BR>[Called By]<UL><LI><a href="#[b6]">&gt;&gt;</a>&nbsp;&nbsp;&nbsp;HAL_SD_Init
</UL>

<P><STRONG><a name="[c5]"></a>SD_WideBus_Disable</STRONG> (Thumb, 124 bytes, Stack size 48 bytes, stm32f1xx_hal_sd.o(i.SD_WideBus_Disable))
<BR><BR>[Stack]<UL><LI>Max Depth = 176<LI>Call Chain = SD_WideBus_Disable &rArr; SD_FindSCR &rArr; SD_CmdResp1Error &rArr; SDIO_GetResponse
</UL>
<BR>[Calls]<UL><LI><a href="#[f2]">&gt;&gt;</a>&nbsp;&nbsp;&nbsp;SD_FindSCR
<LI><a href="#[be]">&gt;&gt;</a>&nbsp;&nbsp;&nbsp;SD_CmdResp1Error
<LI><a href="#[bd]">&gt;&gt;</a>&nbsp;&nbsp;&nbsp;SDIO_SendCommand
<LI><a href="#[e9]">&gt;&gt;</a>&nbsp;&nbsp;&nbsp;SDIO_GetResponse
<LI><a href="#[b7]">&gt;&gt;</a>&nbsp;&nbsp;&nbsp;__aeabi_memclr4
</UL>
<BR>[Called By]<UL><LI><a href="#[c3]">&gt;&gt;</a>&nbsp;&nbsp;&nbsp;HAL_SD_WideBusOperation_Config
</UL>

<P><STRONG><a name="[c4]"></a>SD_WideBus_Enable</STRONG> (Thumb, 126 bytes, Stack size 48 bytes, stm32f1xx_hal_sd.o(i.SD_WideBus_Enable))
<BR><BR>[Stack]<UL><LI>Max Depth = 176<LI>Call Chain = SD_WideBus_Enable &rArr; SD_FindSCR &rArr; SD_CmdResp1Error &rArr; SDIO_GetResponse
</UL>
<BR>[Calls]<UL><LI><a href="#[f2]">&gt;&gt;</a>&nbsp;&nbsp;&nbsp;SD_FindSCR
<LI><a href="#[be]">&gt;&gt;</a>&nbsp;&nbsp;&nbsp;SD_CmdResp1Error
<LI><a href="#[bd]">&gt;&gt;</a>&nbsp;&nbsp;&nbsp;SDIO_SendCommand
<LI><a href="#[e9]">&gt;&gt;</a>&nbsp;&nbsp;&nbsp;SDIO_GetResponse
<LI><a href="#[b7]">&gt;&gt;</a>&nbsp;&nbsp;&nbsp;__aeabi_memclr4
</UL>
<BR>[Called By]<UL><LI><a href="#[c3]">&gt;&gt;</a>&nbsp;&nbsp;&nbsp;HAL_SD_WideBusOperation_Config
</UL>

<P><STRONG><a name="[91]"></a>PCD_EP_ISR_Handler</STRONG> (Thumb, 866 bytes, Stack size 48 bytes, stm32f1xx_hal_pcd.o(i.PCD_EP_ISR_Handler))
<BR><BR>[Stack]<UL><LI>Max Depth = 176<LI>Call Chain = PCD_EP_ISR_Handler &rArr; HAL_PCD_SetupStageCallback &rArr; USBD_LL_SetupStage &rArr; USBD_StdDevReq &rArr; USBD_GetDescriptor &rArr; USBD_CtlSendData &rArr; USBD_LL_Transmit &rArr; HAL_PCD_EP_Transmit &rArr; USB_EPStartXfer &rArr; USB_WritePMA
</UL>
<BR>[Calls]<UL><LI><a href="#[8e]">&gt;&gt;</a>&nbsp;&nbsp;&nbsp;HAL_PCD_EP_Transmit
<LI><a href="#[89]">&gt;&gt;</a>&nbsp;&nbsp;&nbsp;HAL_PCD_EP_Receive
<LI><a href="#[a4]">&gt;&gt;</a>&nbsp;&nbsp;&nbsp;HAL_PCD_SetupStageCallback
<LI><a href="#[7e]">&gt;&gt;</a>&nbsp;&nbsp;&nbsp;HAL_PCD_DataOutStageCallback
<LI><a href="#[7c]">&gt;&gt;</a>&nbsp;&nbsp;&nbsp;HAL_PCD_DataInStageCallback
<LI><a href="#[e0]">&gt;&gt;</a>&nbsp;&nbsp;&nbsp;USB_WritePMA
<LI><a href="#[df]">&gt;&gt;</a>&nbsp;&nbsp;&nbsp;USB_ReadPMA
</UL>
<BR>[Called By]<UL><LI><a href="#[8f]">&gt;&gt;</a>&nbsp;&nbsp;&nbsp;HAL_PCD_IRQHandler
</UL>
<P>
<H3>
Undefined Global Symbols
</H3><HR></body></html>
