<html>
<body>
<pre>
<h1>µVision Build Log</h1>
<h2>Tool Versions:</h2>
IDE-Version: µVision V5.15
Copyright (C) 2015 ARM Ltd and ARM Germany GmbH. All rights reserved.
License Information: Waveshare Waveshare, Waveshare, LIC=1WSBS-L97G3-KSFYM-XP4G7-GN90Y-10AVV
 
Tool Versions:
Toolchain:       MDK-ARM Professional  Version: 5.15.0
Toolchain Path:  E:\Keil_v5\ARM\ARMCC\Bin
C Compiler:      Armcc.exe V5.05 update 2 (build 169)
Assembler:       Armasm.exe V5.05 update 2 (build 169)
Linker/Locator:  ArmLink.exe V5.05 update 2 (build 169)
Library Manager: ArmAr.exe V5.05 update 2 (build 169)
Hex Converter:   FromElf.exe V5.05 update 2 (build 169)
CPU DLL:         SARMCM3.DLL V5.15.0
Dialog DLL:      DCM.DLL V1.13.2.0
Target DLL:      STLink\ST-LINKIII-KEIL_SWO.dll V2.0.15.0_KEIL
Dialog DLL:      TCM.DLL V1.14.5.0
 
<h2>Project:</h2>
E:\Open103Z-Demo-HAL\22.USB_FS\USB_Device\MSC_Standalone\MDK-ARM\MSC_Standalone.uvprojx
Project File Date:  02/23/2017

<h2>Output:</h2>
*** Using Compiler 'V5.05 update 2 (build 169)', folder: 'E:\Keil_v5\ARM\ARMCC\Bin'
Rebuild target 'MSC_Standalone'
compiling usbd_msc_bot.c...
compiling usbd_msc_scsi.c...
compiling usbd_msc.c...
compiling usbd_ctlreq.c...
compiling usbd_core.c...
compiling usbd_msc_data.c...
compiling usbd_ioreq.c...
compiling system_stm32f1xx.c...
compiling sdio.c...
compiling usbd_conf.c...
compiling usbd_storage_if.c...
compiling stm32f1xx_it.c...
compiling gpio.c...
compiling usbd_desc.c...
compiling usb_device.c...
compiling stm32f1xx_hal_msp.c...
compiling main.c...
compiling dma.c...
compiling stm32f1xx_hal_flash_ex.c...
compiling stm32f1xx_hal_cortex.c...
compiling stm32f1xx_hal.c...
compiling stm32f1xx_ll_sdmmc.c...
compiling stm32f1xx_hal_dma.c...
compiling stm32f1xx_hal_gpio.c...
compiling stm32f1xx_hal_rcc.c...
compiling stm32f1xx_hal_sd.c...
compiling stm32f1xx_hal_pcd_ex.c...
compiling stm32f1xx_hal_rcc_ex.c...
compiling stm32f1xx_ll_usb.c...
compiling stm32f1xx_hal_pwr.c...
compiling stm32f1xx_hal_flash.c...
compiling stm32f1xx_hal_gpio_ex.c...
compiling stm32f1xx_hal_tim_ex.c...
compiling stm32f1xx_hal_tim.c...
compiling stm32f1xx_hal_pcd.c...
assembling startup_stm32f103xe.s...
linking...
Program Size: Code=19162 RO-data=414 RW-data=256 ZI-data=11288  
FromELF: creating hex file...
"MSC_Standalone\MSC_Standalone.axf" - 0 Error(s), 0 Warning(s).

<h2>Software Packages used:</h2>

Package Vendor: ARM
                http://www.keil.com/pack/ARM.CMSIS.4.3.0.pack
                ARM::CMSIS:CORE:4.1.0
                CMSIS (Cortex Microcontroller Software Interface Standard)
   * Component: CORE Version: 4.1.0

<h2>Collection of Component include folders:</h2>
  E:\Open103Z-Demo-HAL\22.USB_FS\USB_Device\MSC_Standalone\MDK-ARM\RTE
  E:\Keil_v5\ARM\PACK\ARM\CMSIS\4.3.0\CMSIS\Include
  E:\Keil_v5\ARM\PACK\Keil\STM32F1xx_DFP\2.1.0\Device\Include

<h2>Collection of Component Files used:</h2>

   * Component: ARM::CMSIS:CORE:4.1.0
</pre>
</body>
</html>
