<html>
<body>
<pre>
<h1>礦ision Build Log</h1>
<h2>Tool Versions:</h2>
IDE-Version: μVision V5.23.0.0
Copyright (C) 2017 ARM Ltd and ARM Germany GmbH. All rights reserved.
License Information: zzk zzk, cccsu, LIC=NQQNN-YEDWP-VEZHA-1HDFN-WVZYP-8R1ZX
 
Tool Versions:
Toolchain:       MDK-ARM Plus  Version: 5.23
Toolchain Path:  D:\Keil_v5\ARM\ARMCC\Bin
C Compiler:      Armcc.exe V5.06 update 4 (build 422)
Assembler:       Armasm.exe V5.06 update 4 (build 422)
Linker/Locator:  ArmLink.exe V5.06 update 4 (build 422)
Library Manager: ArmAr.exe V5.06 update 4 (build 422)
Hex Converter:   FromElf.exe V5.06 update 4 (build 422)
CPU DLL:         SARMCM3.DLL V5.23
Dialog DLL:      DARMSTM.DLL V1.68.0.0
Target DLL:      STLink\ST-LINKIII-KEIL_SWO.dll V2.0.18.0
Dialog DLL:      TARMSTM.DLL V1.66.0.0
 
<h2>Project:</h2>
E:\STM32F103战舰V3资料\STM32F103战舰V3基础例程(HAL库版)\实验49 USB读卡器实验\USER\USB_CARD_READER.uvprojx
Project File Date:  06/05/2017

<h2>Output:</h2>
*** Using Compiler 'V5.06 update 4 (build 422)', folder: 'D:\Keil_v5\ARM\ARMCC\Bin'
Build target 'USB_CARD_READER'
assembling startup_stm32f103xe.s...
compiling stm32f1xx_hal_cortex.c...
compiling stm32f1xx_hal_msp.c...
compiling main.c...
compiling stm32f1xx_hal.c...
compiling stm32f1xx_it.c...
compiling system_stm32f1xx.c...
compiling stm32f1xx_hal_gpio.c...
compiling stm32f1xx_hal_pwr.c...
compiling stm32f1xx_hal_gpio_ex.c...
compiling stm32f1xx_hal_rcc_ex.c...
compiling stm32f1xx_hal_uart.c...
compiling stm32f1xx_hal_rcc.c...
compiling stm32f1xx_hal_usart.c...
compiling stm32f1xx_hal_dma.c...
compiling stm32f1xx_hal_tim.c...
compiling stm32f1xx_hal_sram.c...
compiling stm32f1xx_hal_spi_ex.c...
compiling stm32f1xx_hal_tim_ex.c...
compiling stm32f1xx_ll_fsmc.c...
compiling stm32f1xx_hal_spi.c...
compiling stm32f1xx_hal_sd.c...
compiling stm32f1xx_ll_sdmmc.c...
compiling usart.c...
compiling delay.c...
compiling led.c...
compiling sys.c...
compiling lcd.c...
compiling key.c...
compiling sdio_sdcard.c...
compiling sram.c...
compiling usb_init.c...
compiling spi.c...
compiling w25qxx.c...
compiling usb_int.c...
compiling usb_core.c...
compiling usb_mem.c...
compiling usb_regs.c...
compiling usb_sil.c...
compiling hw_config.c...
compiling mass_mal.c...
compiling memory.c...
compiling scsi_data.c...
compiling usb_bot.c...
compiling usb_endp.c...
compiling usb_prop.c...
compiling usb_desc.c...
compiling usb_istr.c...
compiling usb_scsi.c...
compiling malloc.c...
compiling usb_pwr.c...
linking...
Program Size: Code=33984 RO-data=18812 RW-data=560 ZI-data=1094992  
FromELF: creating hex file...
"..\OBJ\Template.axf" - 0 Error(s), 0 Warning(s).

<h2>Collection of Component include folders:</h2>
  .\RTE\_USB_CARD_READER
  D:\Keil_v5\ARM\PACK\Keil\STM32F1xx_DFP\2.1.0\Device\Include

<h2>Collection of Component Files used:</h2>
Build Time Elapsed:  00:01:34
</pre>
</body>
</html>
