<html>
<body>
<pre>
<h1>礦ision Build Log</h1>
<h2>Tool Versions:</h2>
IDE-Version: μVision V5.20.0.0
Copyright (C) 2016 ARM Ltd and ARM Germany GmbH. All rights reserved.
License Information: zzk zzk, cccsu, LIC=NQQNN-YEDWP-VEZHA-1HDFN-WVZYP-8R1ZX
 
Tool Versions:
Toolchain:       MDK-ARM Plus  Version: 5.20
Toolchain Path:  d:\Keil_v5\ARM\ARMCC\Bin
C Compiler:      Armcc.exe V5.06 update 2 (build 183)
Assembler:       Armasm.exe V5.06 update 2 (build 183)
Linker/Locator:  ArmLink.exe V5.06 update 2 (build 183)
Library Manager: ArmAr.exe V5.06 update 2 (build 183)
Hex Converter:   FromElf.exe V5.06 update 2 (build 183)
CPU DLL:         SARMCM3.DLL V5.20
Dialog DLL:      DARMSTM.DLL V1.66.0.0
Target DLL:      STLink\ST-LINKIII-KEIL_SWO.dll V2.0.18.0
Dialog DLL:      TARMSTM.DLL V1.65.0.0
 
<h2>Project:</h2>
E:\STM32F103战舰V3资料\STM32F103战舰V3基础例程(HAL库版)\实验50 网络通信实验\USER\ETH.uvprojx
Project File Date:  06/05/2017

<h2>Output:</h2>
*** Using Compiler 'V5.06 update 2 (build 183)', folder: 'd:\Keil_v5\ARM\ARMCC\Bin'
Build target 'ETH'
compiling fs.c...
compiling dm9000.c...
compiling tcp_client_demo.c...
compiling tcp_server_demo.c...
compiling lwip_comm.c...
compiling udp_demo.c...
compiling main.c...
compiling autoip.c...
compiling igmp.c...
compiling etharp.c...
compiling icmp.c...
compiling httpd.c...
compiling inet.c...
compiling inet_chksum.c...
compiling ip_addr.c...
compiling ip.c...
compiling def.c...
compiling ip_frag.c...
compiling dns.c...
compiling init.c...
compiling lwip_sys.c...
compiling dhcp.c...
compiling mem.c...
compiling memp.c...
compiling netif.c...
compiling stats.c...
compiling raw.c...
compiling pbuf.c...
compiling tcp.c...
compiling timers.c...
compiling udp.c...
compiling tcp_in.c...
compiling tcp_out.c...
compiling api_lib.c...
compiling api_msg.c...
compiling err.c...
compiling netbuf.c...
compiling netdb.c...
compiling tcpip.c...
compiling netifapi.c...
compiling sockets.c...
compiling ethernetif.c...
compiling httpd_cgi_ssi.c...
compiling sys_arch.c...
linking...
Program Size: Code=82738 RO-data=123138 RW-data=616 ZI-data=1097504  
FromELF: creating hex file...
"..\OBJ\Template.axf" - 0 Error(s), 0 Warning(s).

<h2>Collection of Component include folders:</h2>
  E:\STM32F103战舰V3资料\STM32F103战舰V3基础例程(HAL库版)\实验50 网络通信实验\USER\RTE
  D:\Keil_v5\ARM\PACK\Keil\STM32F1xx_DFP\2.1.0\Device\Include

<h2>Collection of Component Files used:</h2>
Build Time Elapsed:  00:00:23
</pre>
</body>
</html>
