<html>
<body>
<pre>
<h1>µVision Build Log</h1>
<h2>Tool Versions:</h2>
IDE-Version: ¦ÌVision V5.15
Copyright (C) 2015 ARM Ltd and ARM Germany GmbH. All rights reserved.
License Information: Waveshare Waveshare, Waveshare, LIC=1WSBS-L97G3-KSFYM-XP4G7-GN90Y-10AVV
 
Tool Versions:
Toolchain:       MDK-ARM Professional  Version: 5.15.0
Toolchain Path:  E:\Keil_v5\ARM\ARMCC\Bin
C Compiler:      Armcc.exe V5.05 update 2 (build 169)
Assembler:       Armasm.exe V5.05 update 2 (build 169)
Linker/Locator:  ArmLink.exe V5.05 update 2 (build 169)
Library Manager: ArmAr.exe V5.05 update 2 (build 169)
Hex Converter:   FromElf.exe V5.05 update 2 (build 169)
CPU DLL:         SARMCM3.DLL V5.15.0
Dialog DLL:      DCM.DLL V1.13.2.0
Target DLL:      STLink\ST-LINKIII-KEIL_SWO.dll V2.0.15.0_KEIL
Dialog DLL:      TCM.DLL V1.14.5.0
 
<h2>Project:</h2>
E:\Open103Z-Demo-HAL\19.FSMC\FSMC-NandFlash\MDK-ARM\FSMC-NandFlash.uvprojx
Project File Date:  03/14/2017

<h2>Output:</h2>
*** Using Compiler 'V5.05 update 2 (build 169)', folder: 'E:\Keil_v5\ARM\ARMCC\Bin'
Build target 'FSMC-NandFlash'
compiling gpio.c...
compiling stm32f1xx_hal_msp.c...
compiling main.c...
compiling stm32f1xx_it.c...
compiling usart.c...
compiling fsmc.c...
compiling system_stm32f1xx.c...
compiling stm32f1xx_hal_gpio.c...
compiling stm32f1xx_hal_flash.c...
compiling stm32f1xx_hal_dma.c...
compiling stm32f1xx_hal_flash_ex.c...
compiling stm32f1xx_hal_rcc.c...
compiling stm32f1xx_hal_rcc_ex.c...
compiling stm32f1xx_hal_tim_ex.c...
compiling stm32f1xx_hal.c...
compiling stm32f1xx_hal_gpio_ex.c...
compiling stm32f1xx_hal_tim.c...
compiling stm32f1xx_hal_pwr.c...
compiling stm32f1xx_hal_uart.c...
compiling stm32f1xx_hal_cortex.c...
compiling stm32f1xx_ll_fsmc.c...
compiling stm32f1xx_hal_nand.c...
assembling startup_stm32f103xe.s...
compiling stm32_bsp_nand.c...
linking...
Program Size: Code=7780 RO-data=856 RW-data=32 ZI-data=13432  
FromELF: creating hex file...
"FSMC-NandFlash\FSMC-NandFlash.axf" - 0 Error(s), 0 Warning(s).

<h2>Software Packages used:</h2>

Package Vendor: ARM
                http://www.keil.com/pack/ARM.CMSIS.4.3.0.pack
                ARM::CMSIS:CORE:4.1.0
                CMSIS (Cortex Microcontroller Software Interface Standard)
   * Component: CORE Version: 4.1.0

<h2>Collection of Component include folders:</h2>
  E:\Open103Z-Demo-HAL\19.FSMC\FSMC-NandFlash\MDK-ARM\RTE
  E:\Keil_v5\ARM\PACK\ARM\CMSIS\4.3.0\CMSIS\Include
  E:\Keil_v5\ARM\PACK\Keil\STM32F1xx_DFP\2.1.0\Device\Include

<h2>Collection of Component Files used:</h2>

   * Component: ARM::CMSIS:CORE:4.1.0
</pre>
</body>
</html>
