<html>
<body>
<pre>
<h1>礦ision Build Log</h1>
<h2>Tool Versions:</h2>
IDE-Version: μVision V5.20.0.0
Copyright (C) 2016 ARM Ltd and ARM Germany GmbH. All rights reserved.
License Information: zzk zzk, cccsu, LIC=NQQNN-YEDWP-VEZHA-1HDFN-WVZYP-8R1ZX
 
Tool Versions:
Toolchain:       MDK-ARM Plus  Version: 5.20
Toolchain Path:  d:\Keil_v5\ARM\ARMCC\Bin
C Compiler:      Armcc.exe V5.06 update 2 (build 183)
Assembler:       Armasm.exe V5.06 update 2 (build 183)
Linker/Locator:  ArmLink.exe V5.06 update 2 (build 183)
Library Manager: ArmAr.exe V5.06 update 2 (build 183)
Hex Converter:   FromElf.exe V5.06 update 2 (build 183)
CPU DLL:         SARMCM3.DLL V5.20
Dialog DLL:      DARMSTM.DLL V1.66.0.0
Target DLL:      UL2CM3.DLL V1.157.18.0
Dialog DLL:      TARMSTM.DLL V1.65.0.0
 
<h2>Project:</h2>
E:\STM32F103战舰V3资料\STM32F103战舰V3基础例程(HAL库版)\实验52 UCOSII实验1-2-任务创建删除挂起恢复\USER\UCOSII-1-2.uvprojx
Project File Date:  06/05/2017

<h2>Output:</h2>
*** Using Compiler 'V5.06 update 2 (build 183)', folder: 'd:\Keil_v5\ARM\ARMCC\Bin'
Build target 'UCOSII-1-2'
assembling startup_stm32f103xe.s...
compiling stm32f1xx_hal_msp.c...
compiling system_stm32f1xx.c...
compiling stm32f1xx_hal_cortex.c...
compiling main.c...
compiling stm32f1xx_it.c...
compiling stm32f1xx_hal.c...
compiling stm32f1xx_hal_dma.c...
compiling stm32f1xx_hal_gpio.c...
compiling stm32f1xx_hal_pwr.c...
compiling stm32f1xx_hal_rcc.c...
compiling stm32f1xx_hal_uart.c...
compiling stm32f1xx_hal_gpio_ex.c...
compiling stm32f1xx_hal_rcc_ex.c...
compiling stm32f1xx_hal_usart.c...
compiling delay.c...
compiling sys.c...
compiling cpu_c.c...
compiling usart.c...
assembling cpu_a.asm...
compiling cpu_core.c...
compiling lib_ascii.c...
compiling lib_math.c...
compiling lib_str.c...
compiling lib_mem.c...
compiling led.c...
assembling lib_mem_a.asm...
compiling beep.c...
compiling os_core.c...
compiling os_flag.c...
compiling os_mbox.c...
compiling os_mem.c...
compiling key.c...
compiling os_sem.c...
compiling os_mutex.c...
compiling os_q.c...
compiling os_task.c...
compiling os_time.c...
assembling os_cpu_a.asm...
compiling os_tmr.c...
compiling bsp.c...
compiling cpu_bsp.c...
compiling app_hooks.c...
compiling os_cpu_c.c...
linking...
Program Size: Code=11348 RO-data=616 RW-data=104 ZI-data=8328  
FromELF: creating hex file...
"..\OBJ\Template.axf" - 0 Error(s), 0 Warning(s).

<h2>Collection of Component include folders:</h2>
  E:\STM32F103战舰V3资料\STM32F103战舰V3基础例程(HAL库版)\实验52 UCOSII实验1-2-任务创建删除挂起恢复\USER\RTE
  D:\Keil_v5\ARM\PACK\Keil\STM32F1xx_DFP\2.1.0\Device\Include

<h2>Collection of Component Files used:</h2>
Build Time Elapsed:  00:00:46
</pre>
</body>
</html>
